Archive member included to satisfy reference by file (symbol)

Generated_Source\PSoC6\pdl\middleware\ble\lib\cy_ble_stack_gcc_host_ipc_cm4.a(CyBleStackMgrIP_Interface.o)
                              .\CortexM4\ARM_GCC_541\Debug\host_main.o (Cy_BLE_GetStackLibraryVersion)
Generated_Source\PSoC6\pdl\middleware\ble\lib\cy_ble_stack_gcc_host_ipc_cm4.a(BT_os.o)
                              Generated_Source\PSoC6\pdl\middleware\ble\lib\cy_ble_stack_gcc_host_ipc_cm4.a(CyBleStackMgrIP_Interface.o) (cyBleStackMemoryConfig)
Generated_Source\PSoC6\pdl\middleware\ble\lib\cy_ble_stack_gcc_host_ipc_cm4.a(CyBleStackMgr_StackTaskHandler.o)
                              Generated_Source\PSoC6\pdl\middleware\ble\lib\cy_ble_stack_gcc_host_ipc_cm4.a(CyBleStackMgrIP_Interface.o) (CyBle_CreateBleStackTask)
Generated_Source\PSoC6\pdl\middleware\ble\lib\cy_ble_stack_gcc_host_ipc_cm4.a(storage_pl.o)
                              Generated_Source\PSoC6\pdl\middleware\ble\lib\cy_ble_stack_gcc_host_ipc_cm4.a(CyBleStackMgrIP_Interface.o) (storage_manager_init)
Generated_Source\PSoC6\pdl\middleware\ble\lib\cy_ble_stack_gcc_host_ipc_cm4.a(mint_os.o)
                              Generated_Source\PSoC6\pdl\middleware\ble\lib\cy_ble_stack_gcc_host_ipc_cm4.a(CyBleStackMgrIP_Interface.o) (OS_init)
Generated_Source\PSoC6\pdl\middleware\ble\lib\cy_ble_stack_gcc_host_ipc_cm4.a(mint_os_queue.o)
                              Generated_Source\PSoC6\pdl\middleware\ble\lib\cy_ble_stack_gcc_host_ipc_cm4.a(mint_os.o) (OS_TOTAL_QUEUES)
Generated_Source\PSoC6\pdl\middleware\ble\lib\cy_ble_stack_gcc_host_ipc_cm4.a(mint_os_task.o)
                              Generated_Source\PSoC6\pdl\middleware\ble\lib\cy_ble_stack_gcc_host_ipc_cm4.a(mint_os.o) (idle_func_handler)
Generated_Source\PSoC6\pdl\middleware\ble\lib\cy_ble_stack_gcc_host_ipc_cm4.a(mint_buf_mgmt.o)
                              Generated_Source\PSoC6\pdl\middleware\ble\lib\cy_ble_stack_gcc_host_ipc_cm4.a(BT_os.o) (mint_buf_mgmt_allocate_buffer)
Generated_Source\PSoC6\pdl\middleware\ble\lib\cy_ble_stack_gcc_host_ipc_cm4.a(transport_ipc.o)
                              Generated_Source\PSoC6\pdl\middleware\ble\lib\cy_ble_stack_gcc_host_ipc_cm4.a(CyBleStackMgr_StackTaskHandler.o) (CyBleHost_HciIpcFreePktBuffer)
Generated_Source\PSoC6\pdl\middleware\ble\lib\cy_ble_stack_gcc_host_ipc_cm4.a(CyBleStackMgr_PSoCIPCHal.o)
                              Generated_Source\PSoC6\pdl\middleware\ble\lib\cy_ble_stack_gcc_host_ipc_cm4.a(transport_ipc.o) (CyBleHost_IPC_HAL_InitWithStaticMem)
Generated_Source\PSoC6\pdl\middleware\ble\lib\cy_ble_stack_gcc_host_ipc_cm4.a(host_main.o)
                              Generated_Source\PSoC6\pdl\middleware\ble\lib\cy_ble_stack_gcc_host_ipc_cm4.a(CyBleStackMgrIP_Interface.o) (CyBle_HostInit)
Generated_Source\PSoC6\pdl\middleware\ble\lib\cy_ble_stack_gcc_host_ipc_cm4.a(att_api.o)
                              Generated_Source\PSoC6\pdl\middleware\ble\lib\cy_ble_stack_gcc_host_ipc_cm4.a(host_main.o) (BT_att_register)
Generated_Source\PSoC6\pdl\middleware\ble\lib\cy_ble_stack_gcc_host_ipc_cm4.a(att_init.o)
                              Generated_Source\PSoC6\pdl\middleware\ble\lib\cy_ble_stack_gcc_host_ipc_cm4.a(att_api.o) (att_connections)
Generated_Source\PSoC6\pdl\middleware\ble\lib\cy_ble_stack_gcc_host_ipc_cm4.a(att_internal.o)
                              Generated_Source\PSoC6\pdl\middleware\ble\lib\cy_ble_stack_gcc_host_ipc_cm4.a(att_api.o) (att_get_fsm_event)
Generated_Source\PSoC6\pdl\middleware\ble\lib\cy_ble_stack_gcc_host_ipc_cm4.a(BT_common.o)
                              Generated_Source\PSoC6\pdl\middleware\ble\lib\cy_ble_stack_gcc_host_ipc_cm4.a(host_main.o) (BT_bluetooth_off)
Generated_Source\PSoC6\pdl\middleware\ble\lib\cy_ble_stack_gcc_host_ipc_cm4.a(device_queue.o)
                              Generated_Source\PSoC6\pdl\middleware\ble\lib\cy_ble_stack_gcc_host_ipc_cm4.a(host_main.o) (CyBle_DeviceQueueHeapDeInit)
Generated_Source\PSoC6\pdl\middleware\ble\lib\cy_ble_stack_gcc_host_ipc_cm4.a(l2cap.o)
                              Generated_Source\PSoC6\pdl\middleware\ble\lib\cy_ble_stack_gcc_host_ipc_cm4.a(host_main.o) (CyBle_L2capCB)
Generated_Source\PSoC6\pdl\middleware\ble\lib\cy_ble_stack_gcc_host_ipc_cm4.a(l2cap_disconnect.o)
                              Generated_Source\PSoC6\pdl\middleware\ble\lib\cy_ble_stack_gcc_host_ipc_cm4.a(l2cap.o) (l2ca_disconnect_req)
Generated_Source\PSoC6\pdl\middleware\ble\lib\cy_ble_stack_gcc_host_ipc_cm4.a(l2cap_init.o)
                              Generated_Source\PSoC6\pdl\middleware\ble\lib\cy_ble_stack_gcc_host_ipc_cm4.a(l2cap_disconnect.o) (l2cap_fixed_channel)
Generated_Source\PSoC6\pdl\middleware\ble\lib\cy_ble_stack_gcc_host_ipc_cm4.a(l2cap_utils.o)
                              Generated_Source\PSoC6\pdl\middleware\ble\lib\cy_ble_stack_gcc_host_ipc_cm4.a(l2cap_disconnect.o) (l2cap_buffer_dequeue)
Generated_Source\PSoC6\pdl\middleware\ble\lib\cy_ble_stack_gcc_host_ipc_cm4.a(l2cap_lmp.o)
[...]
Memory Configuration

Name             Origin             Length             Attributes
ram              0x08024000         0x00023800         xrw
flash            0x10080000         0x00080000         xr
em_eeprom        0x14000000         0x00008000         xr
sflash_user_data 0x16000800         0x00000800         xr
sflash_nar       0x16001a00         0x00000200         xr
sflash_public_key 0x16005a00         0x00000c00         xr
sflash_toc_2     0x16007c00         0x00000200         xr
sflash_rtoc_2    0x16007e00         0x00000200         xr
xip              0x18000000         0x08000000         xr
efuse            0x90700000         0x00100000         r
*default*        0x00000000         0xffffffff

Linker script and memory map

LOAD c:/program files (x86)/cypress/psoc creator/4.2/psoc creator/import/gnu/arm/5.4.1/bin/../lib/gcc/arm-none-eabi/5.4.1/armv7e-m/softfp/crti.o
LOAD c:/program files (x86)/cypress/psoc creator/4.2/psoc creator/import/gnu/arm/5.4.1/bin/../lib/gcc/arm-none-eabi/5.4.1/armv7e-m/softfp/crtbegin.o
LOAD c:/program files (x86)/cypress/psoc creator/4.2/psoc creator/import/gnu/arm/5.4.1/bin/../lib/gcc/arm-none-eabi/5.4.1/../../../../arm-none-eabi/lib/armv7e-m/softfp/crt0.o
START GROUP
LOAD Generated_Source\PSoC6\pdl\middleware\ble\lib\cy_ble_stack_gcc_host_ipc_cm4.a
LOAD .\CortexM4\ARM_GCC_541\Debug\startup_psoc63_cm4.o
LOAD .\CortexM4\ARM_GCC_541\Debug\main_cm4.o
LOAD .\CortexM4\ARM_GCC_541\Debug\system_psoc63_cm4.o
LOAD .\CortexM4\ARM_GCC_541\Debug\cy_ipc_config.o
LOAD .\CortexM4\ARM_GCC_541\Debug\host_main.o
LOAD .\CortexM4\ARM_GCC_541\Debug\user_interface.o
LOAD .\CortexM4\ARM_GCC_541\Debug\cyfitter_sysint_cfg.o
LOAD .\CortexM4\ARM_GCC_541\Debug\cymetadata.o
LOAD .\CortexM4\ARM_GCC_541\Debug\BLE.o
LOAD .\CortexM4\ARM_GCC_541\Debug\BLE_config.o
LOAD .\CortexM4\ARM_GCC_541\Debug\BLE_dis_config.o
LOAD .\CortexM4\ARM_GCC_541\Debug\cy_sysint.o
LOAD .\CortexM4\ARM_GCC_541\Debug\cy_ipc_drv.o
LOAD .\CortexM4\ARM_GCC_541\Debug\cy_ipc_sema.o
LOAD .\CortexM4\ARM_GCC_541\Debug\cy_ipc_pipe.o
LOAD .\CortexM4\ARM_GCC_541\Debug\cy_sysclk.o
LOAD .\CortexM4\ARM_GCC_541\Debug\cy_wdt.o
LOAD .\CortexM4\ARM_GCC_541\Debug\cy_efuse.o
LOAD .\CortexM4\ARM_GCC_541\Debug\cy_flash.o
LOAD .\CortexM4\ARM_GCC_541\Debug\cy_gpio.o
LOAD .\CortexM4\ARM_GCC_541\Debug\cy_sysanalog.o
LOAD .\CortexM4\ARM_GCC_541\Debug\cy_syspm.o
LOAD .\CortexM4\ARM_GCC_541\Debug\cy_syslib.o
LOAD .\CortexM4\ARM_GCC_541\Debug\cy_syslib_gcc.o
LOAD .\CortexM4\ARM_GCC_541\Debug\cy_trigmux.o
LOAD .\CortexM4\ARM_GCC_541\Debug\cy_systick.o
LOAD .\CortexM4\ARM_GCC_541\Debug\cy_profile.o
LOAD .\CortexM4\ARM_GCC_541\Debug\cy_prot.o
LOAD .\CortexM4\ARM_GCC_541\Debug\cy_lvd.o
LOAD .\CortexM4\ARM_GCC_541\Debug\cy_ble.o
LOAD .\CortexM4\ARM_GCC_541\Debug\cy_ble_hal_int.o
LOAD .\CortexM4\ARM_GCC_541\Debug\cy_ble_hal_pvt.o
LOAD .\CortexM4\ARM_GCC_541\Debug\cy_ble_gap.o
LOAD .\CortexM4\ARM_GCC_541\Debug\cy_ble_gatt.o
LOAD .\CortexM4\ARM_GCC_541\Debug\cy_ble_event_handler.o
LOAD .\CortexM4\ARM_GCC_541\Debug\cy_ble_ancs.o
LOAD .\CortexM4\ARM_GCC_541\Debug\cy_ble_ans.o
LOAD .\CortexM4\ARM_GCC_541\Debug\cy_ble_aios.o
LOAD .\CortexM4\ARM_GCC_541\Debug\cy_ble_bas.o
LOAD .\CortexM4\ARM_GCC_541\Debug\cy_ble_bcs.o
LOAD .\CortexM4\ARM_GCC_541\Debug\cy_ble_bls.o
LOAD .\CortexM4\ARM_GCC_541\Debug\cy_ble_bms.o
LOAD .\CortexM4\ARM_GCC_541\Debug\cy_ble_bts.o
LOAD .\CortexM4\ARM_GCC_541\Debug\cy_ble_cgms.o
LOAD .\CortexM4\ARM_GCC_541\Debug\cy_ble_cps.o
LOAD .\CortexM4\ARM_GCC_541\Debug\cy_ble_cscs.o
LOAD .\CortexM4\ARM_GCC_541\Debug\cy_ble_cts.o
LOAD .\CortexM4\ARM_GCC_541\Debug\cy_ble_custom.o
LOAD .\CortexM4\ARM_GCC_541\Debug\cy_ble_dis.o
LOAD .\CortexM4\ARM_GCC_541\Debug\cy_ble_ess.o
LOAD .\CortexM4\ARM_GCC_541\Debug\cy_ble_gls.o
LOAD .\CortexM4\ARM_GCC_541\Debug\cy_ble_hids.o
LOAD .\CortexM4\ARM_GCC_541\Debug\cy_ble_hps.o
LOAD .\CortexM4\ARM_GCC_541\Debug\cy_ble_hrs.o
LOAD .\CortexM4\ARM_GCC_541\Debug\cy_ble_hts.o
LOAD .\CortexM4\ARM_GCC_541\Debug\cy_ble_ias.o
LOAD .\CortexM4\ARM_GCC_541\Debug\cy_ble_ips.o
LOAD .\CortexM4\ARM_GCC_541\Debug\cy_ble_lls.o
LOAD .\CortexM4\ARM_GCC_541\Debug\cy_ble_lns.o
LOAD .\CortexM4\ARM_GCC_541\Debug\cy_ble_ndcs.o
LOAD .\CortexM4\ARM_GCC_541\Debug\cy_ble_plxs.o
LOAD .\CortexM4\ARM_GCC_541\Debug\cy_ble_pass.o
LOAD .\CortexM4\ARM_GCC_541\Debug\cy_ble_rscs.o
LOAD .\CortexM4\ARM_GCC_541\Debug\cy_ble_rtus.o
LOAD .\CortexM4\ARM_GCC_541\Debug\cy_ble_scps.o
LOAD .\CortexM4\ARM_GCC_541\Debug\cy_ble_tps.o
LOAD .\CortexM4\ARM_GCC_541\Debug\cy_ble_uds.o
LOAD .\CortexM4\ARM_GCC_541\Debug\cy_ble_wpts.o
LOAD .\CortexM4\ARM_GCC_541\Debug\cy_ble_wss.o
LOAD .\CortexM4\ARM_GCC_541\Debug\cy_ble_clk.o
END GROUP
START GROUP
LOAD c:/program files (x86)/cypress/psoc creator/4.2/psoc creator/import/gnu/arm/5.4.1/bin/../lib/gcc/arm-none-eabi/5.4.1/armv7e-m/softfp\libgcc.a
LOAD c:/program files (x86)/cypress/psoc creator/4.2/psoc creator/import/gnu/arm/5.4.1/bin/../lib/gcc/arm-none-eabi/5.4.1/../../../../arm-none-eabi/lib/armv7e-m/softfp\libg_nano.a
LOAD c:/program files (x86)/cypress/psoc creator/4.2/psoc creator/import/gnu/arm/5.4.1/bin/../lib/gcc/arm-none-eabi/5.4.1/../../../../arm-none-eabi/lib/armv7e-m/softfp\libc_nano.a
END GROUP
START GROUP
LOAD c:/program files (x86)/cypress/psoc creator/4.2/psoc creator/import/gnu/arm/5.4.1/bin/../lib/gcc/arm-none-eabi/5.4.1/armv7e-m/softfp\libgcc.a
LOAD c:/program files (x86)/cypress/psoc creator/4.2/psoc creator/import/gnu/arm/5.4.1/bin/../lib/gcc/arm-none-eabi/5.4.1/../../../../arm-none-eabi/lib/armv7e-m/softfp\libc_nano.a
END GROUP
LOAD c:/program files (x86)/cypress/psoc creator/4.2/psoc creator/import/gnu/arm/5.4.1/bin/../lib/gcc/arm-none-eabi/5.4.1/armv7e-m/softfp/crtend.o
LOAD c:/program files (x86)/cypress/psoc creator/4.2/psoc creator/import/gnu/arm/5.4.1/bin/../lib/gcc/arm-none-eabi/5.4.1/armv7e-m/softfp/crtn.o
START GROUP
LOAD c:/program files (x86)/cypress/psoc creator/4.2/psoc creator/import/gnu/arm/5.4.1/bin/../lib/gcc/arm-none-eabi/5.4.1/armv7e-m/softfp\libgcc.a
LOAD c:/program files (x86)/cypress/psoc creator/4.2/psoc creator/import/gnu/arm/5.4.1/bin/../lib/gcc/arm-none-eabi/5.4.1/../../../../arm-none-eabi/lib/armv7e-m/softfp\libc.a
LOAD c:/program files (x86)/cypress/psoc creator/4.2/psoc creator/import/gnu/arm/5.4.1/bin/../lib/gcc/arm-none-eabi/5.4.1/../../../../arm-none-eabi/lib/armv7e-m/softfp\libnosys.a
END GROUP
START GROUP
LOAD c:/program files (x86)/cypress/psoc creator/4.2/psoc creator/import/gnu/arm/5.4.1/bin/../lib/gcc/arm-none-eabi/5.4.1/armv7e-m/softfp\libgcc.a
LOAD c:/program files (x86)/cypress/psoc creator/4.2/psoc creator/import/gnu/arm/5.4.1/bin/../lib/gcc/arm-none-eabi/5.4.1/../../../../arm-none-eabi/lib/armv7e-m/softfp\libc.a
LOAD c:/program files (x86)/cypress/psoc creator/4.2/psoc creator/import/gnu/arm/5.4.1/bin/../lib/gcc/arm-none-eabi/5.4.1/../../../../arm-none-eabi/lib/armv7e-m/softfp\libm.a
LOAD c:/program files (x86)/cypress/psoc creator/4.2/psoc creator/import/gnu/arm/5.4.1/bin/../lib/gcc/arm-none-eabi/5.4.1/../../../../arm-none-eabi/lib/armv7e-m/softfp\libnosys.a
END GROUP

.text           0x10080000     0x2f58
                0x10080000                . = ALIGN (0x4)
                0x10080000                __Vectors = .
 *(.vectors)
 .vectors       0x10080000      0x28c .\CortexM4\ARM_GCC_541\Debug\startup_psoc63_cm4.o
                0x1008028c                . = ALIGN (0x4)
                0x1008028c                __Vectors_End = .
                0x0000028c                __Vectors_Size = (__Vectors_End - __Vectors)
                0x1008028c                __end__ = .
                0x1008028c                . = ALIGN (0x4)
 *(.text*)
 .text          0x1008028c       0x5c c:/program files (x86)/cypress/psoc creator/4.2/psoc creator/import/gnu/arm/5.4.1/bin/../lib/gcc/arm-none-eabi/5.4.1/armv7e-m/softfp/crtbegin.o
 .text          0x100802e8       0x94 .\CortexM4\ARM_GCC_541\Debug\startup_psoc63_cm4.o
                0x100802e8                Cy_OnResetUser
                0x100802ea                Cy_SaveIRQ
                0x100802f2                Cy_RestoreIRQ
                0x100802f8                Reset_Handler
                0x1008035c                tcpwm_1_interrupts_11_IRQHandler
                0x1008035c                cpuss_interrupts_ipc_0_IRQHandler
                0x1008035c                tcpwm_1_interrupts_15_IRQHandler
                0x1008035c                ioss_interrupts_gpio_13_IRQHandler
                0x1008035c                tcpwm_1_interrupts_13_IRQHandler
                0x1008035c                cpuss_interrupts_dw1_8_IRQHandler
                0x1008035c                tcpwm_0_interrupts_0_IRQHandler
                0x1008035c                SysTick_Handler
                0x1008035c                cpuss_interrupt_fm_IRQHandler
                0x1008035c                cpuss_interrupts_ipc_7_IRQHandler
                0x1008035c                tcpwm_1_interrupts_14_IRQHandler
                0x1008035c                cpuss_interrupts_dw0_11_IRQHandler
                0x1008035c                tcpwm_1_interrupts_9_IRQHandler
                0x1008035c                cpuss_interrupts_cm0_cti_1_IRQHandler
                0x1008035c                tcpwm_1_interrupts_22_IRQHandler
                0x1008035c                cpuss_interrupts_dw0_4_IRQHandler
                0x1008035c                PendSV_Handler
                0x1008035c                NMI_Handler
                0x1008035c                cpuss_interrupts_dw1_12_IRQHandler
                0x1008035c                tcpwm_1_interrupts_12_IRQHandler
                0x1008035c                smif_interrupt_IRQHandler
                0x1008035c                tcpwm_1_interrupts_2_IRQHandler
                0x1008035c                cpuss_interrupts_ipc_13_IRQHandler
                0x1008035c                udb_interrupts_11_IRQHandler
                0x1008035c                tcpwm_1_interrupts_18_IRQHandler
                0x1008035c                cpuss_interrupts_ipc_6_IRQHandler
                0x1008035c                tcpwm_0_interrupts_2_IRQHandler
                0x1008035c                cpuss_interrupts_dw0_13_IRQHandler
                0x1008035c                udb_interrupts_2_IRQHandler
                0x1008035c                cpuss_interrupts_dw1_7_IRQHandler
                0x1008035c                ioss_interrupts_gpio_1_IRQHandler
                0x1008035c                ioss_interrupts_gpio_7_IRQHandler
                0x1008035c                scb_5_interrupt_IRQHandler
                0x1008035c                udb_interrupts_6_IRQHandler
                0x1008035c                cpuss_interrupts_fault_1_IRQHandler
                0x1008035c                cpuss_interrupts_ipc_4_IRQHandler
                0x1008035c                cpuss_interrupts_ipc_5_IRQHandler
                0x1008035c                cpuss_interrupts_dw1_10_IRQHandler
                0x1008035c                udb_interrupts_0_IRQHandler
                0x1008035c                tcpwm_1_interrupts_6_IRQHandler
                0x1008035c                scb_4_interrupt_IRQHandler
                0x1008035c                pass_interrupt_dacs_IRQHandler
                0x1008035c                ioss_interrupts_gpio_2_IRQHandler
                0x1008035c                cpuss_interrupts_dw1_9_IRQHandler
                0x1008035c                cpuss_interrupts_dw1_13_IRQHandler
                0x1008035c                scb_2_interrupt_IRQHandler
                0x1008035c                cpuss_interrupts_cm0_cti_0_IRQHandler
                0x1008035c                udb_interrupts_5_IRQHandler
                0x1008035c                srss_interrupt_IRQHandler
                0x1008035c                udb_interrupts_12_IRQHandler
                0x1008035c                scb_0_interrupt_IRQHandler
                0x1008035c                csd_interrupt_IRQHandler
                0x1008035c                udb_interrupts_1_IRQHandler
                0x1008035c                profile_interrupt_IRQHandler
                0x1008035c                tcpwm_1_interrupts_1_IRQHandler
                0x1008035c                cpuss_interrupts_ipc_12_IRQHandler
                0x1008035c                tcpwm_1_interrupts_3_IRQHandler
                0x1008035c                tcpwm_0_interrupts_7_IRQHandler
                0x1008035c                cpuss_interrupts_dw1_1_IRQHandler
                0x1008035c                cpuss_interrupts_dw1_0_IRQHandler
                0x1008035c                cpuss_interrupts_dw0_9_IRQHandler
                0x1008035c                DebugMon_Handler
                0x1008035c                cpuss_interrupts_dw0_5_IRQHandler
                0x1008035c                udb_interrupts_4_IRQHandler
                0x1008035c                tcpwm_1_interrupts_20_IRQHandler
                0x1008035c                ioss_interrupt_gpio_IRQHandler
                0x1008035c                tcpwm_0_interrupts_1_IRQHandler
                0x1008035c                ioss_interrupts_gpio_8_IRQHandler
                0x1008035c                tcpwm_0_interrupts_6_IRQHandler
                0x1008035c                scb_7_interrupt_IRQHandler
                0x1008035c                tcpwm_1_interrupts_7_IRQHandler
                0x1008035c                cpuss_interrupts_ipc_11_IRQHandler
                0x1008035c                udb_interrupts_13_IRQHandler
                0x1008035c                cpuss_interrupts_dw0_15_IRQHandler
                0x1008035c                udb_interrupts_7_IRQHandler
                0x1008035c                cpuss_interrupts_dw1_6_IRQHandler
                0x1008035c                cpuss_interrupt_crypto_IRQHandler
                0x1008035c                scb_1_interrupt_IRQHandler
                0x1008035c                Default_Handler
                0x1008035c                usb_interrupt_hi_IRQHandler
                0x1008035c                tcpwm_1_interrupts_0_IRQHandler
                0x1008035c                udb_interrupts_9_IRQHandler
                0x1008035c                audioss_interrupt_pdm_IRQHandler
                0x1008035c                srss_interrupt_mcwdt_0_IRQHandler
                0x1008035c                scb_3_interrupt_IRQHandler
                0x1008035c                pass_interrupt_ctbs_IRQHandler
                0x1008035c                udb_interrupts_8_IRQHandler
                0x1008035c                ioss_interrupts_gpio_3_IRQHandler
                0x1008035c                scb_6_interrupt_IRQHandler
                0x1008035c                cpuss_interrupts_cm4_cti_0_IRQHandler
                0x1008035c                cpuss_interrupts_dw1_3_IRQHandler
                0x1008035c                pass_interrupt_sar_IRQHandler
                0x1008035c                ioss_interrupts_gpio_0_IRQHandler
                0x1008035c                ioss_interrupts_gpio_14_IRQHandler
                0x1008035c                tcpwm_0_interrupts_4_IRQHandler
                0x1008035c                udb_interrupts_3_IRQHandler
                0x1008035c                tcpwm_0_interrupts_5_IRQHandler
                0x1008035c                cpuss_interrupts_ipc_15_IRQHandler
                0x1008035c                cpuss_interrupts_cm4_cti_1_IRQHandler
                0x1008035c                scb_8_interrupt_IRQHandler
                0x1008035c                srss_interrupt_mcwdt_1_IRQHandler
                0x1008035c                cpuss_interrupts_dw1_2_IRQHandler
                0x1008035c                SVC_Handler
                0x1008035c                cpuss_interrupts_dw1_5_IRQHandler
                0x1008035c                cpuss_interrupts_ipc_1_IRQHandler
                0x1008035c                cpuss_interrupts_dw0_0_IRQHandler
                0x1008035c                ioss_interrupts_gpio_12_IRQHandler
                0x1008035c                cpuss_interrupts_ipc_3_IRQHandler
                0x1008035c                tcpwm_1_interrupts_17_IRQHandler
                0x1008035c                srss_interrupt_backup_IRQHandler
                0x1008035c                bless_interrupt_IRQHandler
                0x1008035c                cpuss_interrupts_ipc_10_IRQHandler
                0x1008035c                cpuss_interrupts_ipc_9_IRQHandler
                0x1008035c                cpuss_interrupts_dw0_14_IRQHandler
                0x1008035c                tcpwm_1_interrupts_4_IRQHandler
                0x1008035c                tcpwm_0_interrupts_3_IRQHandler
                0x1008035c                cpuss_interrupts_dw1_15_IRQHandler
                0x1008035c                ioss_interrupts_gpio_10_IRQHandler
                0x1008035c                udb_interrupts_10_IRQHandler
                0x1008035c                cpuss_interrupts_dw0_8_IRQHandler
                0x1008035c                ioss_interrupts_gpio_11_IRQHandler
                0x1008035c                cpuss_interrupts_ipc_14_IRQHandler
                0x1008035c                ioss_interrupts_gpio_5_IRQHandler
                0x1008035c                ioss_interrupts_gpio_4_IRQHandler
                0x1008035c                tcpwm_1_interrupts_8_IRQHandler
                0x1008035c                cpuss_interrupts_dw1_14_IRQHandler
                0x1008035c                usb_interrupt_med_IRQHandler
                0x1008035c                cpuss_interrupts_dw0_2_IRQHandler
                0x1008035c                tcpwm_1_interrupts_23_IRQHandler
                0x1008035c                tcpwm_1_interrupts_10_IRQHandler
                0x1008035c                cpuss_interrupts_fault_0_IRQHandler
                0x1008035c                cpuss_interrupts_dw0_12_IRQHandler
                0x1008035c                ioss_interrupts_gpio_6_IRQHandler
                0x1008035c                tcpwm_1_interrupts_21_IRQHandler
                0x1008035c                tcpwm_1_interrupts_16_IRQHandler
                0x1008035c                cpuss_interrupts_dw1_4_IRQHandler
                0x1008035c                udb_interrupts_15_IRQHandler
                0x1008035c                cpuss_interrupts_dw1_11_IRQHandler
                0x1008035c                cpuss_interrupts_dw0_6_IRQHandler
                0x1008035c                ioss_interrupt_vdd_IRQHandler
                0x1008035c                cpuss_interrupts_dw0_7_IRQHandler
                0x1008035c                audioss_interrupt_i2s_IRQHandler
                0x1008035c                tcpwm_1_interrupts_5_IRQHandler
                0x1008035c                cpuss_interrupts_ipc_2_IRQHandler
                0x1008035c                cpuss_interrupts_dw0_10_IRQHandler
                0x1008035c                tcpwm_1_interrupts_19_IRQHandler
                0x1008035c                cpuss_interrupts_dw0_1_IRQHandler
                0x1008035c                lpcomp_interrupt_IRQHandler
                0x1008035c                ioss_interrupts_gpio_9_IRQHandler
                0x1008035c                usb_interrupt_lo_IRQHandler
                0x1008035c                cpuss_interrupts_ipc_8_IRQHandler
                0x1008035c                udb_interrupts_14_IRQHandler
                0x1008035c                cpuss_interrupts_dw0_3_IRQHandler
                0x10080360                UsageFault_Handler
                0x10080360                HardFault_Handler
                0x10080360                MemManage_Handler
                0x10080360                BusFault_Handler
 .text.main     0x1008037c       0x20 .\CortexM4\ARM_GCC_541\Debug\main_cm4.o
                0x1008037c                main
 .text.Cy_SystemInit
                0x1008039c        0x4 .\CortexM4\ARM_GCC_541\Debug\system_psoc63_cm4.o
                0x1008039c                Cy_SystemInit
 .text.SystemCoreClockUpdate
                0x100803a0      0x190 .\CortexM4\ARM_GCC_541\Debug\system_psoc63_cm4.o
                0x100803a0                SystemCoreClockUpdate
 .text.SystemInit
                0x10080530       0x48 .\CortexM4\ARM_GCC_541\Debug\system_psoc63_cm4.o
                0x10080530                SystemInit
 .text.Cy_SystemInitFpuEnable
                0x10080578       0x28 .\CortexM4\ARM_GCC_541\Debug\system_psoc63_cm4.o
                0x10080578                Cy_SystemInitFpuEnable
 .text.Cy_IPC_SystemPipeIsr
                0x100805a0        0xc .\CortexM4\ARM_GCC_541\Debug\cy_ipc_config.o
 .text.Cy_IPC_SystemSemaInit
                0x100805ac       0x10 .\CortexM4\ARM_GCC_541\Debug\cy_ipc_config.o
                0x100805ac                Cy_IPC_SystemSemaInit
 .text.Cy_IPC_SystemPipeInit
                0x100805bc       0x24 .\CortexM4\ARM_GCC_541\Debug\cy_ipc_config.o
                0x100805bc                Cy_IPC_SystemPipeInit
 .text.AppCallBack
                0x100805e0      0x104 .\CortexM4\ARM_GCC_541\Debug\host_main.o
                0x100805e0                AppCallBack
 .text.DisUpdateFirmWareRevision
                0x100806e4       0x7c .\CortexM4\ARM_GCC_541\Debug\host_main.o
 .text.LowPowerImplementation
                0x10080760        0xc .\CortexM4\ARM_GCC_541\Debug\host_main.o
                0x10080760                LowPowerImplementation
 .text.HostMain
                0x1008076c       0x58 .\CortexM4\ARM_GCC_541\Debug\host_main.o
                0x1008076c                HostMain
 .text.InitUserInterface
                0x100807c4       0x20 .\CortexM4\ARM_GCC_541\Debug\user_interface.o
                0x100807c4                InitUserInterface
 .text.UpdateLedState
                0x100807e4       0x48 .\CortexM4\ARM_GCC_541\Debug\user_interface.o
                0x100807e4                UpdateLedState
 .text.Cy_BLE_Start
                0x1008082c       0x38 .\CortexM4\ARM_GCC_541\Debug\BLE.o
                0x1008082c                Cy_BLE_Start
 .text.Cy_BLE_Stop
                0x10080864        0x8 .\CortexM4\ARM_GCC_541\Debug\BLE.o
                0x10080864                Cy_BLE_Stop
 .text.Cy_SysInt_SetVector
                0x1008086c       0x44 .\CortexM4\ARM_GCC_541\Debug\cy_sysint.o
                0x1008086c                Cy_SysInt_SetVector
 .text.Cy_SysInt_Init
                0x100808b0       0x7c .\CortexM4\ARM_GCC_541\Debug\cy_sysint.o
                0x100808b0                Cy_SysInt_Init
 .text.Cy_IPC_Drv_LockRelease
                0x1008092c       0x30 .\CortexM4\ARM_GCC_541\Debug\cy_ipc_drv.o
                0x1008092c                Cy_IPC_Drv_LockRelease
 .text.Cy_IPC_Drv_SendMsgWord
                0x1008095c       0x3c .\CortexM4\ARM_GCC_541\Debug\cy_ipc_drv.o
                0x1008095c                Cy_IPC_Drv_SendMsgWord
 .text.Cy_IPC_Drv_ReadMsgWord
                0x10080998       0x2c .\CortexM4\ARM_GCC_541\Debug\cy_ipc_drv.o
                0x10080998                Cy_IPC_Drv_ReadMsgWord
 .text.Cy_IPC_Sema_Init
                0x100809c4       0xb0 .\CortexM4\ARM_GCC_541\Debug\cy_ipc_sema.o
                0x100809c4                Cy_IPC_Sema_Init
 .text.Cy_IPC_Sema_Clear
                0x10080a74       0x88 .\CortexM4\ARM_GCC_541\Debug\cy_ipc_sema.o
                0x10080a74                Cy_IPC_Sema_Clear
 .text.Cy_IPC_Sema_Status
                0x10080afc       0x40 .\CortexM4\ARM_GCC_541\Debug\cy_ipc_sema.o
                0x10080afc                Cy_IPC_Sema_Status
 .text.Cy_IPC_Pipe_Config
                0x10080b3c       0x10 .\CortexM4\ARM_GCC_541\Debug\cy_ipc_pipe.o
                0x10080b3c                Cy_IPC_Pipe_Config
 .text.Cy_IPC_Pipe_EndpointInit
                0x10080b4c       0xc8 .\CortexM4\ARM_GCC_541\Debug\cy_ipc_pipe.o
                0x10080b4c                Cy_IPC_Pipe_EndpointInit
 .text.Cy_IPC_Pipe_Init
                0x10080c14       0xc4 .\CortexM4\ARM_GCC_541\Debug\cy_ipc_pipe.o
                0x10080c14                Cy_IPC_Pipe_Init
 .text.Cy_IPC_Pipe_SendMessage
                0x10080cd8       0xc0 .\CortexM4\ARM_GCC_541\Debug\cy_ipc_pipe.o
                0x10080cd8                Cy_IPC_Pipe_SendMessage
 .text.Cy_IPC_Pipe_RegisterCallback
                0x10080d98       0x60 .\CortexM4\ARM_GCC_541\Debug\cy_ipc_pipe.o
                0x10080d98                Cy_IPC_Pipe_RegisterCallback
 .text.Cy_IPC_Pipe_RegisterCallbackRel
                0x10080df8       0x3c .\CortexM4\ARM_GCC_541\Debug\cy_ipc_pipe.o
                0x10080df8                Cy_IPC_Pipe_RegisterCallbackRel
 .text.Cy_IPC_Pipe_ExecCallback
                0x10080e34       0xb0 .\CortexM4\ARM_GCC_541\Debug\cy_ipc_pipe.o
                0x10080e34                Cy_IPC_Pipe_ExecCallback
 .text.Cy_IPC_Pipe_ExecuteCallback
                0x10080ee4       0x3c .\CortexM4\ARM_GCC_541\Debug\cy_ipc_pipe.o
                0x10080ee4                Cy_IPC_Pipe_ExecuteCallback
 .text.Cy_IPC_Pipe_EndpointPause
                0x10080f20       0x60 .\CortexM4\ARM_GCC_541\Debug\cy_ipc_pipe.o
                0x10080f20                Cy_IPC_Pipe_EndpointPause
 .text.Cy_IPC_Pipe_EndpointResume
                0x10080f80       0x58 .\CortexM4\ARM_GCC_541\Debug\cy_ipc_pipe.o
                0x10080f80                Cy_IPC_Pipe_EndpointResume
 .text.Cy_Flash_ProcessOpcode
                0x10080fd8       0xac .\CortexM4\ARM_GCC_541\Debug\cy_flash.o
 .text.Cy_Flash_OperationStatus
                0x10081084       0x44 .\CortexM4\ARM_GCC_541\Debug\cy_flash.o
 .text.Cy_Flash_Init
                0x100810c8       0x4c .\CortexM4\ARM_GCC_541\Debug\cy_flash.o
                0x100810c8                Cy_Flash_Init
 .text.SaveRegisters
                0x10081114       0x48 .\CortexM4\ARM_GCC_541\Debug\cy_syspm.o
 .text.RestoreRegisters
                0x1008115c       0x48 .\CortexM4\ARM_GCC_541\Debug\cy_syspm.o
 .text.Cy_SysPm_SetHibernateWakeupSource
                0x100811a4       0x6c .\CortexM4\ARM_GCC_541\Debug\cy_syspm.o
                0x100811a4                Cy_SysPm_SetHibernateWakeupSource
 .text.Cy_SysPm_RegisterCallback
                0x10081210       0x70 .\CortexM4\ARM_GCC_541\Debug\cy_syspm.o
                0x10081210                Cy_SysPm_RegisterCallback
 .text.Cy_SysPm_UnregisterCallback
                0x10081280       0x60 .\CortexM4\ARM_GCC_541\Debug\cy_syspm.o
                0x10081280                Cy_SysPm_UnregisterCallback
 .text.Cy_SysPm_ExecuteCallback
                0x100812e0       0xc0 .\CortexM4\ARM_GCC_541\Debug\cy_syspm.o
                0x100812e0                Cy_SysPm_ExecuteCallback
 .text.Cy_SysPm_DeepSleep
                0x100813a0      0x10c .\CortexM4\ARM_GCC_541\Debug\cy_syspm.o
                0x100813a0                Cy_SysPm_DeepSleep
 .text.Cy_SysPm_IoFreeze
                0x100814ac       0x34 .\CortexM4\ARM_GCC_541\Debug\cy_syspm.o
                0x100814ac                Cy_SysPm_IoFreeze
 .text.Cy_SysPm_Hibernate
                0x100814e0       0x6c .\CortexM4\ARM_GCC_541\Debug\cy_syspm.o
                0x100814e0                Cy_SysPm_Hibernate
 .text.Cy_SysPm_IoUnfreeze
                0x1008154c       0x2c .\CortexM4\ARM_GCC_541\Debug\cy_syspm.o
                0x1008154c                Cy_SysPm_IoUnfreeze
 .text.Cy_SysLib_Delay
                0x10081578       0x30 .\CortexM4\ARM_GCC_541\Debug\cy_syslib.o
                0x10081578                Cy_SysLib_Delay
 .text.Cy_SysLib_Halt
                0x100815a8        0x4 .\CortexM4\ARM_GCC_541\Debug\cy_syslib.o
                0x100815a8                Cy_SysLib_Halt
 .text.Cy_SysLib_AssertFailed
                0x100815ac       0x1c .\CortexM4\ARM_GCC_541\Debug\cy_syslib.o
                0x100815ac                Cy_SysLib_AssertFailed
 .text.Cy_SysLib_ProcessingFault
                0x100815c8        0x4 .\CortexM4\ARM_GCC_541\Debug\cy_syslib.o
                0x100815c8                Cy_SysLib_ProcessingFault
 .text.Cy_SysLib_FaultHandler
                0x100815cc       0xa4 .\CortexM4\ARM_GCC_541\Debug\cy_syslib.o
                0x100815cc                Cy_SysLib_FaultHandler
 .text          0x10081670       0x20 .\CortexM4\ARM_GCC_541\Debug\cy_syslib_gcc.o
                0x10081670                Cy_SysLib_DelayCycles
                0x10081682                Cy_SysLib_EnterCriticalSection
                0x1008168a                Cy_SysLib_ExitCriticalSection
 .text.Cy_BLE_DeepSleepCallback
                0x10081690       0x8c .\CortexM4\ARM_GCC_541\Debug\cy_ble.o
                0x10081690                Cy_BLE_DeepSleepCallback
 .text.Cy_BLE_SleepCallback
                0x1008171c       0x68 .\CortexM4\ARM_GCC_541\Debug\cy_ble.o
                0x1008171c                Cy_BLE_SleepCallback
 .text.Cy_BLE_UnregisterHostPMCallbacks
                0x10081784       0x18 .\CortexM4\ARM_GCC_541\Debug\cy_ble.o
                0x10081784                Cy_BLE_UnregisterHostPMCallbacks
 .text.Cy_BLE_Init
                0x1008179c       0x48 .\CortexM4\ARM_GCC_541\Debug\cy_ble.o
                0x1008179c                Cy_BLE_Init
 .text.Cy_BLE_Enable
                0x100817e4       0xe4 .\CortexM4\ARM_GCC_541\Debug\cy_ble.o
                0x100817e4                Cy_BLE_Enable
 .text.Cy_BLE_Disable
                0x100818c8        0x8 .\CortexM4\ARM_GCC_541\Debug\cy_ble.o
                0x100818c8                Cy_BLE_Disable
 .text.Cy_BLE_IPC_HostMsgFlushRecvCallBack
                0x100818d0       0x1c .\CortexM4\ARM_GCC_541\Debug\cy_ble_hal_pvt.o
 .text.Cy_BLE_IPC_HostMsgRecvCallBack
                0x100818ec       0x1c .\CortexM4\ARM_GCC_541\Debug\cy_ble_hal_pvt.o
 .text.Cy_BLE_HAL_BlockCalcCRC8
                0x10081908       0x34 .\CortexM4\ARM_GCC_541\Debug\cy_ble_hal_pvt.o
                0x10081908                Cy_BLE_HAL_BlockCalcCRC8
 .text.Cy_BLE_HAL_EnterCriticalSection
                0x1008193c        0x8 .\CortexM4\ARM_GCC_541\Debug\cy_ble_hal_pvt.o
                0x1008193c                Cy_BLE_HAL_EnterCriticalSection
 .text.Cy_BLE_HAL_ExitCriticalSection
                0x10081944        0x8 .\CortexM4\ARM_GCC_541\Debug\cy_ble_hal_pvt.o
                0x10081944                Cy_BLE_HAL_ExitCriticalSection
 .text.Cy_BLE_Ipc_Cypipe_Isr_Enable
                0x1008194c        0xc .\CortexM4\ARM_GCC_541\Debug\cy_ble_hal_pvt.o
                0x1008194c                Cy_BLE_Ipc_Cypipe_Isr_Enable
 .text.Cy_BLE_HAL_EnableGlobalInterrupts
                0x10081958        0x8 .\CortexM4\ARM_GCC_541\Debug\cy_ble_hal_pvt.o
                0x10081958                Cy_BLE_HAL_EnableGlobalInterrupts
 .text.Cy_BLE_Ipc_Cypipe_Isr_Disable
                0x10081960        0xc .\CortexM4\ARM_GCC_541\Debug\cy_ble_hal_pvt.o
                0x10081960                Cy_BLE_Ipc_Cypipe_Isr_Disable
 .text.Cy_BLE_HAL_DisableGlobalInterrupts
                0x1008196c        0x8 .\CortexM4\ARM_GCC_541\Debug\cy_ble_hal_pvt.o
                0x1008196c                Cy_BLE_HAL_DisableGlobalInterrupts
 .text.Cy_BLE_IPC_HostRegisterClientCallbacks
                0x10081974       0x34 .\CortexM4\ARM_GCC_541\Debug\cy_ble_hal_pvt.o
                0x10081974                Cy_BLE_IPC_HostRegisterClientCallbacks
 .text.Cy_BLE_IPC_SendMessageToController
                0x100819a8       0x20 .\CortexM4\ARM_GCC_541\Debug\cy_ble_hal_pvt.o
                0x100819a8                Cy_BLE_IPC_SendMessageToController
 .text.Cy_BLE_HAL_EccHeapInit
                0x100819c8        0x4 .\CortexM4\ARM_GCC_541\Debug\cy_ble_hal_pvt.o
                0x100819c8                Cy_BLE_HAL_EccHeapInit
 .text.Cy_BLE_HAL_EccHeapDeInit
                0x100819cc        0x4 .\CortexM4\ARM_GCC_541\Debug\cy_ble_hal_pvt.o
                0x100819cc                Cy_BLE_HAL_EccHeapDeInit
 .text.Cy_BLE_HAL_EccGetFeatureHeapReq
                0x100819d0        0x4 .\CortexM4\ARM_GCC_541\Debug\cy_ble_hal_pvt.o
                0x100819d0                Cy_BLE_HAL_EccGetFeatureHeapReq
 .text.Cy_BLE_HAL_PairingLocalPublicKeyHandler
                0x100819d4        0x8 .\CortexM4\ARM_GCC_541\Debug\cy_ble_hal_pvt.o
                0x100819d4                Cy_BLE_HAL_PairingLocalPublicKeyHandler
 .text.Cy_BLE_HAL_PairingRemoteKeyHandler
                0x100819dc        0x8 .\CortexM4\ARM_GCC_541\Debug\cy_ble_hal_pvt.o
                0x100819dc                Cy_BLE_HAL_PairingRemoteKeyHandler
 .text.Cy_BLE_HAL_PairingDhkeyHandler
                0x100819e4        0x8 .\CortexM4\ARM_GCC_541\Debug\cy_ble_hal_pvt.o
                0x100819e4                Cy_BLE_HAL_PairingDhkeyHandler
 .text.Cy_BLE_HAL_PairingDhkeyCheckHandler
                0x100819ec        0x8 .\CortexM4\ARM_GCC_541\Debug\cy_ble_hal_pvt.o
                0x100819ec                Cy_BLE_HAL_PairingDhkeyCheckHandler
 .text.Cy_BLE_HAL_PairingKeypressNotificationHandler
                0x100819f4        0x8 .\CortexM4\ARM_GCC_541\Debug\cy_ble_hal_pvt.o
                0x100819f4                Cy_BLE_HAL_PairingKeypressNotificationHandler
 .text.Cy_BLE_HAL_PairingRandHandler
                0x100819fc        0x8 .\CortexM4\ARM_GCC_541\Debug\cy_ble_hal_pvt.o
                0x100819fc                Cy_BLE_HAL_PairingRandHandler
 .text.Cy_BLE_HAL_PairingConfirmHandler
                0x10081a04        0x8 .\CortexM4\ARM_GCC_541\Debug\cy_ble_hal_pvt.o
                0x10081a04                Cy_BLE_HAL_PairingConfirmHandler
 .text.Cy_BLE_HAL_PairingLrConfirmingHandler
                0x10081a0c        0x8 .\CortexM4\ARM_GCC_541\Debug\cy_ble_hal_pvt.o
                0x10081a0c                Cy_BLE_HAL_PairingLrConfirmingHandler
 .text.Cy_BLE_HAL_PairingScTbxLocalPubkeyGenerateComplete
                0x10081a14        0x8 .\CortexM4\ARM_GCC_541\Debug\cy_ble_hal_pvt.o
                0x10081a14                Cy_BLE_HAL_PairingScTbxLocalPubkeyGenerateComplete
 .text.Cy_BLE_HAL_PairingScTbxGenerateLocalP256PublicKey
                0x10081a1c        0x8 .\CortexM4\ARM_GCC_541\Debug\cy_ble_hal_pvt.o
                0x10081a1c                Cy_BLE_HAL_PairingScTbxGenerateLocalP256PublicKey
 .text.Cy_BLE_HAL_SeSmpScUserPasskeyHandler
                0x10081a24        0x8 .\CortexM4\ARM_GCC_541\Debug\cy_ble_hal_pvt.o
                0x10081a24                Cy_BLE_HAL_SeSmpScUserPasskeyHandler
 .text.Cy_BLE_HAL_EccPointMult
                0x10081a2c        0x4 .\CortexM4\ARM_GCC_541\Debug\cy_ble_hal_pvt.o
                0x10081a2c                Cy_BLE_HAL_EccPointMult
 .text.Cy_BLE_ServiceInit
                0x10081a30       0x10 .\CortexM4\ARM_GCC_541\Debug\cy_ble_gap.o
                0x10081a30                Cy_BLE_ServiceInit
 .text.Cy_BLE_GAPP_StartAdvertisement
                0x10081a40      0x120 .\CortexM4\ARM_GCC_541\Debug\cy_ble_gap.o
                0x10081a40                Cy_BLE_GAPP_StartAdvertisement
 .text.Cy_BLE_ChangeAdDeviceAddress
                0x10081b60       0x5c .\CortexM4\ARM_GCC_541\Debug\cy_ble_gap.o
                0x10081b60                Cy_BLE_ChangeAdDeviceAddress
 .text.Cy_BLE_GATTS_WriteAttributeValueCCCD
                0x10081bbc       0x50 .\CortexM4\ARM_GCC_541\Debug\cy_ble_gatt.o
                0x10081bbc                Cy_BLE_GATTS_WriteAttributeValueCCCD
 .text.Cy_BLE_GATTS_WriteEventHandler
                0x10081c0c       0x84 .\CortexM4\ARM_GCC_541\Debug\cy_ble_gatt.o
                0x10081c0c                Cy_BLE_GATTS_WriteEventHandler
 .text.Cy_BLE_GATTS_ReadAttributeValueCCCDReqHandler
                0x10081c90       0x58 .\CortexM4\ARM_GCC_541\Debug\cy_ble_gatt.o
                0x10081c90                Cy_BLE_GATTS_ReadAttributeValueCCCDReqHandler
 .text.Cy_BLE_SendWriteResponse
                0x10081ce8       0x44 .\CortexM4\ARM_GCC_541\Debug\cy_ble_event_handler.o
 .text.Cy_BLE_RegisterServiceEventHandler
                0x10081d2c       0x5c .\CortexM4\ARM_GCC_541\Debug\cy_ble_event_handler.o
                0x10081d2c                Cy_BLE_RegisterServiceEventHandler
 .text.Cy_BLE_InvokeServiceEventHandler
                0x10081d88       0x38 .\CortexM4\ARM_GCC_541\Debug\cy_ble_event_handler.o
                0x10081d88                Cy_BLE_InvokeServiceEventHandler
 .text.Cy_BLE_IsDeviceAddressValid
                0x10081dc0       0x20 .\CortexM4\ARM_GCC_541\Debug\cy_ble_event_handler.o
                0x10081dc0                Cy_BLE_IsDeviceAddressValid
 .text.Cy_BLE_EventHandler
                0x10081de0      0x5e8 .\CortexM4\ARM_GCC_541\Debug\cy_ble_event_handler.o
                0x10081de0                Cy_BLE_EventHandler
 .text.Cy_BLE_DIS_EventHandler
                0x100823c8        0x4 .\CortexM4\ARM_GCC_541\Debug\cy_ble_dis.o
 .text.Cy_BLE_DIS_Init
                0x100823cc       0x20 .\CortexM4\ARM_GCC_541\Debug\cy_ble_dis.o
                0x100823cc                Cy_BLE_DIS_Init
 .text.Cy_BLE_DISS_SetCharacteristicValue
                0x100823ec       0x48 .\CortexM4\ARM_GCC_541\Debug\cy_ble_dis.o
                0x100823ec                Cy_BLE_DISS_SetCharacteristicValue
 .text.memcmp   0x10082434       0x1e c:/program files (x86)/cypress/psoc creator/4.2/psoc creator/import/gnu/arm/5.4.1/bin/../lib/gcc/arm-none-eabi/5.4.1/../../../../arm-none-eabi/lib/armv7e-m/softfp\libg_nano.a(lib_a-memcmp.o)
                0x10082434                memcmp
 .text.memcpy   0x10082452       0x16 c:/program files (x86)/cypress/psoc creator/4.2/psoc creator/import/gnu/arm/5.4.1/bin/../lib/gcc/arm-none-eabi/5.4.1/../../../../arm-none-eabi/lib/armv7e-m/softfp\libg_nano.a(lib_a-memcpy-stub.o)
                0x10082452                memcpy
 .text.memset   0x10082468       0x10 c:/program files (x86)/cypress/psoc creator/4.2/psoc creator/import/gnu/arm/5.4.1/bin/../lib/gcc/arm-none-eabi/5.4.1/../../../../arm-none-eabi/lib/armv7e-m/softfp\libg_nano.a(lib_a-memset.o)
                0x10082468                memset
 .text.strncpy  0x10082478       0x26 c:/program files (x86)/cypress/psoc creator/4.2/psoc creator/import/gnu/arm/5.4.1/bin/../lib/gcc/arm-none-eabi/5.4.1/../../../../arm-none-eabi/lib/armv7e-m/softfp\libg_nano.a(lib_a-strncpy.o)
                0x10082478                strncpy
 *(.init)
 *fill*         0x1008249e        0x2 
 .init          0x100824a0        0x4 c:/program files (x86)/cypress/psoc creator/4.2/psoc creator/import/gnu/arm/5.4.1/bin/../lib/gcc/arm-none-eabi/5.4.1/armv7e-m/softfp/crti.o
                0x100824a0                _init
 .init          0x100824a4        0x8 c:/program files (x86)/cypress/psoc creator/4.2/psoc creator/import/gnu/arm/5.4.1/bin/../lib/gcc/arm-none-eabi/5.4.1/armv7e-m/softfp/crtn.o
 *(.fini)
 .fini          0x100824ac        0x4 c:/program files (x86)/cypress/psoc creator/4.2/psoc creator/import/gnu/arm/5.4.1/bin/../lib/gcc/arm-none-eabi/5.4.1/armv7e-m/softfp/crti.o
                0x100824ac                _fini
 .fini          0x100824b0        0x8 c:/program files (x86)/cypress/psoc creator/4.2/psoc creator/import/gnu/arm/5.4.1/bin/../lib/gcc/arm-none-eabi/5.4.1/armv7e-m/softfp/crtn.o
 .fini.__stub   0x100824b8       0x20 linker stubs
 *crtbegin.o(.ctors)
 *crtbegin?.o(.ctors)
 *(EXCLUDE_FILE(*crtend.o *crtend?.o) .ctors)
 *(SORT(.ctors.*))
 *(.ctors)
 *crtbegin.o(.dtors)
 *crtbegin?.o(.dtors)
 *(EXCLUDE_FILE(*crtend.o *crtend?.o) .dtors)
 *(SORT(.dtors.*))
 *(.dtors)
 *(.rodata .rodata.* .constdata .constdata.* .conststring .conststring.*)
 .rodata        0x100824d8       0x34 .\CortexM4\ARM_GCC_541\Debug\cy_ipc_config.o
 .rodata        0x1008250c        0xa .\CortexM4\ARM_GCC_541\Debug\host_main.o
 *fill*         0x10082516        0x2 
 .rodata.str1.4
                0x10082518        0x7 .\CortexM4\ARM_GCC_541\Debug\host_main.o
 *fill*         0x1008251f        0x1 
 .rodata        0x10082520      0x272 .\CortexM4\ARM_GCC_541\Debug\BLE_config.o
 *fill*         0x10082792        0x2 
 .rodata        0x10082794       0x14 .\CortexM4\ARM_GCC_541\Debug\BLE_dis_config.o
 .rodata.str1.4
                0x100827a8       0x41 .\CortexM4\ARM_GCC_541\Debug\cy_sysint.o
 *fill*         0x100827e9        0x3 
 .rodata.str1.4
                0x100827ec       0x7f .\CortexM4\ARM_GCC_541\Debug\cy_ipc_drv.o
 *fill*         0x1008286b        0x1 
 .rodata.str1.4
                0x1008286c       0x3f .\CortexM4\ARM_GCC_541\Debug\cy_ipc_sema.o
 *fill*         0x100828ab        0x1 
 .rodata.str1.4
                0x100828ac       0x40 .\CortexM4\ARM_GCC_541\Debug\cy_ipc_pipe.o
                                 0x7f (size before relaxing)
 .rodata.str1.4
                0x100828ec       0x3f .\CortexM4\ARM_GCC_541\Debug\cy_syspm.o
 *fill*         0x1008292b        0x1 
 .rodata        0x1008292c       0x10 .\CortexM4\ARM_GCC_541\Debug\cy_ble.o
 .rodata        0x1008293c      0x100 .\CortexM4\ARM_GCC_541\Debug\cy_ble_hal_pvt.o
 .rodata        0x10082a3c        0x2 .\CortexM4\ARM_GCC_541\Debug\cy_ble_event_handler.o
 *fill*         0x10082a3e        0x2 
 .rodata.str1.4
                0x10082a40       0x38 .\CortexM4\ARM_GCC_541\Debug\cy_ble_event_handler.o
                                 0x37 (size before relaxing)
 .constdata     0x10082a78       0x18 Generated_Source\PSoC6\pdl\middleware\ble\lib\cy_ble_stack_gcc_host_ipc_cm4.a(BT_os.o)
                0x10082a78                cyBleStackMemoryConfig
 .constdata     0x10082a90       0x58 Generated_Source\PSoC6\pdl\middleware\ble\lib\cy_ble_stack_gcc_host_ipc_cm4.a(l2cap_init.o)
                0x10082a90                l2cap_le_sig_handler
 .constdata     0x10082ae8       0x3c Generated_Source\PSoC6\pdl\middleware\ble\lib\cy_ble_stack_gcc_host_ipc_cm4.a(fsm_engine_pl.o)
                0x10082ae8                fsm_module_table
 .constdata     0x10082b24      0x110 Generated_Source\PSoC6\pdl\middleware\ble\lib\cy_ble_stack_gcc_host_ipc_cm4.a(gap_hci_iface.o)
                0x10082b24                hciCommandCompleteEventHandlers
 .constdata     0x10082c34       0x20 Generated_Source\PSoC6\pdl\middleware\ble\lib\cy_ble_stack_gcc_host_ipc_cm4.a(gap_privacy.o)
 .constdata     0x10082c54       0x32 Generated_Source\PSoC6\pdl\middleware\ble\lib\cy_ble_stack_gcc_host_ipc_cm4.a(smp_core.o)
                0x10082c54                smp_iocap_assoc_map
                0x10082c6d                smp_sc_iocap_assoc_map
 *fill*         0x10082c86        0x2 
 .constdata     0x10082c88        0xc Generated_Source\PSoC6\pdl\middleware\ble\lib\cy_ble_stack_gcc_host_ipc_cm4.a(smp_interface.o)
                0x10082c88                smp_event_fp
 .constdata     0x10082c94       0x22 Generated_Source\PSoC6\pdl\middleware\ble\lib\cy_ble_stack_gcc_host_ipc_cm4.a(smp_utils.o)
                0x10082c94                smp_event_map
 *fill*         0x10082cb6        0x2 
 .constdata     0x10082cb8       0xb4 Generated_Source\PSoC6\pdl\middleware\ble\lib\cy_ble_stack_gcc_host_ipc_cm4.a(smp_fsm_table.o)
                0x10082cb8                smp_state_event_table
 .constdata     0x10082d6c      0x110 Generated_Source\PSoC6\pdl\middleware\ble\lib\cy_ble_stack_gcc_host_ipc_cm4.a(smp_fsm_table.o)
                0x10082d6c                smp_event_handler_table
 .constdata     0x10082e7c       0x20 Generated_Source\PSoC6\pdl\middleware\ble\lib\cy_ble_stack_gcc_host_ipc_cm4.a(aes_cmac.o)
                0x10082e7c                cmac_zero_data
                0x10082e8c                cmac_rb_data
 .constdata     0x10082e9c       0x60 Generated_Source\PSoC6\pdl\middleware\ble\lib\cy_ble_stack_gcc_host_ipc_cm4.a(att_fsm_table.o)
                0x10082e9c                att_state_event_table
 .constdata     0x10082efc       0x58 Generated_Source\PSoC6\pdl\middleware\ble\lib\cy_ble_stack_gcc_host_ipc_cm4.a(att_fsm_table.o)
                0x10082efc                att_event_handler_table
 *(.eh_frame*)
 .eh_frame      0x10082f54        0x0 c:/program files (x86)/cypress/psoc creator/4.2/psoc creator/import/gnu/arm/5.4.1/bin/../lib/gcc/arm-none-eabi/5.4.1/armv7e-m/softfp/crtbegin.o
 .eh_frame      0x10082f54        0x4 c:/program files (x86)/cypress/psoc creator/4.2/psoc creator/import/gnu/arm/5.4.1/bin/../lib/gcc/arm-none-eabi/5.4.1/armv7e-m/softfp/crtend.o

.glue_7         0x10082f58        0x0
 .glue_7        0x10082f58        0x0 linker stubs

.glue_7t        0x10082f58        0x0
 .glue_7t       0x10082f58        0x0 linker stubs

.vfp11_veneer   0x10082f58        0x0
 .vfp11_veneer  0x10082f58        0x0 linker stubs

.v4_bx          0x10082f58        0x0
 .v4_bx         0x10082f58        0x0 linker stubs

.iplt           0x10082f58        0x0
 .iplt          0x10082f58        0x0 c:/program files (x86)/cypress/psoc creator/4.2/psoc creator/import/gnu/arm/5.4.1/bin/../lib/gcc/arm-none-eabi/5.4.1/armv7e-m/softfp/crtbegin.o

i.CyBleStackMgr_Init
                0x10082f58       0xdc
 i.CyBleStackMgr_Init
                0x10082f58       0xdc Generated_Source\PSoC6\pdl\middleware\ble\lib\cy_ble_stack_gcc_host_ipc_cm4.a(CyBleStackMgrIP_Interface.o)
                0x10082f58                CyBleStackMgr_Init

i.CyBleStackMgr_ProcessBleEvents
                0x10083034       0x14
 i.CyBleStackMgr_ProcessBleEvents
                0x10083034       0x14 Generated_Source\PSoC6\pdl\middleware\ble\lib\cy_ble_stack_gcc_host_ipc_cm4.a(CyBleStackMgrIP_Interface.o)
                0x10083034                CyBleStackMgr_ProcessBleEvents

i.CyBleStackMgr_Shutdown
                0x10083048       0x20
 i.CyBleStackMgr_Shutdown
                0x10083048       0x20 Generated_Source\PSoC6\pdl\middleware\ble\lib\cy_ble_stack_gcc_host_ipc_cm4.a(CyBleStackMgrIP_Interface.o)
                0x10083048                CyBleStackMgr_Shutdown

i.CyBle_GetHeapMemory
                0x10083068       0x3c
 i.CyBle_GetHeapMemory
                0x10083068       0x3c Generated_Source\PSoC6\pdl\middleware\ble\lib\cy_ble_stack_gcc_host_ipc_cm4.a(CyBleStackMgrIP_Interface.o)
                0x10083068                CyBle_GetHeapMemory

i.CyBle_GetNumAppBufferPools
                0x100830a4        0xc
 i.CyBle_GetNumAppBufferPools
                0x100830a4        0xc Generated_Source\PSoC6\pdl\middleware\ble\lib\cy_ble_stack_gcc_host_ipc_cm4.a(CyBleStackMgrIP_Interface.o)
                0x100830a4                CyBle_GetNumAppBufferPools

i.CyBle_HostStackBufferPoolInit
                0x100830b0       0xc4
 i.CyBle_HostStackBufferPoolInit
                0x100830b0       0xc4 Generated_Source\PSoC6\pdl\middleware\ble\lib\cy_ble_stack_gcc_host_ipc_cm4.a(CyBleStackMgrIP_Interface.o)

i.CyBle_SortBufers
                0x10083174       0x40
 i.CyBle_SortBufers
                0x10083174       0x40 Generated_Source\PSoC6\pdl\middleware\ble\lib\cy_ble_stack_gcc_host_ipc_cm4.a(CyBleStackMgrIP_Interface.o)
                0x10083174                CyBle_SortBufers

i.CyBle_StackGetConfigPtr
                0x100831b4        0x8
 i.CyBle_StackGetConfigPtr
                0x100831b4        0x8 Generated_Source\PSoC6\pdl\middleware\ble\lib\cy_ble_stack_gcc_host_ipc_cm4.a(CyBleStackMgrIP_Interface.o)
                0x100831b4                CyBle_StackGetConfigPtr

i.Cy_BLE_GetStackLibraryVersion
                0x100831bc       0x20
 i.Cy_BLE_GetStackLibraryVersion
                0x100831bc       0x20 Generated_Source\PSoC6\pdl\middleware\ble\lib\cy_ble_stack_gcc_host_ipc_cm4.a(CyBleStackMgrIP_Interface.o)
                0x100831bc                Cy_BLE_GetStackLibraryVersion

i.Cy_BLE_ProcessEvents
                0x100831dc        0x4
 i.Cy_BLE_ProcessEvents
                0x100831dc        0x4 Generated_Source\PSoC6\pdl\middleware\ble\lib\cy_ble_stack_gcc_host_ipc_cm4.a(CyBleStackMgrIP_Interface.o)
                0x100831dc                Cy_BLE_ProcessEvents

i.Cy_BLE_StackEnterLPM
                0x100831e0       0x16
 i.Cy_BLE_StackEnterLPM
                0x100831e0       0x16 Generated_Source\PSoC6\pdl\middleware\ble\lib\cy_ble_stack_gcc_host_ipc_cm4.a(CyBleStackMgrIP_Interface.o)
                0x100831e0                Cy_BLE_StackEnterLPM

i.Cy_BLE_StackGetBleSsState
                0x100831f6        0x4
 i.Cy_BLE_StackGetBleSsState
                0x100831f6        0x4 Generated_Source\PSoC6\pdl\middleware\ble\lib\cy_ble_stack_gcc_host_ipc_cm4.a(CyBleStackMgrIP_Interface.o)
                0x100831f6                Cy_BLE_StackGetBleSsState

i.Cy_BLE_StackGetFeatureConfig
                0x100831fc       0x20
 i.Cy_BLE_StackGetFeatureConfig
                0x100831fc       0x20 Generated_Source\PSoC6\pdl\middleware\ble\lib\cy_ble_stack_gcc_host_ipc_cm4.a(CyBleStackMgrIP_Interface.o)
                0x100831fc                Cy_BLE_StackGetFeatureConfig

i.Cy_BLE_StackInit
                0x1008321c       0x70
 i.Cy_BLE_StackInit
                0x1008321c       0x70 Generated_Source\PSoC6\pdl\middleware\ble\lib\cy_ble_stack_gcc_host_ipc_cm4.a(CyBleStackMgrIP_Interface.o)
                0x1008321c                Cy_BLE_StackInit

i.Cy_BLE_StackSetFeatureConfig
                0x1008328c       0x54
 i.Cy_BLE_StackSetFeatureConfig
                0x1008328c       0x54 Generated_Source\PSoC6\pdl\middleware\ble\lib\cy_ble_stack_gcc_host_ipc_cm4.a(CyBleStackMgrIP_Interface.o)
                0x1008328c                Cy_BLE_StackSetFeatureConfig

i.ble_stack_idle_task_callback
                0x100832e0        0x2
 i.ble_stack_idle_task_callback
                0x100832e0        0x2 Generated_Source\PSoC6\pdl\middleware\ble\lib\cy_ble_stack_gcc_host_ipc_cm4.a(CyBleStackMgrIP_Interface.o)
                0x100832e0                ble_stack_idle_task_callback

i.BT_OSFreeBuf  0x100832e4       0x20
 i.BT_OSFreeBuf
                0x100832e4       0x20 Generated_Source\PSoC6\pdl\middleware\ble\lib\cy_ble_stack_gcc_host_ipc_cm4.a(BT_os.o)
                0x100832e4                BT_OSFreeBuf

i.BT_OSGetBuF   0x10083304       0x30
 i.BT_OSGetBuF  0x10083304       0x30 Generated_Source\PSoC6\pdl\middleware\ble\lib\cy_ble_stack_gcc_host_ipc_cm4.a(BT_os.o)
                0x10083304                BT_OSGetBuF

i.BT_OSMemCreate
                0x10083334       0x3c
 i.BT_OSMemCreate
                0x10083334       0x3c Generated_Source\PSoC6\pdl\middleware\ble\lib\cy_ble_stack_gcc_host_ipc_cm4.a(BT_os.o)
                0x10083334                BT_OSMemCreate

i.BT_alloc_mem_ext
                0x10083370       0x40
 i.BT_alloc_mem_ext
                0x10083370       0x40 Generated_Source\PSoC6\pdl\middleware\ble\lib\cy_ble_stack_gcc_host_ipc_cm4.a(BT_os.o)
                0x10083370                BT_alloc_mem_ext

i.BT_free_mem   0x100833b0        0xa
 i.BT_free_mem  0x100833b0        0xa Generated_Source\PSoC6\pdl\middleware\ble\lib\cy_ble_stack_gcc_host_ipc_cm4.a(BT_os.o)
                0x100833b0                BT_free_mem

i.bt_stack_create_buffer_pool
                0x100833bc       0x2c
 i.bt_stack_create_buffer_pool
                0x100833bc       0x2c Generated_Source\PSoC6\pdl\middleware\ble\lib\cy_ble_stack_gcc_host_ipc_cm4.a(BT_os.o)
                0x100833bc                bt_stack_create_buffer_pool

i.CyBle_CreateBleStackTask
                0x100833e8       0x30
 i.CyBle_CreateBleStackTask
                0x100833e8       0x30 Generated_Source\PSoC6\pdl\middleware\ble\lib\cy_ble_stack_gcc_host_ipc_cm4.a(CyBleStackMgr_StackTaskHandler.o)
                0x100833e8                CyBle_CreateBleStackTask

i.CyBle_SignalBleStackTask
                0x10083418       0x38
 i.CyBle_SignalBleStackTask
                0x10083418       0x38 Generated_Source\PSoC6\pdl\middleware\ble\lib\cy_ble_stack_gcc_host_ipc_cm4.a(CyBleStackMgr_StackTaskHandler.o)
                0x10083418                CyBle_SignalBleStackTask

i.CyBle_StackTaskHandler
                0x10083450       0x74
 i.CyBle_StackTaskHandler
                0x10083450       0x74 Generated_Source\PSoC6\pdl\middleware\ble\lib\cy_ble_stack_gcc_host_ipc_cm4.a(CyBleStackMgr_StackTaskHandler.o)
                0x10083450                CyBle_StackTaskHandler

i.IsStackTaskFree
                0x100834c4        0xc
 i.IsStackTaskFree
                0x100834c4        0xc Generated_Source\PSoC6\pdl\middleware\ble\lib\cy_ble_stack_gcc_host_ipc_cm4.a(CyBleStackMgr_StackTaskHandler.o)
                0x100834c4                IsStackTaskFree

i.storage_bt_init_pl
                0x100834d0       0x8c
 i.storage_bt_init_pl
                0x100834d0       0x8c Generated_Source\PSoC6\pdl\middleware\ble\lib\cy_ble_stack_gcc_host_ipc_cm4.a(storage_pl.o)
                0x100834d0                storage_bt_init_pl

i.storage_bt_reset_offset
                0x1008355c       0x3c
 i.storage_bt_reset_offset
                0x1008355c       0x3c Generated_Source\PSoC6\pdl\middleware\ble\lib\cy_ble_stack_gcc_host_ipc_cm4.a(storage_pl.o)
                0x1008355c                storage_bt_reset_offset

i.storage_manager_init
                0x10083598       0x54
 i.storage_manager_init
                0x10083598       0x54 Generated_Source\PSoC6\pdl\middleware\ble\lib\cy_ble_stack_gcc_host_ipc_cm4.a(storage_pl.o)
                0x10083598                storage_manager_init

i.storage_manager_register_module
                0x100835ec       0x68
 i.storage_manager_register_module
                0x100835ec       0x68 Generated_Source\PSoC6\pdl\middleware\ble\lib\cy_ble_stack_gcc_host_ipc_cm4.a(storage_pl.o)
                0x100835ec                storage_manager_register_module

i.storage_validate_init_params
                0x10083654       0x98
 i.storage_validate_init_params
                0x10083654       0x98 Generated_Source\PSoC6\pdl\middleware\ble\lib\cy_ble_stack_gcc_host_ipc_cm4.a(storage_pl.o)
                0x10083654                storage_validate_init_params

i.OS_init       0x100836ec       0x64
 i.OS_init      0x100836ec       0x64 Generated_Source\PSoC6\pdl\middleware\ble\lib\cy_ble_stack_gcc_host_ipc_cm4.a(mint_os.o)
                0x100836ec                OS_init

i.OS_shutdown   0x10083750        0x4
 i.OS_shutdown  0x10083750        0x4 Generated_Source\PSoC6\pdl\middleware\ble\lib\cy_ble_stack_gcc_host_ipc_cm4.a(mint_os.o)
                0x10083750                OS_shutdown

i.mintos_malloc
                0x10083754       0x34
 i.mintos_malloc
                0x10083754       0x34 Generated_Source\PSoC6\pdl\middleware\ble\lib\cy_ble_stack_gcc_host_ipc_cm4.a(mint_os.o)
                0x10083754                mintos_malloc

i.OS_create_queue
                0x10083788       0x74
 i.OS_create_queue
                0x10083788       0x74 Generated_Source\PSoC6\pdl\middleware\ble\lib\cy_ble_stack_gcc_host_ipc_cm4.a(mint_os_queue.o)
                0x10083788                OS_create_queue

i.OS_enqueue_item
                0x100837fc       0x9c
 i.OS_enqueue_item
                0x100837fc       0x9c Generated_Source\PSoC6\pdl\middleware\ble\lib\cy_ble_stack_gcc_host_ipc_cm4.a(mint_os_queue.o)
                0x100837fc                OS_enqueue_item

i.OS_queue_get_num_of_items
                0x10083898       0x2c
 i.OS_queue_get_num_of_items
                0x10083898       0x2c Generated_Source\PSoC6\pdl\middleware\ble\lib\cy_ble_stack_gcc_host_ipc_cm4.a(mint_os_queue.o)
                0x10083898                OS_queue_get_num_of_items

i.OS_queue_mgmt_init
                0x100838c4       0x58
 i.OS_queue_mgmt_init
                0x100838c4       0x58 Generated_Source\PSoC6\pdl\middleware\ble\lib\cy_ble_stack_gcc_host_ipc_cm4.a(mint_os_queue.o)
                0x100838c4                OS_queue_mgmt_init

i.OS_remove_item
                0x1008391c       0xb8
 i.OS_remove_item
                0x1008391c       0xb8 Generated_Source\PSoC6\pdl\middleware\ble\lib\cy_ble_stack_gcc_host_ipc_cm4.a(mint_os_queue.o)
                0x1008391c                OS_remove_item

i.OS_create_task
                0x100839d4       0x88
 i.OS_create_task
                0x100839d4       0x88 Generated_Source\PSoC6\pdl\middleware\ble\lib\cy_ble_stack_gcc_host_ipc_cm4.a(mint_os_task.o)
                0x100839d4                OS_create_task

i.OS_is_task_free
                0x10083a5c       0x30
 i.OS_is_task_free
                0x10083a5c       0x30 Generated_Source\PSoC6\pdl\middleware\ble\lib\cy_ble_stack_gcc_host_ipc_cm4.a(mint_os_task.o)
                0x10083a5c                OS_is_task_free

i.OS_scheduler  0x10083a8c       0x64
 i.OS_scheduler
                0x10083a8c       0x64 Generated_Source\PSoC6\pdl\middleware\ble\lib\cy_ble_stack_gcc_host_ipc_cm4.a(mint_os_task.o)
                0x10083a8c                OS_scheduler

i.OS_send_signal_to_task
                0x10083af0        0xc
 i.OS_send_signal_to_task
                0x10083af0        0xc Generated_Source\PSoC6\pdl\middleware\ble\lib\cy_ble_stack_gcc_host_ipc_cm4.a(mint_os_task.o)
                0x10083af0                OS_send_signal_to_task

i.OS_send_signal_to_task_context
                0x10083afc       0x3c
 i.OS_send_signal_to_task_context
                0x10083afc       0x3c Generated_Source\PSoC6\pdl\middleware\ble\lib\cy_ble_stack_gcc_host_ipc_cm4.a(mint_os_task.o)

i.OS_task_mgmt_init
                0x10083b38       0x60
 i.OS_task_mgmt_init
                0x10083b38       0x60 Generated_Source\PSoC6\pdl\middleware\ble\lib\cy_ble_stack_gcc_host_ipc_cm4.a(mint_os_task.o)
                0x10083b38                OS_task_mgmt_init

i.mint_buf_mgmt_allocate_buffer
                0x10083b98       0x54
 i.mint_buf_mgmt_allocate_buffer
                0x10083b98       0x54 Generated_Source\PSoC6\pdl\middleware\ble\lib\cy_ble_stack_gcc_host_ipc_cm4.a(mint_buf_mgmt.o)
                0x10083b98                mint_buf_mgmt_allocate_buffer

i.mint_buf_mgmt_create_pool
                0x10083bec       0xd4
 i.mint_buf_mgmt_create_pool
                0x10083bec       0xd4 Generated_Source\PSoC6\pdl\middleware\ble\lib\cy_ble_stack_gcc_host_ipc_cm4.a(mint_buf_mgmt.o)
                0x10083bec                mint_buf_mgmt_create_pool

i.mint_buf_mgmt_free_buffer
                0x10083cc0       0xac
 i.mint_buf_mgmt_free_buffer
                0x10083cc0       0xac Generated_Source\PSoC6\pdl\middleware\ble\lib\cy_ble_stack_gcc_host_ipc_cm4.a(mint_buf_mgmt.o)
                0x10083cc0                mint_buf_mgmt_free_buffer

i.mint_buf_mgmt_init
                0x10083d6c       0x5c
 i.mint_buf_mgmt_init
                0x10083d6c       0x5c Generated_Source\PSoC6\pdl\middleware\ble\lib\cy_ble_stack_gcc_host_ipc_cm4.a(mint_buf_mgmt.o)
                0x10083d6c                mint_buf_mgmt_init

i.mint_buf_mgmt_malloc
                0x10083dc8       0x28
 i.mint_buf_mgmt_malloc
                0x10083dc8       0x28 Generated_Source\PSoC6\pdl\middleware\ble\lib\cy_ble_stack_gcc_host_ipc_cm4.a(mint_buf_mgmt.o)
                0x10083dc8                mint_buf_mgmt_malloc

i.mint_buf_mgmt_pl_init
                0x10083df0       0x44
 i.mint_buf_mgmt_pl_init
                0x10083df0       0x44 Generated_Source\PSoC6\pdl\middleware\ble\lib\cy_ble_stack_gcc_host_ipc_cm4.a(mint_buf_mgmt.o)
                0x10083df0                mint_buf_mgmt_pl_init

i.mint_buf_mgmt_stack_init
                0x10083e34       0x22
 i.mint_buf_mgmt_stack_init
                0x10083e34       0x22 Generated_Source\PSoC6\pdl\middleware\ble\lib\cy_ble_stack_gcc_host_ipc_cm4.a(mint_buf_mgmt.o)
                0x10083e34                mint_buf_mgmt_stack_init

i.mint_buf_mgmt_stack_pop
                0x10083e56       0x34
 i.mint_buf_mgmt_stack_pop
                0x10083e56       0x34 Generated_Source\PSoC6\pdl\middleware\ble\lib\cy_ble_stack_gcc_host_ipc_cm4.a(mint_buf_mgmt.o)
                0x10083e56                mint_buf_mgmt_stack_pop

i.mint_buf_mgmt_stack_push
                0x10083e8a       0x34
 i.mint_buf_mgmt_stack_push
                0x10083e8a       0x34 Generated_Source\PSoC6\pdl\middleware\ble\lib\cy_ble_stack_gcc_host_ipc_cm4.a(mint_buf_mgmt.o)
                0x10083e8a                mint_buf_mgmt_stack_push

i.mint_buf_mgmt_stack_search_item
                0x10083ebe       0x2e
 i.mint_buf_mgmt_stack_search_item
                0x10083ebe       0x2e Generated_Source\PSoC6\pdl\middleware\ble\lib\cy_ble_stack_gcc_host_ipc_cm4.a(mint_buf_mgmt.o)
                0x10083ebe                mint_buf_mgmt_stack_search_item

i.CyBleHost_HciIpcFreePktBuffer
                0x10083eec       0x2e
 i.CyBleHost_HciIpcFreePktBuffer
                0x10083eec       0x2e Generated_Source\PSoC6\pdl\middleware\ble\lib\cy_ble_stack_gcc_host_ipc_cm4.a(transport_ipc.o)
                0x10083eec                CyBleHost_HciIpcFreePktBuffer

i.CyBleHost_HciIpcMsgCompleteReceive
                0x10083f1c       0x28
 i.CyBleHost_HciIpcMsgCompleteReceive
                0x10083f1c       0x28 Generated_Source\PSoC6\pdl\middleware\ble\lib\cy_ble_stack_gcc_host_ipc_cm4.a(transport_ipc.o)
                0x10083f1c                CyBleHost_HciIpcMsgCompleteReceive

i.CyBleHost_HciIpcMsgReceive
                0x10083f44       0x28
 i.CyBleHost_HciIpcMsgReceive
                0x10083f44       0x28 Generated_Source\PSoC6\pdl\middleware\ble\lib\cy_ble_stack_gcc_host_ipc_cm4.a(transport_ipc.o)
                0x10083f44                CyBleHost_HciIpcMsgReceive

i.hci_transport_bt_shutdown
                0x10083f6c        0x4
 i.hci_transport_bt_shutdown
                0x10083f6c        0x4 Generated_Source\PSoC6\pdl\middleware\ble\lib\cy_ble_stack_gcc_host_ipc_cm4.a(transport_ipc.o)
                0x10083f6c                hci_transport_bt_shutdown

i.hci_transport_init
                0x10083f70       0x10
 i.hci_transport_init
                0x10083f70       0x10 Generated_Source\PSoC6\pdl\middleware\ble\lib\cy_ble_stack_gcc_host_ipc_cm4.a(transport_ipc.o)
                0x10083f70                hci_transport_init

i.hci_transport_write_data
                0x10083f80       0x9c
 i.hci_transport_write_data
                0x10083f80       0x9c Generated_Source\PSoC6\pdl\middleware\ble\lib\cy_ble_stack_gcc_host_ipc_cm4.a(transport_ipc.o)
                0x10083f80                hci_transport_write_data

i.CyBleHost_IPC_HAL_Init
                0x1008401c       0x40
 i.CyBleHost_IPC_HAL_Init
                0x1008401c       0x40 Generated_Source\PSoC6\pdl\middleware\ble\lib\cy_ble_stack_gcc_host_ipc_cm4.a(CyBleStackMgr_PSoCIPCHal.o)
                0x1008401c                CyBleHost_IPC_HAL_Init

i.CyBleHost_IPC_HAL_InitWithStaticMem
                0x1008405c        0xc
 i.CyBleHost_IPC_HAL_InitWithStaticMem
                0x1008405c        0xc Generated_Source\PSoC6\pdl\middleware\ble\lib\cy_ble_stack_gcc_host_ipc_cm4.a(CyBleStackMgr_PSoCIPCHal.o)
                0x1008405c                CyBleHost_IPC_HAL_InitWithStaticMem

i.CyBleHost_IPC_HAL_IsQueueEmpty
                0x10084068       0x24
 i.CyBleHost_IPC_HAL_IsQueueEmpty
                0x10084068       0x24 Generated_Source\PSoC6\pdl\middleware\ble\lib\cy_ble_stack_gcc_host_ipc_cm4.a(CyBleStackMgr_PSoCIPCHal.o)
                0x10084068                CyBleHost_IPC_HAL_IsQueueEmpty

i.CyBleHost_IPC_HAL_PipeReleaseCallback
                0x1008408c       0x1c
 i.CyBleHost_IPC_HAL_PipeReleaseCallback
                0x1008408c       0x1c Generated_Source\PSoC6\pdl\middleware\ble\lib\cy_ble_stack_gcc_host_ipc_cm4.a(CyBleStackMgr_PSoCIPCHal.o)

i.CyBleHost_IPC_HAL_ProcessMsgQ
                0x100840a8       0x3c
 i.CyBleHost_IPC_HAL_ProcessMsgQ
                0x100840a8       0x3c Generated_Source\PSoC6\pdl\middleware\ble\lib\cy_ble_stack_gcc_host_ipc_cm4.a(CyBleStackMgr_PSoCIPCHal.o)
                0x100840a8                CyBleHost_IPC_HAL_ProcessMsgQ

i.CyBleHost_IPC_HAL_PushMessage
                0x100840e4       0x48
 i.CyBleHost_IPC_HAL_PushMessage
                0x100840e4       0x48 Generated_Source\PSoC6\pdl\middleware\ble\lib\cy_ble_stack_gcc_host_ipc_cm4.a(CyBleStackMgr_PSoCIPCHal.o)

i.CyBleHost_IPC_HAL_Reset
                0x1008412c        0x2
 i.CyBleHost_IPC_HAL_Reset
                0x1008412c        0x2 Generated_Source\PSoC6\pdl\middleware\ble\lib\cy_ble_stack_gcc_host_ipc_cm4.a(CyBleStackMgr_PSoCIPCHal.o)
                0x1008412c                CyBleHost_IPC_HAL_Reset

i.CyBleHost_IPC_HAL_SendEnqueue
                0x1008412e       0x10
 i.CyBleHost_IPC_HAL_SendEnqueue
                0x1008412e       0x10 Generated_Source\PSoC6\pdl\middleware\ble\lib\cy_ble_stack_gcc_host_ipc_cm4.a(CyBleStackMgr_PSoCIPCHal.o)
                0x1008412e                CyBleHost_IPC_HAL_SendEnqueue

i.CyBle_BluetoothOnCmptCB
                0x10084140       0x60
 i.CyBle_BluetoothOnCmptCB
                0x10084140       0x60 Generated_Source\PSoC6\pdl\middleware\ble\lib\cy_ble_stack_gcc_host_ipc_cm4.a(host_main.o)

i.CyBle_HostDisableFeatures
                0x100841a0       0x12
 i.CyBle_HostDisableFeatures
                0x100841a0       0x12 Generated_Source\PSoC6\pdl\middleware\ble\lib\cy_ble_stack_gcc_host_ipc_cm4.a(host_main.o)
                0x100841a0                CyBle_HostDisableFeatures

i.CyBle_HostInit
                0x100841b4       0x60
 i.CyBle_HostInit
                0x100841b4       0x60 Generated_Source\PSoC6\pdl\middleware\ble\lib\cy_ble_stack_gcc_host_ipc_cm4.a(host_main.o)
                0x100841b4                CyBle_HostInit

i.CyBle_HostIsStackFree
                0x10084214       0x16
 i.CyBle_HostIsStackFree
                0x10084214       0x16 Generated_Source\PSoC6\pdl\middleware\ble\lib\cy_ble_stack_gcc_host_ipc_cm4.a(host_main.o)
                0x10084214                CyBle_HostIsStackFree

i.CyBle_HostSetFeatureConfig
                0x1008422c       0x80
 i.CyBle_HostSetFeatureConfig
                0x1008422c       0x80 Generated_Source\PSoC6\pdl\middleware\ble\lib\cy_ble_stack_gcc_host_ipc_cm4.a(host_main.o)
                0x1008422c                CyBle_HostSetFeatureConfig

i.CyBle_HostStackHeapDeInit
                0x100842ac       0x1e
 i.CyBle_HostStackHeapDeInit
                0x100842ac       0x1e Generated_Source\PSoC6\pdl\middleware\ble\lib\cy_ble_stack_gcc_host_ipc_cm4.a(host_main.o)
                0x100842ac                CyBle_HostStackHeapDeInit

i.CyBle_HostStackHeapInit
                0x100842cc       0x4c
 i.CyBle_HostStackHeapInit
                0x100842cc       0x4c Generated_Source\PSoC6\pdl\middleware\ble\lib\cy_ble_stack_gcc_host_ipc_cm4.a(host_main.o)
                0x100842cc                CyBle_HostStackHeapInit

i.CyBle_HostStackInit
                0x10084318       0x30
 i.CyBle_HostStackInit
                0x10084318       0x30 Generated_Source\PSoC6\pdl\middleware\ble\lib\cy_ble_stack_gcc_host_ipc_cm4.a(host_main.o)
                0x10084318                CyBle_HostStackInit

i.CyBle_HostStackOn
                0x10084348       0x30
 i.CyBle_HostStackOn
                0x10084348       0x30 Generated_Source\PSoC6\pdl\middleware\ble\lib\cy_ble_stack_gcc_host_ipc_cm4.a(host_main.o)

i.CyBle_HostValidateAppBuffers
                0x10084378       0x4c
 i.CyBle_HostValidateAppBuffers
                0x10084378       0x4c Generated_Source\PSoC6\pdl\middleware\ble\lib\cy_ble_stack_gcc_host_ipc_cm4.a(host_main.o)
                0x10084378                CyBle_HostValidateAppBuffers

i.CyBle_HostValidateInputParams
                0x100843c4       0xb8
 i.CyBle_HostValidateInputParams
                0x100843c4       0xb8 Generated_Source\PSoC6\pdl\middleware\ble\lib\cy_ble_stack_gcc_host_ipc_cm4.a(host_main.o)
                0x100843c4                CyBle_HostValidateInputParams

i.CyBle_SendEvToApp
                0x1008447c       0x14
 i.CyBle_SendEvToApp
                0x1008447c       0x14 Generated_Source\PSoC6\pdl\middleware\ble\lib\cy_ble_stack_gcc_host_ipc_cm4.a(host_main.o)
                0x1008447c                CyBle_SendEvToApp

i.CyBle_ShutdownResetComplete
                0x10084490       0x68
 i.CyBle_ShutdownResetComplete
                0x10084490       0x68 Generated_Source\PSoC6\pdl\middleware\ble\lib\cy_ble_stack_gcc_host_ipc_cm4.a(host_main.o)
                0x10084490                CyBle_ShutdownResetComplete

i.CyBle_StackResetGlobalVariables
                0x100844f8       0x10
 i.CyBle_StackResetGlobalVariables
                0x100844f8       0x10 Generated_Source\PSoC6\pdl\middleware\ble\lib\cy_ble_stack_gcc_host_ipc_cm4.a(host_main.o)

i.CyBle_StackResetShutdown
                0x10084508        0xa
 i.CyBle_StackResetShutdown
                0x10084508        0xa Generated_Source\PSoC6\pdl\middleware\ble\lib\cy_ble_stack_gcc_host_ipc_cm4.a(host_main.o)

i.CyBle_TimerExpiryHandler
                0x10084514       0x2c
 i.CyBle_TimerExpiryHandler
                0x10084514       0x2c Generated_Source\PSoC6\pdl\middleware\ble\lib\cy_ble_stack_gcc_host_ipc_cm4.a(host_main.o)

i.Cy_BLE_StackShutdown
                0x10084540       0x20
 i.Cy_BLE_StackShutdown
                0x10084540       0x20 Generated_Source\PSoC6\pdl\middleware\ble\lib\cy_ble_stack_gcc_host_ipc_cm4.a(host_main.o)
                0x10084540                Cy_BLE_StackShutdown

i.Cy_BLE_StartTimer
                0x10084560       0x40
 i.Cy_BLE_StartTimer
                0x10084560       0x40 Generated_Source\PSoC6\pdl\middleware\ble\lib\cy_ble_stack_gcc_host_ipc_cm4.a(host_main.o)
                0x10084560                Cy_BLE_StartTimer

i.BT_att_access_mtu
                0x100845a0       0x24
 i.BT_att_access_mtu
                0x100845a0       0x24 Generated_Source\PSoC6\pdl\middleware\ble\lib\cy_ble_stack_gcc_host_ipc_cm4.a(att_api.o)
                0x100845a0                BT_att_access_mtu

i.BT_att_check_connected_state
                0x100845c4       0x38
 i.BT_att_check_connected_state
                0x100845c4       0x38 Generated_Source\PSoC6\pdl\middleware\ble\lib\cy_ble_stack_gcc_host_ipc_cm4.a(att_api.o)
                0x100845c4                BT_att_check_connected_state

i.BT_att_get_att_handle_from_device_id
                0x100845fc       0x34
 i.BT_att_get_att_handle_from_device_id
                0x100845fc       0x34 Generated_Source\PSoC6\pdl\middleware\ble\lib\cy_ble_stack_gcc_host_ipc_cm4.a(att_api.o)
                0x100845fc                BT_att_get_att_handle_from_device_id

i.BT_att_get_stop_long_procedure_state
                0x10084630       0x10
 i.BT_att_get_stop_long_procedure_state
                0x10084630       0x10 Generated_Source\PSoC6\pdl\middleware\ble\lib\cy_ble_stack_gcc_host_ipc_cm4.a(att_api.o)
                0x10084630                BT_att_get_stop_long_procedure_state

i.BT_att_register
                0x10084640       0x24
 i.BT_att_register
                0x10084640       0x24 Generated_Source\PSoC6\pdl\middleware\ble\lib\cy_ble_stack_gcc_host_ipc_cm4.a(att_api.o)
                0x10084640                BT_att_register

i.BT_att_send_pdu
                0x10084664      0x5a4
 i.BT_att_send_pdu
                0x10084664      0x5a4 Generated_Source\PSoC6\pdl\middleware\ble\lib\cy_ble_stack_gcc_host_ipc_cm4.a(att_api.o)
                0x10084664                BT_att_send_pdu

i.BT_att_set_stop_long_procedure
                0x10084c08       0x20
 i.BT_att_set_stop_long_procedure
                0x10084c08       0x20 Generated_Source\PSoC6\pdl\middleware\ble\lib\cy_ble_stack_gcc_host_ipc_cm4.a(att_api.o)
                0x10084c08                BT_att_set_stop_long_procedure

i.att_bt_init   0x10084c28       0x48
 i.att_bt_init  0x10084c28       0x48 Generated_Source\PSoC6\pdl\middleware\ble\lib\cy_ble_stack_gcc_host_ipc_cm4.a(att_init.o)
                0x10084c28                att_bt_init

i.att_bt_shutdown
                0x10084c70        0x2
 i.att_bt_shutdown
                0x10084c70        0x2 Generated_Source\PSoC6\pdl\middleware\ble\lib\cy_ble_stack_gcc_host_ipc_cm4.a(att_init.o)
                0x10084c70                att_bt_shutdown

i.att_get_heap_req
                0x10084c72        0x4
 i.att_get_heap_req
                0x10084c72        0x4 Generated_Source\PSoC6\pdl\middleware\ble\lib\cy_ble_stack_gcc_host_ipc_cm4.a(att_init.o)
                0x10084c72                att_get_heap_req

i.att_heap_deinit
                0x10084c78        0xc
 i.att_heap_deinit
                0x10084c78        0xc Generated_Source\PSoC6\pdl\middleware\ble\lib\cy_ble_stack_gcc_host_ipc_cm4.a(att_init.o)
                0x10084c78                att_heap_deinit

i.att_heap_init
                0x10084c84        0xc
 i.att_heap_init
                0x10084c84        0xc Generated_Source\PSoC6\pdl\middleware\ble\lib\cy_ble_stack_gcc_host_ipc_cm4.a(att_init.o)
                0x10084c84                att_heap_init

i.att_init      0x10084c90        0x2
 i.att_init     0x10084c90        0x2 Generated_Source\PSoC6\pdl\middleware\ble\lib\cy_ble_stack_gcc_host_ipc_cm4.a(att_init.o)
                0x10084c90                att_init

i.att_access_state_handler
                0x10084c94       0x18
 i.att_access_state_handler
                0x10084c94       0x18 Generated_Source\PSoC6\pdl\middleware\ble\lib\cy_ble_stack_gcc_host_ipc_cm4.a(att_internal.o)
                0x10084c94                att_access_state_handler

i.att_fsm_change_state
                0x10084cac       0xd8
 i.att_fsm_change_state
                0x10084cac       0xd8 Generated_Source\PSoC6\pdl\middleware\ble\lib\cy_ble_stack_gcc_host_ipc_cm4.a(att_internal.o)
                0x10084cac                att_fsm_change_state

i.att_fsm_set_state
                0x10084d84       0x48
 i.att_fsm_set_state
                0x10084d84       0x48 Generated_Source\PSoC6\pdl\middleware\ble\lib\cy_ble_stack_gcc_host_ipc_cm4.a(att_internal.o)
                0x10084d84                att_fsm_set_state

i.att_get_fsm_event
                0x10084dcc       0x1e
 i.att_get_fsm_event
                0x10084dcc       0x1e Generated_Source\PSoC6\pdl\middleware\ble\lib\cy_ble_stack_gcc_host_ipc_cm4.a(att_internal.o)
                0x10084dcc                att_get_fsm_event

i.att_l2cap_data_cb
                0x10084dec      0x158
 i.att_l2cap_data_cb
                0x10084dec      0x158 Generated_Source\PSoC6\pdl\middleware\ble\lib\cy_ble_stack_gcc_host_ipc_cm4.a(att_internal.o)
                0x10084dec                att_l2cap_data_cb

i.att_notify_application
                0x10084f44       0x70
 i.att_notify_application
                0x10084f44       0x70 Generated_Source\PSoC6\pdl\middleware\ble\lib\cy_ble_stack_gcc_host_ipc_cm4.a(att_internal.o)
                0x10084f44                att_notify_application

i.att_pack_handle_list
                0x10084fb4       0x4c
 i.att_pack_handle_list
                0x10084fb4       0x4c Generated_Source\PSoC6\pdl\middleware\ble\lib\cy_ble_stack_gcc_host_ipc_cm4.a(att_internal.o)
                0x10084fb4                att_pack_handle_list

i.att_pack_handle_value_pair
                0x10085000       0x48
 i.att_pack_handle_value_pair
                0x10085000       0x48 Generated_Source\PSoC6\pdl\middleware\ble\lib\cy_ble_stack_gcc_host_ipc_cm4.a(att_internal.o)
                0x10085000                att_pack_handle_value_pair

i.att_pack_value
                0x10085048       0x44
 i.att_pack_value
                0x10085048       0x44 Generated_Source\PSoC6\pdl\middleware\ble\lib\cy_ble_stack_gcc_host_ipc_cm4.a(att_internal.o)
                0x10085048                att_pack_value

i.att_timer_cb  0x1008508c       0x6c
 i.att_timer_cb
                0x1008508c       0x6c Generated_Source\PSoC6\pdl\middleware\ble\lib\cy_ble_stack_gcc_host_ipc_cm4.a(att_internal.o)
                0x1008508c                att_timer_cb

i.att_transport_write
                0x100850f8       0x46
 i.att_transport_write
                0x100850f8       0x46 Generated_Source\PSoC6\pdl\middleware\ble\lib\cy_ble_stack_gcc_host_ipc_cm4.a(att_internal.o)
                0x100850f8                att_transport_write

i.BT_bluetooth_get_stack_init_state
                0x10085140       0x18
 i.BT_bluetooth_get_stack_init_state
                0x10085140       0x18 Generated_Source\PSoC6\pdl\middleware\ble\lib\cy_ble_stack_gcc_host_ipc_cm4.a(BT_common.o)
                0x10085140                BT_bluetooth_get_stack_init_state

i.BT_bluetooth_off
                0x10085158       0x40
 i.BT_bluetooth_off
                0x10085158       0x40 Generated_Source\PSoC6\pdl\middleware\ble\lib\cy_ble_stack_gcc_host_ipc_cm4.a(BT_common.o)
                0x10085158                BT_bluetooth_off

i.BT_bluetooth_on
                0x10085198       0x54
 i.BT_bluetooth_on
                0x10085198       0x54 Generated_Source\PSoC6\pdl\middleware\ble\lib\cy_ble_stack_gcc_host_ipc_cm4.a(BT_common.o)
                0x10085198                BT_bluetooth_on

i.BT_common_bluetooth_on_complete
                0x100851ec       0x1c
 i.BT_common_bluetooth_on_complete
                0x100851ec       0x1c Generated_Source\PSoC6\pdl\middleware\ble\lib\cy_ble_stack_gcc_host_ipc_cm4.a(BT_common.o)
                0x100851ec                BT_common_bluetooth_on_complete

i.BT_ethermind_init
                0x10085208       0x38
 i.BT_ethermind_init
                0x10085208       0x38 Generated_Source\PSoC6\pdl\middleware\ble\lib\cy_ble_stack_gcc_host_ipc_cm4.a(BT_common.o)
                0x10085208                BT_ethermind_init

i.CyBle_DeviceQueueHeapDeInit
                0x10085240       0x10
 i.CyBle_DeviceQueueHeapDeInit
                0x10085240       0x10 Generated_Source\PSoC6\pdl\middleware\ble\lib\cy_ble_stack_gcc_host_ipc_cm4.a(device_queue.o)
                0x10085240                CyBle_DeviceQueueHeapDeInit

i.CyBle_DeviceQueueHeapInit
                0x10085250       0x4c
 i.CyBle_DeviceQueueHeapInit
                0x10085250       0x4c Generated_Source\PSoC6\pdl\middleware\ble\lib\cy_ble_stack_gcc_host_ipc_cm4.a(device_queue.o)
                0x10085250                CyBle_DeviceQueueHeapInit

i.CyBle_DeviceQueueHeapMemReq
                0x1008529c       0x44
 i.CyBle_DeviceQueueHeapMemReq
                0x1008529c       0x44 Generated_Source\PSoC6\pdl\middleware\ble\lib\cy_ble_stack_gcc_host_ipc_cm4.a(device_queue.o)
                0x1008529c                CyBle_DeviceQueueHeapMemReq

i.device_queue_alloc
                0x100852e0       0xe8
 i.device_queue_alloc
                0x100852e0       0xe8 Generated_Source\PSoC6\pdl\middleware\ble\lib\cy_ble_stack_gcc_host_ipc_cm4.a(device_queue.o)
                0x100852e0                device_queue_alloc

i.device_queue_bt_init
                0x100853c8       0x3c
 i.device_queue_bt_init
                0x100853c8       0x3c Generated_Source\PSoC6\pdl\middleware\ble\lib\cy_ble_stack_gcc_host_ipc_cm4.a(device_queue.o)
                0x100853c8                device_queue_bt_init

i.device_queue_bt_shutdown
                0x10085404        0x4
 i.device_queue_bt_shutdown
                0x10085404        0x4 Generated_Source\PSoC6\pdl\middleware\ble\lib\cy_ble_stack_gcc_host_ipc_cm4.a(device_queue.o)
                0x10085404                device_queue_bt_shutdown

i.device_queue_extension_clear_rpa_addr
                0x10085408       0x64
 i.device_queue_extension_clear_rpa_addr
                0x10085408       0x64 Generated_Source\PSoC6\pdl\middleware\ble\lib\cy_ble_stack_gcc_host_ipc_cm4.a(device_queue.o)
                0x10085408                device_queue_extension_clear_rpa_addr

i.device_queue_extension_find_index
                0x1008546c       0x5c
 i.device_queue_extension_find_index
                0x1008546c       0x5c Generated_Source\PSoC6\pdl\middleware\ble\lib\cy_ble_stack_gcc_host_ipc_cm4.a(device_queue.o)
                0x1008546c                device_queue_extension_find_index

i.device_queue_extension_init
                0x100854c8       0x14
 i.device_queue_extension_init
                0x100854c8       0x14 Generated_Source\PSoC6\pdl\middleware\ble\lib\cy_ble_stack_gcc_host_ipc_cm4.a(device_queue.o)
                0x100854c8                device_queue_extension_init

i.device_queue_extension_set_local_pub_priv_addr
                0x100854dc       0x58
 i.device_queue_extension_set_local_pub_priv_addr
                0x100854dc       0x58 Generated_Source\PSoC6\pdl\middleware\ble\lib\cy_ble_stack_gcc_host_ipc_cm4.a(device_queue.o)
                0x100854dc                device_queue_extension_set_local_pub_priv_addr

i.device_queue_free
                0x10085534       0x6c
 i.device_queue_free
                0x10085534       0x6c Generated_Source\PSoC6\pdl\middleware\ble\lib\cy_ble_stack_gcc_host_ipc_cm4.a(device_queue.o)
                0x10085534                device_queue_free

i.device_queue_get_local_addr
                0x100855a0       0x4c
 i.device_queue_get_local_addr
                0x100855a0       0x4c Generated_Source\PSoC6\pdl\middleware\ble\lib\cy_ble_stack_gcc_host_ipc_cm4.a(device_queue.o)
                0x100855a0                device_queue_get_local_addr

i.device_queue_get_local_addr_used_for_conn_setup
                0x100855ec       0xe4
 i.device_queue_get_local_addr_used_for_conn_setup
                0x100855ec       0xe4 Generated_Source\PSoC6\pdl\middleware\ble\lib\cy_ble_stack_gcc_host_ipc_cm4.a(device_queue.o)
                0x100855ec                device_queue_get_local_addr_used_for_conn_setup

i.device_queue_get_remote_addr
                0x100856d0       0x5c
 i.device_queue_get_remote_addr
                0x100856d0       0x5c Generated_Source\PSoC6\pdl\middleware\ble\lib\cy_ble_stack_gcc_host_ipc_cm4.a(device_queue.o)
                0x100856d0                device_queue_get_remote_addr

i.device_queue_get_remote_addr_used_for_conn_setup
                0x1008572c       0x8c
 i.device_queue_get_remote_addr_used_for_conn_setup
                0x1008572c       0x8c Generated_Source\PSoC6\pdl\middleware\ble\lib\cy_ble_stack_gcc_host_ipc_cm4.a(device_queue.o)
                0x1008572c                device_queue_get_remote_addr_used_for_conn_setup

i.device_queue_init
                0x100857b8       0x54
 i.device_queue_init
                0x100857b8       0x54 Generated_Source\PSoC6\pdl\middleware\ble\lib\cy_ble_stack_gcc_host_ipc_cm4.a(device_queue.o)
                0x100857b8                device_queue_init

i.device_queue_search_remote_addr
                0x1008580c       0x9c
 i.device_queue_search_remote_addr
                0x1008580c       0x9c Generated_Source\PSoC6\pdl\middleware\ble\lib\cy_ble_stack_gcc_host_ipc_cm4.a(device_queue.o)
                0x1008580c                device_queue_search_remote_addr

i.device_queue_set_curr_addr_type
                0x100858a8       0x20
 i.device_queue_set_curr_addr_type
                0x100858a8       0x20 Generated_Source\PSoC6\pdl\middleware\ble\lib\cy_ble_stack_gcc_host_ipc_cm4.a(device_queue.o)
                0x100858a8                device_queue_set_curr_addr_type

i.device_queue_set_remote_addr
                0x100858c8       0x4c
 i.device_queue_set_remote_addr
                0x100858c8       0x4c Generated_Source\PSoC6\pdl\middleware\ble\lib\cy_ble_stack_gcc_host_ipc_cm4.a(device_queue.o)
                0x100858c8                device_queue_set_remote_addr

i.CyBle_L2capCB
                0x10085914       0xa8
 i.CyBle_L2capCB
                0x10085914       0xa8 Generated_Source\PSoC6\pdl\middleware\ble\lib\cy_ble_stack_gcc_host_ipc_cm4.a(l2cap.o)
                0x10085914                CyBle_L2capCB

i.CyBle_L2capFreeBuffers
                0x100859bc       0x44
 i.CyBle_L2capFreeBuffers
                0x100859bc       0x44 Generated_Source\PSoC6\pdl\middleware\ble\lib\cy_ble_stack_gcc_host_ipc_cm4.a(l2cap.o)
                0x100859bc                CyBle_L2capFreeBuffers

i.CyBle_L2capHeapDeInit
                0x10085a00       0x1c
 i.CyBle_L2capHeapDeInit
                0x10085a00       0x1c Generated_Source\PSoC6\pdl\middleware\ble\lib\cy_ble_stack_gcc_host_ipc_cm4.a(l2cap.o)
                0x10085a00                CyBle_L2capHeapDeInit

i.CyBle_L2capHeapInit
                0x10085a1c       0x68
 i.CyBle_L2capHeapInit
                0x10085a1c       0x68 Generated_Source\PSoC6\pdl\middleware\ble\lib\cy_ble_stack_gcc_host_ipc_cm4.a(l2cap.o)
                0x10085a1c                CyBle_L2capHeapInit

i.CyBle_L2capHeapReq
                0x10085a84       0x12
 i.CyBle_L2capHeapReq
                0x10085a84       0x12 Generated_Source\PSoC6\pdl\middleware\ble\lib\cy_ble_stack_gcc_host_ipc_cm4.a(l2cap.o)
                0x10085a84                CyBle_L2capHeapReq

i.CyBle_L2capInit
                0x10085a98      0x1a8
 i.CyBle_L2capInit
                0x10085a98      0x1a8 Generated_Source\PSoC6\pdl\middleware\ble\lib\cy_ble_stack_gcc_host_ipc_cm4.a(l2cap.o)
                0x10085a98                CyBle_L2capInit

i.CyBle_L2capMemsetBuffers
                0x10085c40       0x70
 i.CyBle_L2capMemsetBuffers
                0x10085c40       0x70 Generated_Source\PSoC6\pdl\middleware\ble\lib\cy_ble_stack_gcc_host_ipc_cm4.a(l2cap.o)
                0x10085c40                CyBle_L2capMemsetBuffers

i.CyBle_L2capShutdown
                0x10085cb0        0xe
 i.CyBle_L2capShutdown
                0x10085cb0        0xe Generated_Source\PSoC6\pdl\middleware\ble\lib\cy_ble_stack_gcc_host_ipc_cm4.a(l2cap.o)
                0x10085cb0                CyBle_L2capShutdown

i.CyBle_L2capTxQueueFlowCb
                0x10085cbe       0x18
 i.CyBle_L2capTxQueueFlowCb
                0x10085cbe       0x18 Generated_Source\PSoC6\pdl\middleware\ble\lib\cy_ble_stack_gcc_host_ipc_cm4.a(l2cap.o)
                0x10085cbe                CyBle_L2capTxQueueFlowCb

i.l2cap_disconnect_cid
                0x10085cd8       0xb4
 i.l2cap_disconnect_cid
                0x10085cd8       0xb4 Generated_Source\PSoC6\pdl\middleware\ble\lib\cy_ble_stack_gcc_host_ipc_cm4.a(l2cap_disconnect.o)
                0x10085cd8                l2cap_disconnect_cid

i.l2cap_disconnect_req
                0x10085d8c       0xd4
 i.l2cap_disconnect_req
                0x10085d8c       0xd4 Generated_Source\PSoC6\pdl\middleware\ble\lib\cy_ble_stack_gcc_host_ipc_cm4.a(l2cap_disconnect.o)
                0x10085d8c                l2cap_disconnect_req

i.l2cap_disconnect_rsp
                0x10085e60       0x9c
 i.l2cap_disconnect_rsp
                0x10085e60       0x9c Generated_Source\PSoC6\pdl\middleware\ble\lib\cy_ble_stack_gcc_host_ipc_cm4.a(l2cap_disconnect.o)
                0x10085e60                l2cap_disconnect_rsp

i.l2cap_lp_disconnect_ind
                0x10085efc      0x120
 i.l2cap_lp_disconnect_ind
                0x10085efc      0x120 Generated_Source\PSoC6\pdl\middleware\ble\lib\cy_ble_stack_gcc_host_ipc_cm4.a(l2cap_disconnect.o)
                0x10085efc                l2cap_lp_disconnect_ind

i.l2cap_bt_init
                0x1008601c       0xdc
 i.l2cap_bt_init
                0x1008601c       0xdc Generated_Source\PSoC6\pdl\middleware\ble\lib\cy_ble_stack_gcc_host_ipc_cm4.a(l2cap_init.o)
                0x1008601c                l2cap_bt_init

i.l2cap_bt_shutdown
                0x100860f8       0x34
 i.l2cap_bt_shutdown
                0x100860f8       0x34 Generated_Source\PSoC6\pdl\middleware\ble\lib\cy_ble_stack_gcc_host_ipc_cm4.a(l2cap_init.o)
                0x100860f8                l2cap_bt_shutdown

i.l2cap_init    0x1008612c       0x2c
 i.l2cap_init   0x1008612c       0x2c Generated_Source\PSoC6\pdl\middleware\ble\lib\cy_ble_stack_gcc_host_ipc_cm4.a(l2cap_init.o)
                0x1008612c                l2cap_init

i.l2cap_register_tx_queue_flow_cb
                0x10086158       0x14
 i.l2cap_register_tx_queue_flow_cb
                0x10086158       0x14 Generated_Source\PSoC6\pdl\middleware\ble\lib\cy_ble_stack_gcc_host_ipc_cm4.a(l2cap_init.o)
                0x10086158                l2cap_register_tx_queue_flow_cb

i.l2cap_allocate_buffer_element
                0x1008616c       0x90
 i.l2cap_allocate_buffer_element
                0x1008616c       0x90 Generated_Source\PSoC6\pdl\middleware\ble\lib\cy_ble_stack_gcc_host_ipc_cm4.a(l2cap_utils.o)
                0x1008616c                l2cap_allocate_buffer_element

i.l2cap_buffer_dequeue
                0x100861fc       0xd8
 i.l2cap_buffer_dequeue
                0x100861fc       0xd8 Generated_Source\PSoC6\pdl\middleware\ble\lib\cy_ble_stack_gcc_host_ipc_cm4.a(l2cap_utils.o)
                0x100861fc                l2cap_buffer_dequeue

i.l2cap_buffer_enqueue
                0x100862d4       0x5c
 i.l2cap_buffer_enqueue
                0x100862d4       0x5c Generated_Source\PSoC6\pdl\middleware\ble\lib\cy_ble_stack_gcc_host_ipc_cm4.a(l2cap_utils.o)
                0x100862d4                l2cap_buffer_enqueue

i.l2cap_free_buffer_element
                0x10086330      0x114
 i.l2cap_free_buffer_element
                0x10086330      0x114 Generated_Source\PSoC6\pdl\middleware\ble\lib\cy_ble_stack_gcc_host_ipc_cm4.a(l2cap_utils.o)
                0x10086330                l2cap_free_buffer_element

i.l2cap_get_tx_queue_flow_state
                0x10086444       0x2c
 i.l2cap_get_tx_queue_flow_state
                0x10086444       0x2c Generated_Source\PSoC6\pdl\middleware\ble\lib\cy_ble_stack_gcc_host_ipc_cm4.a(l2cap_utils.o)
                0x10086444                l2cap_get_tx_queue_flow_state

i.l2cap_is_handle_in_sigch_list
                0x10086470       0x38
 i.l2cap_is_handle_in_sigch_list
                0x10086470       0x38 Generated_Source\PSoC6\pdl\middleware\ble\lib\cy_ble_stack_gcc_host_ipc_cm4.a(l2cap_utils.o)
                0x10086470                l2cap_is_handle_in_sigch_list

i.l2cap_is_in_sigch_list
                0x100864a8       0x44
 i.l2cap_is_in_sigch_list
                0x100864a8       0x44 Generated_Source\PSoC6\pdl\middleware\ble\lib\cy_ble_stack_gcc_host_ipc_cm4.a(l2cap_utils.o)
                0x100864a8                l2cap_is_in_sigch_list

i.l2cap_is_queue_free
                0x100864ec       0x3c
 i.l2cap_is_queue_free
                0x100864ec       0x3c Generated_Source\PSoC6\pdl\middleware\ble\lib\cy_ble_stack_gcc_host_ipc_cm4.a(l2cap_utils.o)
                0x100864ec                l2cap_is_queue_free

i.l2cap_tx_queue_flow_control
                0x10086528       0x60
 i.l2cap_tx_queue_flow_control
                0x10086528       0x60 Generated_Source\PSoC6\pdl\middleware\ble\lib\cy_ble_stack_gcc_host_ipc_cm4.a(l2cap_utils.o)
                0x10086528                l2cap_tx_queue_flow_control

i.l2cap_data_transmitter_bh
                0x10086588       0xdc
 i.l2cap_data_transmitter_bh
                0x10086588       0xdc Generated_Source\PSoC6\pdl\middleware\ble\lib\cy_ble_stack_gcc_host_ipc_cm4.a(l2cap_lmp.o)
                0x10086588                l2cap_data_transmitter_bh

i.l2cap_frame_tx_pdu
                0x10086664       0x9c
 i.l2cap_frame_tx_pdu
                0x10086664       0x9c Generated_Source\PSoC6\pdl\middleware\ble\lib\cy_ble_stack_gcc_host_ipc_cm4.a(l2cap_lmp.o)
                0x10086664                l2cap_frame_tx_pdu

i.l2cap_lp_data_write
                0x10086700      0x138
 i.l2cap_lp_data_write
                0x10086700      0x138 Generated_Source\PSoC6\pdl\middleware\ble\lib\cy_ble_stack_gcc_host_ipc_cm4.a(l2cap_lmp.o)
                0x10086700                l2cap_lp_data_write

i.l2cap_lp_le_buffer_size
                0x10086838       0x48
 i.l2cap_lp_le_buffer_size
                0x10086838       0x48 Generated_Source\PSoC6\pdl\middleware\ble\lib\cy_ble_stack_gcc_host_ipc_cm4.a(l2cap_lmp.o)
                0x10086838                l2cap_lp_le_buffer_size

i.l2cap_lp_num_completed_packets
                0x10086880       0x64
 i.l2cap_lp_num_completed_packets
                0x10086880       0x64 Generated_Source\PSoC6\pdl\middleware\ble\lib\cy_ble_stack_gcc_host_ipc_cm4.a(l2cap_lmp.o)
                0x10086880                l2cap_lp_num_completed_packets

i.l2cap_schedule_data_tx
                0x100868e4       0x34
 i.l2cap_schedule_data_tx
                0x100868e4       0x34 Generated_Source\PSoC6\pdl\middleware\ble\lib\cy_ble_stack_gcc_host_ipc_cm4.a(l2cap_lmp.o)
                0x100868e4                l2cap_schedule_data_tx

i.BT_l2cap_register_le_event_cb
                0x10086918       0x14
 i.BT_l2cap_register_le_event_cb
                0x10086918       0x14 Generated_Source\PSoC6\pdl\middleware\ble\lib\cy_ble_stack_gcc_host_ipc_cm4.a(l2cap_le.o)
                0x10086918                BT_l2cap_register_le_event_cb

i.l2cap_fixed_channel_data_write
                0x1008692c       0x6c
 i.l2cap_fixed_channel_data_write
                0x1008692c       0x6c Generated_Source\PSoC6\pdl\middleware\ble\lib\cy_ble_stack_gcc_host_ipc_cm4.a(l2cap_fixed_channel.o)
                0x1008692c                l2cap_fixed_channel_data_write

i.l2cap_register_fixed_channel_cb
                0x10086998       0x24
 i.l2cap_register_fixed_channel_cb
                0x10086998       0x24 Generated_Source\PSoC6\pdl\middleware\ble\lib\cy_ble_stack_gcc_host_ipc_cm4.a(l2cap_fixed_channel.o)
                0x10086998                l2cap_register_fixed_channel_cb

i.l2cap_update_fixed_channel_mtu
                0x100869bc       0x38
 i.l2cap_update_fixed_channel_mtu
                0x100869bc       0x38 Generated_Source\PSoC6\pdl\middleware\ble\lib\cy_ble_stack_gcc_host_ipc_cm4.a(l2cap_fixed_channel.o)
                0x100869bc                l2cap_update_fixed_channel_mtu

i.l2cap_allocate_channel
                0x100869f4       0x40
 i.l2cap_allocate_channel
                0x100869f4       0x40 Generated_Source\PSoC6\pdl\middleware\ble\lib\cy_ble_stack_gcc_host_ipc_cm4.a(l2cap_channels.o)
                0x100869f4                l2cap_allocate_channel

i.l2cap_fixed_mode_rx_data_handler
                0x10086a34       0x24
 i.l2cap_fixed_mode_rx_data_handler
                0x10086a34       0x24 Generated_Source\PSoC6\pdl\middleware\ble\lib\cy_ble_stack_gcc_host_ipc_cm4.a(l2cap_channels.o)
                0x10086a34                l2cap_fixed_mode_rx_data_handler

i.l2cap_free_channel
                0x10086a58      0x114
 i.l2cap_free_channel
                0x10086a58      0x114 Generated_Source\PSoC6\pdl\middleware\ble\lib\cy_ble_stack_gcc_host_ipc_cm4.a(l2cap_channels.o)
                0x10086a58                l2cap_free_channel

i.l2cap_search_local_channel
                0x10086b6c       0x50
 i.l2cap_search_local_channel
                0x10086b6c       0x50 Generated_Source\PSoC6\pdl\middleware\ble\lib\cy_ble_stack_gcc_host_ipc_cm4.a(l2cap_channels.o)
                0x10086b6c                l2cap_search_local_channel

i.l2cap_cbfc_connect_req
                0x10086bbc      0x204
 i.l2cap_cbfc_connect_req
                0x10086bbc      0x204 Generated_Source\PSoC6\pdl\middleware\ble\lib\cy_ble_stack_gcc_host_ipc_cm4.a(l2cap_credit_mode.o)
                0x10086bbc                l2cap_cbfc_connect_req

i.l2cap_cbfc_connect_rsp
                0x10086dc0      0x180
 i.l2cap_cbfc_connect_rsp