Archive member included to satisfy reference by file (symbol)

Generated_Source\PSoC6\pdl\middleware\ble\lib\cy_ble_stack_gcc_controller_ipc_cm0p.a(CyBleStackMgrIP_Interface.o)
                              .\CortexM0p\ARM_GCC_541\Debug\main_cm0p.o (Cy_BLE_ProcessEvents)
Generated_Source\PSoC6\pdl\middleware\ble\lib\cy_ble_stack_gcc_controller_ipc_cm0p.a(CyBleStackMgr_PSoCHal.o)
                              Generated_Source\PSoC6\pdl\middleware\ble\lib\cy_ble_stack_gcc_controller_ipc_cm0p.a(CyBleStackMgrIP_Interface.o) (bt_config)
Generated_Source\PSoC6\pdl\middleware\ble\lib\cy_ble_stack_gcc_controller_ipc_cm0p.a(CyBleStackMgr_BleSSDriver.o)
                              Generated_Source\PSoC6\pdl\middleware\ble\lib\cy_ble_stack_gcc_controller_ipc_cm0p.a(CyBleStackMgrIP_Interface.o) (CyBleStackMgr_BleSSInit)
Generated_Source\PSoC6\pdl\middleware\ble\lib\cy_ble_stack_gcc_controller_ipc_cm0p.a(CyBleStackMgr_StackTaskHandler.o)
                              Generated_Source\PSoC6\pdl\middleware\ble\lib\cy_ble_stack_gcc_controller_ipc_cm0p.a(CyBleStackMgrIP_Interface.o) (CyBle_CreateBleStackTask)
Generated_Source\PSoC6\pdl\middleware\ble\lib\cy_ble_stack_gcc_controller_ipc_cm0p.a(config_bin.o)
                              Generated_Source\PSoC6\pdl\middleware\ble\lib\cy_ble_stack_gcc_controller_ipc_cm0p.a(CyBleStackMgr_PSoCHal.o) (bt_cfg_pdata)
Generated_Source\PSoC6\pdl\middleware\ble\lib\cy_ble_stack_gcc_controller_ipc_cm0p.a(BT_timer.o)
                              Generated_Source\PSoC6\pdl\middleware\ble\lib\cy_ble_stack_gcc_controller_ipc_cm0p.a(CyBleStackMgr_StackTaskHandler.o) (BT_timer_process_signals)
Generated_Source\PSoC6\pdl\middleware\ble\lib\cy_ble_stack_gcc_controller_ipc_cm0p.a(bt_os_common.o)
                              Generated_Source\PSoC6\pdl\middleware\ble\lib\cy_ble_stack_gcc_controller_ipc_cm0p.a(CyBleStackMgr_StackTaskHandler.o) (BT_ISROSQPost)
Generated_Source\PSoC6\pdl\middleware\ble\lib\cy_ble_stack_gcc_controller_ipc_cm0p.a(CyBleStackMgrIP_Pilo.o)
                              Generated_Source\PSoC6\pdl\middleware\ble\lib\cy_ble_stack_gcc_controller_ipc_cm0p.a(CyBleStackMgrIP_Interface.o) (CyPilo_InitCalibration)
Generated_Source\PSoC6\pdl\middleware\ble\lib\cy_ble_stack_gcc_controller_ipc_cm0p.a(mint_os.o)
                              Generated_Source\PSoC6\pdl\middleware\ble\lib\cy_ble_stack_gcc_controller_ipc_cm0p.a(CyBleStackMgrIP_Interface.o) (OS_init)
Generated_Source\PSoC6\pdl\middleware\ble\lib\cy_ble_stack_gcc_controller_ipc_cm0p.a(mint_os_queue.o)
                              Generated_Source\PSoC6\pdl\middleware\ble\lib\cy_ble_stack_gcc_controller_ipc_cm0p.a(mint_os.o) (OS_TOTAL_QUEUES)
Generated_Source\PSoC6\pdl\middleware\ble\lib\cy_ble_stack_gcc_controller_ipc_cm0p.a(mint_os_task.o)
                              Generated_Source\PSoC6\pdl\middleware\ble\lib\cy_ble_stack_gcc_controller_ipc_cm0p.a(mint_os.o) (idle_func_handler)
Generated_Source\PSoC6\pdl\middleware\ble\lib\cy_ble_stack_gcc_controller_ipc_cm0p.a(mint_buf_mgmt.o)
                              Generated_Source\PSoC6\pdl\middleware\ble\lib\cy_ble_stack_gcc_controller_ipc_cm0p.a(CyBleStackMgrIP_Interface.o) (mint_buf_mgmt_init)
Generated_Source\PSoC6\pdl\middleware\ble\lib\cy_ble_stack_gcc_controller_ipc_cm0p.a(transport_ipc.o)
                              Generated_Source\PSoC6\pdl\middleware\ble\lib\cy_ble_stack_gcc_controller_ipc_cm0p.a(CyBleStackMgr_PSoCHal.o) (CyBleController_HciIpcInit)
Generated_Source\PSoC6\pdl\middleware\ble\lib\cy_ble_stack_gcc_controller_ipc_cm0p.a(CyBleStackMgr_PSoCIPCHal.o)
                              Generated_Source\PSoC6\pdl\middleware\ble\lib\cy_ble_stack_gcc_controller_ipc_cm0p.a(CyBleStackMgrIP_Interface.o) (CyBleController_IPC_HAL_InitWithStaticMem)
Generated_Source\PSoC6\pdl\middleware\ble\lib\cy_ble_stack_gcc_controller_ipc_cm0p.a(CyBleControllerIP_Interface.o)
                              Generated_Source\PSoC6\pdl\middleware\ble\lib\cy_ble_stack_gcc_controller_ipc_cm0p.a(CyBleStackMgrIP_Interface.o) (CyBle_ControllerEnableDleFeature)
Generated_Source\PSoC6\pdl\middleware\ble\lib\cy_ble_stack_gcc_controller_ipc_cm0p.a(ll.o)
                              Generated_Source\PSoC6\pdl\middleware\ble\lib\cy_ble_stack_gcc_controller_ipc_cm0p.a(CyBleControllerIP_Interface.o) (ll_self_device_data)
Generated_Source\PSoC6\pdl\middleware\ble\lib\cy_ble_stack_gcc_controller_ipc_cm0p.a(ll_advertiser.o)
                              Generated_Source\PSoC6\pdl\middleware\ble\lib\cy_ble_stack_gcc_controller_ipc_cm0p.a(ll.o) (ll_adv_is_configured_connection_adv)
Generated_Source\PSoC6\pdl\middleware\ble\lib\cy_ble_stack_gcc_controller_ipc_cm0p.a(ll_connection.o)
                              Generated_Source\PSoC6\pdl\middleware\ble\lib\cy_ble_stack_gcc_controller_ipc_cm0p.a(ll.o) (bleSlDsmFix)
Generated_Source\PSoC6\pdl\middleware\ble\lib\cy_ble_stack_gcc_controller_ipc_cm0p.a(llh_api.o)
[...]
Memory Configuration

Name             Origin             Length             Attributes
ram              0x08000000         0x00024000         xrw
flash            0x10000000         0x00080000         xr
em_eeprom        0x14000000         0x00008000         xr
sflash_user_data 0x16000800         0x00000800         xr
sflash_nar       0x16001a00         0x00000200         xr
sflash_public_key 0x16005a00         0x00000c00         xr
sflash_toc_2     0x16007c00         0x00000200         xr
sflash_rtoc_2    0x16007e00         0x00000200         xr
xip              0x18000000         0x08000000         xr
efuse            0x90700000         0x00100000         r
*default*        0x00000000         0xffffffff

Linker script and memory map

LOAD c:/program files (x86)/cypress/psoc creator/4.2/psoc creator/import/gnu/arm/5.4.1/bin/../lib/gcc/arm-none-eabi/5.4.1/armv6-m/crti.o
LOAD c:/program files (x86)/cypress/psoc creator/4.2/psoc creator/import/gnu/arm/5.4.1/bin/../lib/gcc/arm-none-eabi/5.4.1/armv6-m/crtbegin.o
LOAD c:/program files (x86)/cypress/psoc creator/4.2/psoc creator/import/gnu/arm/5.4.1/bin/../lib/gcc/arm-none-eabi/5.4.1/../../../../arm-none-eabi/lib/armv6-m/crt0.o
START GROUP
LOAD Generated_Source\PSoC6\pdl\middleware\ble\lib\cy_ble_stack_gcc_radio_max_cm0p.a
LOAD Generated_Source\PSoC6\pdl\middleware\ble\lib\cy_ble_stack_gcc_controller_ipc_cm0p.a
LOAD .\CortexM0p\ARM_GCC_541\Debug\startup_psoc63_cm0plus.o
LOAD .\CortexM0p\ARM_GCC_541\Debug\main_cm0p.o
LOAD .\CortexM0p\ARM_GCC_541\Debug\system_psoc63_cm0plus.o
LOAD .\CortexM0p\ARM_GCC_541\Debug\cy_ipc_config.o
LOAD .\CortexM0p\ARM_GCC_541\Debug\cyfitter_sysint_cfg.o
LOAD .\CortexM0p\ARM_GCC_541\Debug\cyfitter_cfg.o
LOAD .\CortexM0p\ARM_GCC_541\Debug\cymetadata.o
LOAD .\CortexM0p\ARM_GCC_541\Debug\BLE.o
LOAD .\CortexM0p\ARM_GCC_541\Debug\BLE_config.o
LOAD .\CortexM0p\ARM_GCC_541\Debug\BLE_dis_config.o
LOAD .\CortexM0p\ARM_GCC_541\Debug\cy_sysint.o
LOAD .\CortexM0p\ARM_GCC_541\Debug\cy_ipc_drv.o
LOAD .\CortexM0p\ARM_GCC_541\Debug\cy_ipc_sema.o
LOAD .\CortexM0p\ARM_GCC_541\Debug\cy_ipc_pipe.o
LOAD .\CortexM0p\ARM_GCC_541\Debug\cy_sysclk.o
LOAD .\CortexM0p\ARM_GCC_541\Debug\cy_wdt.o
LOAD .\CortexM0p\ARM_GCC_541\Debug\cy_efuse.o
LOAD .\CortexM0p\ARM_GCC_541\Debug\cy_flash.o
LOAD .\CortexM0p\ARM_GCC_541\Debug\cy_gpio.o
LOAD .\CortexM0p\ARM_GCC_541\Debug\cy_sysanalog.o
LOAD .\CortexM0p\ARM_GCC_541\Debug\cy_syspm.o
LOAD .\CortexM0p\ARM_GCC_541\Debug\cy_syslib.o
LOAD .\CortexM0p\ARM_GCC_541\Debug\cy_syslib_gcc.o
LOAD .\CortexM0p\ARM_GCC_541\Debug\cy_trigmux.o
LOAD .\CortexM0p\ARM_GCC_541\Debug\cy_systick.o
LOAD .\CortexM0p\ARM_GCC_541\Debug\cy_profile.o
LOAD .\CortexM0p\ARM_GCC_541\Debug\cy_prot.o
LOAD .\CortexM0p\ARM_GCC_541\Debug\cy_lvd.o
LOAD .\CortexM0p\ARM_GCC_541\Debug\cy_ble.o
LOAD .\CortexM0p\ARM_GCC_541\Debug\cy_ble_hal_int.o
LOAD .\CortexM0p\ARM_GCC_541\Debug\cy_ble_hal_pvt.o
LOAD .\CortexM0p\ARM_GCC_541\Debug\cy_ble_gap.o
LOAD .\CortexM0p\ARM_GCC_541\Debug\cy_ble_gatt.o
LOAD .\CortexM0p\ARM_GCC_541\Debug\cy_ble_event_handler.o
LOAD .\CortexM0p\ARM_GCC_541\Debug\cy_ble_ancs.o
LOAD .\CortexM0p\ARM_GCC_541\Debug\cy_ble_ans.o
LOAD .\CortexM0p\ARM_GCC_541\Debug\cy_ble_aios.o
LOAD .\CortexM0p\ARM_GCC_541\Debug\cy_ble_bas.o
LOAD .\CortexM0p\ARM_GCC_541\Debug\cy_ble_bcs.o
LOAD .\CortexM0p\ARM_GCC_541\Debug\cy_ble_bls.o
LOAD .\CortexM0p\ARM_GCC_541\Debug\cy_ble_bms.o
LOAD .\CortexM0p\ARM_GCC_541\Debug\cy_ble_bts.o
LOAD .\CortexM0p\ARM_GCC_541\Debug\cy_ble_cgms.o
LOAD .\CortexM0p\ARM_GCC_541\Debug\cy_ble_cps.o
LOAD .\CortexM0p\ARM_GCC_541\Debug\cy_ble_cscs.o
LOAD .\CortexM0p\ARM_GCC_541\Debug\cy_ble_cts.o
LOAD .\CortexM0p\ARM_GCC_541\Debug\cy_ble_custom.o
LOAD .\CortexM0p\ARM_GCC_541\Debug\cy_ble_dis.o
LOAD .\CortexM0p\ARM_GCC_541\Debug\cy_ble_ess.o
LOAD .\CortexM0p\ARM_GCC_541\Debug\cy_ble_gls.o
LOAD .\CortexM0p\ARM_GCC_541\Debug\cy_ble_hids.o
LOAD .\CortexM0p\ARM_GCC_541\Debug\cy_ble_hps.o
LOAD .\CortexM0p\ARM_GCC_541\Debug\cy_ble_hrs.o
LOAD .\CortexM0p\ARM_GCC_541\Debug\cy_ble_hts.o
LOAD .\CortexM0p\ARM_GCC_541\Debug\cy_ble_ias.o
LOAD .\CortexM0p\ARM_GCC_541\Debug\cy_ble_ips.o
LOAD .\CortexM0p\ARM_GCC_541\Debug\cy_ble_lls.o
LOAD .\CortexM0p\ARM_GCC_541\Debug\cy_ble_lns.o
LOAD .\CortexM0p\ARM_GCC_541\Debug\cy_ble_ndcs.o
LOAD .\CortexM0p\ARM_GCC_541\Debug\cy_ble_plxs.o
LOAD .\CortexM0p\ARM_GCC_541\Debug\cy_ble_pass.o
LOAD .\CortexM0p\ARM_GCC_541\Debug\cy_ble_rscs.o
LOAD .\CortexM0p\ARM_GCC_541\Debug\cy_ble_rtus.o
LOAD .\CortexM0p\ARM_GCC_541\Debug\cy_ble_scps.o
LOAD .\CortexM0p\ARM_GCC_541\Debug\cy_ble_tps.o
LOAD .\CortexM0p\ARM_GCC_541\Debug\cy_ble_uds.o
LOAD .\CortexM0p\ARM_GCC_541\Debug\cy_ble_wpts.o
LOAD .\CortexM0p\ARM_GCC_541\Debug\cy_ble_wss.o
LOAD .\CortexM0p\ARM_GCC_541\Debug\cy_ble_clk.o
END GROUP
START GROUP
LOAD c:/program files (x86)/cypress/psoc creator/4.2/psoc creator/import/gnu/arm/5.4.1/bin/../lib/gcc/arm-none-eabi/5.4.1/armv6-m\libgcc.a
LOAD c:/program files (x86)/cypress/psoc creator/4.2/psoc creator/import/gnu/arm/5.4.1/bin/../lib/gcc/arm-none-eabi/5.4.1/../../../../arm-none-eabi/lib/armv6-m\libg_nano.a
LOAD c:/program files (x86)/cypress/psoc creator/4.2/psoc creator/import/gnu/arm/5.4.1/bin/../lib/gcc/arm-none-eabi/5.4.1/../../../../arm-none-eabi/lib/armv6-m\libc_nano.a
END GROUP
START GROUP
LOAD c:/program files (x86)/cypress/psoc creator/4.2/psoc creator/import/gnu/arm/5.4.1/bin/../lib/gcc/arm-none-eabi/5.4.1/armv6-m\libgcc.a
LOAD c:/program files (x86)/cypress/psoc creator/4.2/psoc creator/import/gnu/arm/5.4.1/bin/../lib/gcc/arm-none-eabi/5.4.1/../../../../arm-none-eabi/lib/armv6-m\libc_nano.a
END GROUP
LOAD c:/program files (x86)/cypress/psoc creator/4.2/psoc creator/import/gnu/arm/5.4.1/bin/../lib/gcc/arm-none-eabi/5.4.1/armv6-m/crtend.o
LOAD c:/program files (x86)/cypress/psoc creator/4.2/psoc creator/import/gnu/arm/5.4.1/bin/../lib/gcc/arm-none-eabi/5.4.1/armv6-m/crtn.o
START GROUP
LOAD c:/program files (x86)/cypress/psoc creator/4.2/psoc creator/import/gnu/arm/5.4.1/bin/../lib/gcc/arm-none-eabi/5.4.1/armv6-m\libgcc.a
LOAD c:/program files (x86)/cypress/psoc creator/4.2/psoc creator/import/gnu/arm/5.4.1/bin/../lib/gcc/arm-none-eabi/5.4.1/../../../../arm-none-eabi/lib/armv6-m\libc.a
LOAD c:/program files (x86)/cypress/psoc creator/4.2/psoc creator/import/gnu/arm/5.4.1/bin/../lib/gcc/arm-none-eabi/5.4.1/../../../../arm-none-eabi/lib/armv6-m\libnosys.a
END GROUP
START GROUP
LOAD c:/program files (x86)/cypress/psoc creator/4.2/psoc creator/import/gnu/arm/5.4.1/bin/../lib/gcc/arm-none-eabi/5.4.1/armv6-m\libgcc.a
LOAD c:/program files (x86)/cypress/psoc creator/4.2/psoc creator/import/gnu/arm/5.4.1/bin/../lib/gcc/arm-none-eabi/5.4.1/../../../../arm-none-eabi/lib/armv6-m\libc.a
LOAD c:/program files (x86)/cypress/psoc creator/4.2/psoc creator/import/gnu/arm/5.4.1/bin/../lib/gcc/arm-none-eabi/5.4.1/../../../../arm-none-eabi/lib/armv6-m\libm.a
LOAD c:/program files (x86)/cypress/psoc creator/4.2/psoc creator/import/gnu/arm/5.4.1/bin/../lib/gcc/arm-none-eabi/5.4.1/../../../../arm-none-eabi/lib/armv6-m\libnosys.a
END GROUP

.cy_app_header
 *(.cy_app_header)

.text           0x10000000     0x5b94
                0x10000000                . = ALIGN (0x4)
                0x10000000                __Vectors = .
 *(.vectors)
 .vectors       0x10000000       0xc0 .\CortexM0p\ARM_GCC_541\Debug\startup_psoc63_cm0plus.o
                0x100000c0                . = ALIGN (0x4)
                0x100000c0                __Vectors_End = .
                0x000000c0                __Vectors_Size = (__Vectors_End - __Vectors)
                0x100000c0                __end__ = .
                0x100000c0                . = ALIGN (0x4)
 *(.text*)
 .text          0x100000c0       0x60 c:/program files (x86)/cypress/psoc creator/4.2/psoc creator/import/gnu/arm/5.4.1/bin/../lib/gcc/arm-none-eabi/5.4.1/armv6-m/crtbegin.o
 .text          0x10000120       0x90 .\CortexM0p\ARM_GCC_541\Debug\startup_psoc63_cm0plus.o
                0x10000120                Cy_OnResetUser
                0x10000122                Cy_SaveIRQ
                0x1000012a                Cy_RestoreIRQ
                0x10000130                Reset_Handler
                0x10000190                SysTick_Handler
                0x10000190                PendSV_Handler
                0x10000190                NMI_Handler
                0x10000190                NvicMux19_IRQHandler
                0x10000190                NvicMux8_IRQHandler
                0x10000190                NvicMux27_IRQHandler
                0x10000190                NvicMux26_IRQHandler
                0x10000190                NvicMux17_IRQHandler
                0x10000190                NvicMux0_IRQHandler
                0x10000190                NvicMux25_IRQHandler
                0x10000190                NvicMux13_IRQHandler
                0x10000190                NvicMux11_IRQHandler
                0x10000190                NvicMux9_IRQHandler
                0x10000190                NvicMux18_IRQHandler
                0x10000190                NvicMux6_IRQHandler
                0x10000190                NvicMux10_IRQHandler
                0x10000190                NvicMux7_IRQHandler
                0x10000190                NvicMux2_IRQHandler
                0x10000190                NvicMux4_IRQHandler
                0x10000190                Default_Handler
                0x10000190                NvicMux30_IRQHandler
                0x10000190                NvicMux12_IRQHandler
                0x10000190                NvicMux5_IRQHandler
                0x10000190                NvicMux14_IRQHandler
                0x10000190                NvicMux3_IRQHandler
                0x10000190                SVC_Handler
                0x10000190                NvicMux1_IRQHandler
                0x10000190                NvicMux16_IRQHandler
                0x10000190                NvicMux29_IRQHandler
                0x10000190                NvicMux31_IRQHandler
                0x10000190                NvicMux21_IRQHandler
                0x10000190                NvicMux24_IRQHandler
                0x10000190                NvicMux20_IRQHandler
                0x10000190                NvicMux22_IRQHandler
                0x10000190                NvicMux15_IRQHandler
                0x10000190                NvicMux28_IRQHandler
                0x10000190                NvicMux23_IRQHandler
                0x10000194                HardFault_Handler
 .text.main     0x100001b0       0x20 .\CortexM0p\ARM_GCC_541\Debug\main_cm0p.o
                0x100001b0                main
 .text.SystemCoreClockUpdate
                0x100001d0      0x1b0 .\CortexM0p\ARM_GCC_541\Debug\system_psoc63_cm0plus.o
                0x100001d0                SystemCoreClockUpdate
 .text.SystemInit
                0x10000380       0xa4 .\CortexM0p\ARM_GCC_541\Debug\system_psoc63_cm0plus.o
                0x10000380                SystemInit
 .text.Cy_SysGetCM4Status
                0x10000424       0x10 .\CortexM0p\ARM_GCC_541\Debug\system_psoc63_cm0plus.o
                0x10000424                Cy_SysGetCM4Status
 .text.Cy_SysResetCM4
                0x10000434       0x34 .\CortexM0p\ARM_GCC_541\Debug\system_psoc63_cm0plus.o
                0x10000434                Cy_SysResetCM4
 .text.Cy_SysEnableCM4
                0x10000468       0x4c .\CortexM0p\ARM_GCC_541\Debug\system_psoc63_cm0plus.o
                0x10000468                Cy_SysEnableCM4
 .text.Cy_IPC_SystemPipeIsr
                0x100004b4        0xc .\CortexM0p\ARM_GCC_541\Debug\cy_ipc_config.o
 .text.Cy_IPC_SystemSemaInit
                0x100004c0       0x14 .\CortexM0p\ARM_GCC_541\Debug\cy_ipc_config.o
                0x100004c0                Cy_IPC_SystemSemaInit
 .text.Cy_IPC_SystemPipeInit
                0x100004d4       0x28 .\CortexM0p\ARM_GCC_541\Debug\cy_ipc_config.o
                0x100004d4                Cy_IPC_SystemPipeInit
 .text.CyClockStartupError
                0x100004fc        0x4 .\CortexM0p\ARM_GCC_541\Debug\cyfitter_cfg.o
 .text.AnalogSetDefault
                0x10000500       0x10 .\CortexM0p\ARM_GCC_541\Debug\cyfitter_cfg.o
 .text.ClockInit
                0x10000510      0x19c .\CortexM0p\ARM_GCC_541\Debug\cyfitter_cfg.o
 .text.Cy_SystemInit
                0x100006ac       0xf4 .\CortexM0p\ARM_GCC_541\Debug\cyfitter_cfg.o
                0x100006ac                Cy_SystemInit
 .text.Cy_BLE_Start
                0x100007a0       0x20 .\CortexM0p\ARM_GCC_541\Debug\BLE.o
                0x100007a0                Cy_BLE_Start
 .text.Cy_SysInt_SetIntSource
                0x100007c0       0x88 .\CortexM0p\ARM_GCC_541\Debug\cy_sysint.o
                0x100007c0                Cy_SysInt_SetIntSource
 .text.Cy_SysInt_GetIntSource
                0x10000848       0x78 .\CortexM0p\ARM_GCC_541\Debug\cy_sysint.o
                0x10000848                Cy_SysInt_GetIntSource
 .text.Cy_SysInt_SetVector
                0x100008c0       0x44 .\CortexM0p\ARM_GCC_541\Debug\cy_sysint.o
                0x100008c0                Cy_SysInt_SetVector
 .text.Cy_SysInt_Init
                0x10000904       0xcc .\CortexM0p\ARM_GCC_541\Debug\cy_sysint.o
                0x10000904                Cy_SysInt_Init
 .text.Cy_IPC_Drv_LockRelease
                0x100009d0       0x34 .\CortexM0p\ARM_GCC_541\Debug\cy_ipc_drv.o
                0x100009d0                Cy_IPC_Drv_LockRelease
 .text.Cy_IPC_Drv_SendMsgWord
                0x10000a04       0x40 .\CortexM0p\ARM_GCC_541\Debug\cy_ipc_drv.o
                0x10000a04                Cy_IPC_Drv_SendMsgWord
 .text.Cy_IPC_Drv_ReadMsgWord
                0x10000a44       0x2c .\CortexM0p\ARM_GCC_541\Debug\cy_ipc_drv.o
                0x10000a44                Cy_IPC_Drv_ReadMsgWord
 .text.Cy_IPC_Sema_Init
                0x10000a70       0xb8 .\CortexM0p\ARM_GCC_541\Debug\cy_ipc_sema.o
                0x10000a70                Cy_IPC_Sema_Init
 .text.Cy_IPC_Sema_Set
                0x10000b28       0x8c .\CortexM0p\ARM_GCC_541\Debug\cy_ipc_sema.o
                0x10000b28                Cy_IPC_Sema_Set
 .text.Cy_IPC_Sema_Clear
                0x10000bb4       0x8c .\CortexM0p\ARM_GCC_541\Debug\cy_ipc_sema.o
                0x10000bb4                Cy_IPC_Sema_Clear
 .text.Cy_IPC_Sema_Status
                0x10000c40       0x3c .\CortexM0p\ARM_GCC_541\Debug\cy_ipc_sema.o
                0x10000c40                Cy_IPC_Sema_Status
 .text.Cy_IPC_Pipe_Config
                0x10000c7c       0x14 .\CortexM0p\ARM_GCC_541\Debug\cy_ipc_pipe.o
                0x10000c7c                Cy_IPC_Pipe_Config
 .text.Cy_IPC_Pipe_EndpointInit
                0x10000c90       0xd0 .\CortexM0p\ARM_GCC_541\Debug\cy_ipc_pipe.o
                0x10000c90                Cy_IPC_Pipe_EndpointInit
 .text.Cy_IPC_Pipe_Init
                0x10000d60       0xcc .\CortexM0p\ARM_GCC_541\Debug\cy_ipc_pipe.o
                0x10000d60                Cy_IPC_Pipe_Init
 .text.Cy_IPC_Pipe_SendMessage
                0x10000e2c       0xd0 .\CortexM0p\ARM_GCC_541\Debug\cy_ipc_pipe.o
                0x10000e2c                Cy_IPC_Pipe_SendMessage
 .text.Cy_IPC_Pipe_RegisterCallback
                0x10000efc       0x64 .\CortexM0p\ARM_GCC_541\Debug\cy_ipc_pipe.o
                0x10000efc                Cy_IPC_Pipe_RegisterCallback
 .text.Cy_IPC_Pipe_RegisterCallbackRel
                0x10000f60       0x3c .\CortexM0p\ARM_GCC_541\Debug\cy_ipc_pipe.o
                0x10000f60                Cy_IPC_Pipe_RegisterCallbackRel
 .text.Cy_IPC_Pipe_ExecCallback
                0x10000f9c       0xc4 .\CortexM0p\ARM_GCC_541\Debug\cy_ipc_pipe.o
                0x10000f9c                Cy_IPC_Pipe_ExecCallback
 .text.Cy_IPC_Pipe_ExecuteCallback
                0x10001060       0x3c .\CortexM0p\ARM_GCC_541\Debug\cy_ipc_pipe.o
                0x10001060                Cy_IPC_Pipe_ExecuteCallback
 .text.Cy_IPC_Pipe_EndpointPause
                0x1000109c       0x60 .\CortexM0p\ARM_GCC_541\Debug\cy_ipc_pipe.o
                0x1000109c                Cy_IPC_Pipe_EndpointPause
 .text.Cy_IPC_Pipe_EndpointResume
                0x100010fc       0x58 .\CortexM0p\ARM_GCC_541\Debug\cy_ipc_pipe.o
                0x100010fc                Cy_IPC_Pipe_EndpointResume
 .text.Cy_SysClk_ClkPathSetSource
                0x10001154       0x50 .\CortexM0p\ARM_GCC_541\Debug\cy_sysclk.o
                0x10001154                Cy_SysClk_ClkPathSetSource
 .text.Cy_SysClk_ClkPathGetSource
                0x100011a4       0x40 .\CortexM0p\ARM_GCC_541\Debug\cy_sysclk.o
                0x100011a4                Cy_SysClk_ClkPathGetSource
 .text.Cy_SysClk_FllManualConfigure
                0x100011e4      0x170 .\CortexM0p\ARM_GCC_541\Debug\cy_sysclk.o
                0x100011e4                Cy_SysClk_FllManualConfigure
 .text.Cy_SysClk_FllEnable
                0x10001354       0xcc .\CortexM0p\ARM_GCC_541\Debug\cy_sysclk.o
                0x10001354                Cy_SysClk_FllEnable
 .text.Cy_SysClk_StartClkMeasurementCounters
                0x10001420      0x1b8 .\CortexM0p\ARM_GCC_541\Debug\cy_sysclk.o
                0x10001420                Cy_SysClk_StartClkMeasurementCounters
 .text.Cy_SysClk_ClkMeasurementCountersGetFreq
                0x100015d8       0xdc .\CortexM0p\ARM_GCC_541\Debug\cy_sysclk.o
                0x100015d8                Cy_SysClk_ClkMeasurementCountersGetFreq
 .text.Cy_Flash_GetRowNum
                0x100016b4       0x4c .\CortexM0p\ARM_GCC_541\Debug\cy_flash.o
 .text.Cy_Flash_BoundsCheck
                0x10001700       0x1c .\CortexM0p\ARM_GCC_541\Debug\cy_flash.o
 .text.Cy_Flash_ProcessOpcode
                0x1000171c       0xbc .\CortexM0p\ARM_GCC_541\Debug\cy_flash.o
 .text.Cy_Flash_OperationStatus
                0x100017d8       0x4c .\CortexM0p\ARM_GCC_541\Debug\cy_flash.o
 .text.Cy_Flash_Init
                0x10001824       0x14 .\CortexM0p\ARM_GCC_541\Debug\cy_flash.o
                0x10001824                Cy_Flash_Init
 .text.Cy_Flash_WriteRow
                0x10001838       0x84 .\CortexM0p\ARM_GCC_541\Debug\cy_flash.o
                0x10001838                Cy_Flash_WriteRow
 .text.Cy_Flash_IsOperationComplete
                0x100018bc        0x8 .\CortexM0p\ARM_GCC_541\Debug\cy_flash.o
                0x100018bc                Cy_Flash_IsOperationComplete
 .text.Cy_Flash_StartErase
                0x100018c4       0x80 .\CortexM0p\ARM_GCC_541\Debug\cy_flash.o
                0x100018c4                Cy_Flash_StartErase
 .text.Cy_Flash_StartProgram
                0x10001944       0x88 .\CortexM0p\ARM_GCC_541\Debug\cy_flash.o
                0x10001944                Cy_Flash_StartProgram
 .text.Cy_GPIO_Pin_Init
                0x100019cc      0x2d4 .\CortexM0p\ARM_GCC_541\Debug\cy_gpio.o
                0x100019cc                Cy_GPIO_Pin_Init
 .text.Cy_GPIO_Port_Init
                0x10001ca0       0xb4 .\CortexM0p\ARM_GCC_541\Debug\cy_gpio.o
                0x10001ca0                Cy_GPIO_Port_Init
 .text.SaveRegisters
                0x10001d54       0x54 .\CortexM0p\ARM_GCC_541\Debug\cy_syspm.o
 .text.RestoreRegisters
                0x10001da8       0x54 .\CortexM0p\ARM_GCC_541\Debug\cy_syspm.o
 .text.SetReadMarginTrimUlp
                0x10001dfc       0x28 .\CortexM0p\ARM_GCC_541\Debug\cy_syspm.o
 .text.SetReadMarginTrimLp
                0x10001e24       0x28 .\CortexM0p\ARM_GCC_541\Debug\cy_syspm.o
 .text.SetWriteAssistTrimUlp
                0x10001e4c       0x20 .\CortexM0p\ARM_GCC_541\Debug\cy_syspm.o
 .text.SetWriteAssistTrimLp
                0x10001e6c       0x20 .\CortexM0p\ARM_GCC_541\Debug\cy_syspm.o
 .text.IsVoltageChangePossible
                0x10001e8c       0x34 .\CortexM0p\ARM_GCC_541\Debug\cy_syspm.o
 .text.WriteVoltageBitForFlash
                0x10001ec0       0x78 .\CortexM0p\ARM_GCC_541\Debug\cy_syspm.o
 .text.Cy_SysPm_BuckSetVoltage1
                0x10001f38       0xac .\CortexM0p\ARM_GCC_541\Debug\cy_syspm.o
                0x10001f38                Cy_SysPm_BuckSetVoltage1
 .text.Cy_SysPm_BuckEnable
                0x10001fe4      0x148 .\CortexM0p\ARM_GCC_541\Debug\cy_syspm.o
                0x10001fe4                Cy_SysPm_BuckEnable
 .text.Cy_SysPm_BuckIsOutputEnabled
                0x1000212c       0x4c .\CortexM0p\ARM_GCC_541\Debug\cy_syspm.o
                0x1000212c                Cy_SysPm_BuckIsOutputEnabled
 .text.Cy_SysPm_BuckSetVoltage2
                0x10002178       0x4c .\CortexM0p\ARM_GCC_541\Debug\cy_syspm.o
                0x10002178                Cy_SysPm_BuckSetVoltage2
 .text.Cy_SysPm_LdoSetVoltage
                0x100021c4       0xc8 .\CortexM0p\ARM_GCC_541\Debug\cy_syspm.o
                0x100021c4                Cy_SysPm_LdoSetVoltage
 .text.Cy_SysPm_RegisterCallback
                0x1000228c       0x7c .\CortexM0p\ARM_GCC_541\Debug\cy_syspm.o
                0x1000228c                Cy_SysPm_RegisterCallback
 .text.Cy_SysPm_ExecuteCallback
                0x10002308       0xc8 .\CortexM0p\ARM_GCC_541\Debug\cy_syspm.o
                0x10002308                Cy_SysPm_ExecuteCallback
 .text.Cy_SysPm_Sleep
                0x100023d0       0x8c .\CortexM0p\ARM_GCC_541\Debug\cy_syspm.o
                0x100023d0                Cy_SysPm_Sleep
 .text.Cy_SysPm_DeepSleep
                0x1000245c      0x110 .\CortexM0p\ARM_GCC_541\Debug\cy_syspm.o
                0x1000245c                Cy_SysPm_DeepSleep
 .text.Cy_SysPm_IoUnfreeze
                0x1000256c       0x2c .\CortexM0p\ARM_GCC_541\Debug\cy_syspm.o
                0x1000256c                Cy_SysPm_IoUnfreeze
 .text.Cy_SysLib_DelayUs
                0x10002598       0x14 .\CortexM0p\ARM_GCC_541\Debug\cy_syslib.o
                0x10002598                Cy_SysLib_DelayUs
 .text.Cy_SysLib_Halt
                0x100025ac        0x4 .\CortexM0p\ARM_GCC_541\Debug\cy_syslib.o
                0x100025ac                Cy_SysLib_Halt
 .text.Cy_SysLib_AssertFailed
                0x100025b0       0x1c .\CortexM0p\ARM_GCC_541\Debug\cy_syslib.o
                0x100025b0                Cy_SysLib_AssertFailed
 .text.Cy_SysLib_ClearFlashCacheAndBuffer
                0x100025cc        0xc .\CortexM0p\ARM_GCC_541\Debug\cy_syslib.o
                0x100025cc                Cy_SysLib_ClearFlashCacheAndBuffer
 .text.Cy_SysLib_ResetBackupDomain
                0x100025d8       0x20 .\CortexM0p\ARM_GCC_541\Debug\cy_syslib.o
                0x100025d8                Cy_SysLib_ResetBackupDomain
 .text.Cy_SysLib_GetResetReason
                0x100025f8       0x1c .\CortexM0p\ARM_GCC_541\Debug\cy_syslib.o
                0x100025f8                Cy_SysLib_GetResetReason
 .text.Cy_SysLib_ProcessingFault
                0x10002614        0x4 .\CortexM0p\ARM_GCC_541\Debug\cy_syslib.o
                0x10002614                Cy_SysLib_ProcessingFault
 .text.Cy_SysLib_FaultHandler
                0x10002618       0x30 .\CortexM0p\ARM_GCC_541\Debug\cy_syslib.o
                0x10002618                Cy_SysLib_FaultHandler
 .text.Cy_SysLib_SetWaitStates
                0x10002648       0x90 .\CortexM0p\ARM_GCC_541\Debug\cy_syslib.o
                0x10002648                Cy_SysLib_SetWaitStates
 .text          0x100026d8       0x20 .\CortexM0p\ARM_GCC_541\Debug\cy_syslib_gcc.o
                0x100026d8                Cy_SysLib_DelayCycles
                0x100026ea                Cy_SysLib_EnterCriticalSection
                0x100026f2                Cy_SysLib_ExitCriticalSection
 .text.Cy_SysTick_SetClockSource
                0x100026f8       0x34 .\CortexM0p\ARM_GCC_541\Debug\cy_systick.o
                0x100026f8                Cy_SysTick_SetClockSource
 .text.Cy_Prot_GetActivePC
                0x1000272c       0x28 .\CortexM0p\ARM_GCC_541\Debug\cy_prot.o
                0x1000272c                Cy_Prot_GetActivePC
 .text.Cy_BLE_DeepSleepCallback
                0x10002754       0xb4 .\CortexM0p\ARM_GCC_541\Debug\cy_ble.o
                0x10002754                Cy_BLE_DeepSleepCallback
 .text.Cy_BLE_Init
                0x10002808       0x20 .\CortexM0p\ARM_GCC_541\Debug\cy_ble.o
                0x10002808                Cy_BLE_Init
 .text.Cy_BLE_Enable
                0x10002828       0x60 .\CortexM0p\ARM_GCC_541\Debug\cy_ble.o
                0x10002828                Cy_BLE_Enable
 .text.Cy_BLE_ConfigureExtPA
                0x10002888       0x10 .\CortexM0p\ARM_GCC_541\Debug\cy_ble.o
                0x10002888                Cy_BLE_ConfigureExtPA
 .text.Cy_BLE_BlessInterrupt
                0x10002898        0x8 .\CortexM0p\ARM_GCC_541\Debug\cy_ble_hal_int.o
                0x10002898                Cy_BLE_BlessInterrupt
 .text.Cy_BLE_IPC_CtrlMsgFlushRecvCallBack
                0x100028a0       0x10 .\CortexM0p\ARM_GCC_541\Debug\cy_ble_hal_pvt.o
 .text.Cy_BLE_HAL_RadioCalibrationRead
                0x100028b0       0x2c .\CortexM0p\ARM_GCC_541\Debug\cy_ble_hal_pvt.o
                0x100028b0                Cy_BLE_HAL_RadioCalibrationRead
 .text.Cy_BLE_HAL_NvramWrite
                0x100028dc      0x324 .\CortexM0p\ARM_GCC_541\Debug\cy_ble_hal_pvt.o
                0x100028dc                Cy_BLE_HAL_NvramWrite
 .text.Cy_BLE_HAL_RadioCalibrationWrite
                0x10002c00       0x2c .\CortexM0p\ARM_GCC_541\Debug\cy_ble_hal_pvt.o
                0x10002c00                Cy_BLE_HAL_RadioCalibrationWrite
 .text.Cy_BLE_HAL_GetIcPackageType
                0x10002c2c        0x4 .\CortexM0p\ARM_GCC_541\Debug\cy_ble_hal_pvt.o
                0x10002c2c                Cy_BLE_HAL_GetIcPackageType
 .text.Cy_BLE_HAL_GetSiliconId
                0x10002c30        0xc .\CortexM0p\ARM_GCC_541\Debug\cy_ble_hal_pvt.o
                0x10002c30                Cy_BLE_HAL_GetSiliconId
 .text.Cy_BLE_HAL_IsDefinedTx5dbm
                0x10002c3c        0x4 .\CortexM0p\ARM_GCC_541\Debug\cy_ble_hal_pvt.o
                0x10002c3c                Cy_BLE_HAL_IsDefinedTx5dbm
 .text.Cy_BLE_HAL_DelayUs
                0x10002c40        0x8 .\CortexM0p\ARM_GCC_541\Debug\cy_ble_hal_pvt.o
                0x10002c40                Cy_BLE_HAL_DelayUs
 .text.Cy_BLE_HAL_LfClkGetSource
                0x10002c48       0x14 .\CortexM0p\ARM_GCC_541\Debug\cy_ble_hal_pvt.o
                0x10002c48                Cy_BLE_HAL_LfClkGetSource
 .text.Cy_BLE_HAL_ClkMeasurementCountersDone
                0x10002c5c       0x14 .\CortexM0p\ARM_GCC_541\Debug\cy_ble_hal_pvt.o
                0x10002c5c                Cy_BLE_HAL_ClkMeasurementCountersDone
 .text.Cy_BLE_HAL_ClkMeasurementCountersGetFreq
                0x10002c70        0x8 .\CortexM0p\ARM_GCC_541\Debug\cy_ble_hal_pvt.o
                0x10002c70                Cy_BLE_HAL_ClkMeasurementCountersGetFreq
 .text.Cy_BLE_HAL_StartClkMeasurementCounters
                0x10002c78       0x2c .\CortexM0p\ARM_GCC_541\Debug\cy_ble_hal_pvt.o
                0x10002c78                Cy_BLE_HAL_StartClkMeasurementCounters
 .text.Cy_BLE_HAL_TryPiloTrim
                0x10002ca4       0x78 .\CortexM0p\ARM_GCC_541\Debug\cy_ble_hal_pvt.o
                0x10002ca4                Cy_BLE_HAL_TryPiloTrim
 .text.Cy_BLE_HAL_PiloTrim
                0x10002d1c       0x14 .\CortexM0p\ARM_GCC_541\Debug\cy_ble_hal_pvt.o
                0x10002d1c                Cy_BLE_HAL_PiloTrim
 .text.Cy_BLE_HAL_BlessStart
                0x10002d30       0x40 .\CortexM0p\ARM_GCC_541\Debug\cy_ble_hal_pvt.o
                0x10002d30                Cy_BLE_HAL_BlessStart
 .text.Cy_BLE_HAL_GetIpBlockVersion
                0x10002d70        0x4 .\CortexM0p\ARM_GCC_541\Debug\cy_ble_hal_pvt.o
                0x10002d70                Cy_BLE_HAL_GetIpBlockVersion
 .text.Cy_BLE_HAL_EnterCriticalSection
                0x10002d74        0x8 .\CortexM0p\ARM_GCC_541\Debug\cy_ble_hal_pvt.o
                0x10002d74                Cy_BLE_HAL_EnterCriticalSection
 .text.Cy_BLE_HAL_ExitCriticalSection
                0x10002d7c        0x8 .\CortexM0p\ARM_GCC_541\Debug\cy_ble_hal_pvt.o
                0x10002d7c                Cy_BLE_HAL_ExitCriticalSection
 .text.Cy_BLE_HAL_SysPmSleep
                0x10002d84        0x8 .\CortexM0p\ARM_GCC_541\Debug\cy_ble_hal_pvt.o
                0x10002d84                Cy_BLE_HAL_SysPmSleep
 .text.Cy_BLE_HAL_SimoBuckSetVoltage2
                0x10002d8c        0xc .\CortexM0p\ARM_GCC_541\Debug\cy_ble_hal_pvt.o
                0x10002d8c                Cy_BLE_HAL_SimoBuckSetVoltage2
 .text.Cy_BLE_Ipc_Cypipe_Isr_Enable
                0x10002d98        0xc .\CortexM0p\ARM_GCC_541\Debug\cy_ble_hal_pvt.o
                0x10002d98                Cy_BLE_Ipc_Cypipe_Isr_Enable
 .text.Cy_BLE_HAL_EnableGlobalInterrupts
                0x10002da4       0x2c .\CortexM0p\ARM_GCC_541\Debug\cy_ble_hal_pvt.o
                0x10002da4                Cy_BLE_HAL_EnableGlobalInterrupts
 .text.Cy_BLE_Ipc_Cypipe_Isr_Disable
                0x10002dd0        0xc .\CortexM0p\ARM_GCC_541\Debug\cy_ble_hal_pvt.o
                0x10002dd0                Cy_BLE_Ipc_Cypipe_Isr_Disable
 .text.Cy_BLE_HAL_DisableGlobalInterrupts
                0x10002ddc       0x34 .\CortexM0p\ARM_GCC_541\Debug\cy_ble_hal_pvt.o
                0x10002ddc                Cy_BLE_HAL_DisableGlobalInterrupts
 .text.Cy_BLE_IPC_ControllerRegisterClientCallbacks
                0x10002e10       0x28 .\CortexM0p\ARM_GCC_541\Debug\cy_ble_hal_pvt.o
                0x10002e10                Cy_BLE_IPC_ControllerRegisterClientCallbacks
 .text.Cy_BLE_IPC_SendMessageToHost
                0x10002e38       0x20 .\CortexM0p\ARM_GCC_541\Debug\cy_ble_hal_pvt.o
                0x10002e38                Cy_BLE_IPC_SendMessageToHost
 .text.Cy_BLE_HAL_RcbRegRead
                0x10002e58       0x50 .\CortexM0p\ARM_GCC_541\Debug\cy_ble_clk.o
 .text.Cy_BLE_HAL_RcbRegWrite
                0x10002ea8       0x4c .\CortexM0p\ARM_GCC_541\Debug\cy_ble_clk.o
 .text.Cy_BLE_HAL_MxdRadioEnableClocks
                0x10002ef4      0x21c .\CortexM0p\ARM_GCC_541\Debug\cy_ble_clk.o
 .text.Cy_BLE_HAL_EcoSetTrim
                0x10003110       0x38 .\CortexM0p\ARM_GCC_541\Debug\cy_ble_clk.o
 .text.Cy_BLE_EcoStop
                0x10003148       0x18 .\CortexM0p\ARM_GCC_541\Debug\cy_ble_clk.o
                0x10003148                Cy_BLE_EcoStop
 .text.Cy_BLE_HAL_Init
                0x10003160       0x68 .\CortexM0p\ARM_GCC_541\Debug\cy_ble_clk.o
                0x10003160                Cy_BLE_HAL_Init
 .text.Cy_BLE_EcoStart
                0x100031c8      0x23c .\CortexM0p\ARM_GCC_541\Debug\cy_ble_clk.o
                0x100031c8                Cy_BLE_EcoStart
 .text.Cy_BLE_HAL_EcoGetFrequency
                0x10003404        0xc .\CortexM0p\ARM_GCC_541\Debug\cy_ble_clk.o
                0x10003404                Cy_BLE_HAL_EcoGetFrequency
 .text.Cy_BLE_HAL_IsEcoCpuClockSrc
                0x10003410       0x20 .\CortexM0p\ARM_GCC_541\Debug\cy_ble_clk.o
                0x10003410                Cy_BLE_HAL_IsEcoCpuClockSrc
 .text.Cy_BLE_HAL_IsWcoLfclkSrc
                0x10003430       0x24 .\CortexM0p\ARM_GCC_541\Debug\cy_ble_clk.o
                0x10003430                Cy_BLE_HAL_IsWcoLfclkSrc
 .text          0x10003454      0x114 c:/program files (x86)/cypress/psoc creator/4.2/psoc creator/import/gnu/arm/5.4.1/bin/../lib/gcc/arm-none-eabi/5.4.1/armv6-m\libgcc.a(_udivsi3.o)
                0x10003454                __aeabi_uidiv
                0x10003454                __udivsi3
                0x10003560                __aeabi_uidivmod
 .text          0x10003568      0x1d4 c:/program files (x86)/cypress/psoc creator/4.2/psoc creator/import/gnu/arm/5.4.1/bin/../lib/gcc/arm-none-eabi/5.4.1/armv6-m\libgcc.a(_divsi3.o)
                0x10003568                __divsi3
                0x10003568                __aeabi_idiv
                0x10003734                __aeabi_idivmod
 .text          0x1000373c        0x4 c:/program files (x86)/cypress/psoc creator/4.2/psoc creator/import/gnu/arm/5.4.1/bin/../lib/gcc/arm-none-eabi/5.4.1/armv6-m\libgcc.a(_dvmd_tls.o)
                0x1000373c                __aeabi_idiv0
                0x1000373c                __aeabi_ldiv0
 .text          0x10003740       0x40 c:/program files (x86)/cypress/psoc creator/4.2/psoc creator/import/gnu/arm/5.4.1/bin/../lib/gcc/arm-none-eabi/5.4.1/armv6-m\libgcc.a(_aeabi_uldivmod.o)
                0x10003740                __aeabi_uldivmod
 .text          0x10003780       0x58 c:/program files (x86)/cypress/psoc creator/4.2/psoc creator/import/gnu/arm/5.4.1/bin/../lib/gcc/arm-none-eabi/5.4.1/armv6-m\libgcc.a(_muldi3.o)
                0x10003780                __muldi3
                0x10003780                __aeabi_lmul
 .text          0x100037d8       0x3c c:/program files (x86)/cypress/psoc creator/4.2/psoc creator/import/gnu/arm/5.4.1/bin/../lib/gcc/arm-none-eabi/5.4.1/armv6-m\libgcc.a(_fixunsdfsi.o)
                0x100037d8                __aeabi_d2uiz
                0x100037d8                __fixunsdfsi
 .text          0x10003814      0x180 c:/program files (x86)/cypress/psoc creator/4.2/psoc creator/import/gnu/arm/5.4.1/bin/../lib/gcc/arm-none-eabi/5.4.1/armv6-m\libgcc.a(_udivmoddi4.o)
                0x10003814                __udivmoddi4
 .text          0x10003994      0x62c c:/program files (x86)/cypress/psoc creator/4.2/psoc creator/import/gnu/arm/5.4.1/bin/../lib/gcc/arm-none-eabi/5.4.1/armv6-m\libgcc.a(divdf3.o)
                0x10003994                __aeabi_ddiv
 .text          0x10003fc0      0x4f4 c:/program files (x86)/cypress/psoc creator/4.2/psoc creator/import/gnu/arm/5.4.1/bin/../lib/gcc/arm-none-eabi/5.4.1/armv6-m\libgcc.a(muldf3.o)
                0x10003fc0                __aeabi_dmul
 .text          0x100044b4      0x6a8 c:/program files (x86)/cypress/psoc creator/4.2/psoc creator/import/gnu/arm/5.4.1/bin/../lib/gcc/arm-none-eabi/5.4.1/armv6-m\libgcc.a(subdf3.o)
                0x100044b4                __aeabi_dsub
 .text          0x10004b5c       0x6c c:/program files (x86)/cypress/psoc creator/4.2/psoc creator/import/gnu/arm/5.4.1/bin/../lib/gcc/arm-none-eabi/5.4.1/armv6-m\libgcc.a(fixdfsi.o)
                0x10004b5c                __aeabi_d2iz
 .text          0x10004bc8       0x70 c:/program files (x86)/cypress/psoc creator/4.2/psoc creator/import/gnu/arm/5.4.1/bin/../lib/gcc/arm-none-eabi/5.4.1/armv6-m\libgcc.a(floatunsidf.o)
                0x10004bc8                __aeabi_ui2d
 .text          0x10004c38       0x7c c:/program files (x86)/cypress/psoc creator/4.2/psoc creator/import/gnu/arm/5.4.1/bin/../lib/gcc/arm-none-eabi/5.4.1/armv6-m\libgcc.a(_arm_cmpdf2.o)
                0x10004c38                __aeabi_cdrcmple
                0x10004c48                __aeabi_cdcmple
                0x10004c48                __aeabi_cdcmpeq
                0x10004c58                __aeabi_dcmpeq
                0x10004c64                __aeabi_dcmplt
                0x10004c78                __aeabi_dcmple
                0x10004c8c                __aeabi_dcmpgt
                0x10004ca0                __aeabi_dcmpge
 .text          0x10004cb4       0x3c c:/program files (x86)/cypress/psoc creator/4.2/psoc creator/import/gnu/arm/5.4.1/bin/../lib/gcc/arm-none-eabi/5.4.1/armv6-m\libgcc.a(_clzsi2.o)
                0x10004cb4                __clzsi2
 .text          0x10004cf0       0x18 c:/program files (x86)/cypress/psoc creator/4.2/psoc creator/import/gnu/arm/5.4.1/bin/../lib/gcc/arm-none-eabi/5.4.1/armv6-m\libgcc.a(_clzdi2.o)
                0x10004cf0                __clzdi2
 .text          0x10004d08       0x80 c:/program files (x86)/cypress/psoc creator/4.2/psoc creator/import/gnu/arm/5.4.1/bin/../lib/gcc/arm-none-eabi/5.4.1/armv6-m\libgcc.a(eqdf2.o)
                0x10004d08                __nedf2
                0x10004d08                __eqdf2
 .text          0x10004d88       0xc8 c:/program files (x86)/cypress/psoc creator/4.2/psoc creator/import/gnu/arm/5.4.1/bin/../lib/gcc/arm-none-eabi/5.4.1/armv6-m\libgcc.a(gedf2.o)
                0x10004d88                __gedf2
                0x10004d88                __gtdf2
 .text          0x10004e50       0xd4 c:/program files (x86)/cypress/psoc creator/4.2/psoc creator/import/gnu/arm/5.4.1/bin/../lib/gcc/arm-none-eabi/5.4.1/armv6-m\libgcc.a(ledf2.o)
                0x10004e50                __ledf2
                0x10004e50                __ltdf2
 .text.memcmp   0x10004f24       0x1e c:/program files (x86)/cypress/psoc creator/4.2/psoc creator/import/gnu/arm/5.4.1/bin/../lib/gcc/arm-none-eabi/5.4.1/../../../../arm-none-eabi/lib/armv6-m\libg_nano.a(lib_a-memcmp.o)
                0x10004f24                memcmp
 .text.memcpy   0x10004f42       0x12 c:/program files (x86)/cypress/psoc creator/4.2/psoc creator/import/gnu/arm/5.4.1/bin/../lib/gcc/arm-none-eabi/5.4.1/../../../../arm-none-eabi/lib/armv6-m\libg_nano.a(lib_a-memcpy-stub.o)
                0x10004f42                memcpy
 .text.memset   0x10004f54       0x10 c:/program files (x86)/cypress/psoc creator/4.2/psoc creator/import/gnu/arm/5.4.1/bin/../lib/gcc/arm-none-eabi/5.4.1/../../../../arm-none-eabi/lib/armv6-m\libg_nano.a(lib_a-memset.o)
                0x10004f54                memset
 .text.strncpy  0x10004f64       0x26 c:/program files (x86)/cypress/psoc creator/4.2/psoc creator/import/gnu/arm/5.4.1/bin/../lib/gcc/arm-none-eabi/5.4.1/../../../../arm-none-eabi/lib/armv6-m\libg_nano.a(lib_a-strncpy.o)
                0x10004f64                strncpy
 *(.init)
 *fill*         0x10004f8a        0x2 
 .init          0x10004f8c        0x4 c:/program files (x86)/cypress/psoc creator/4.2/psoc creator/import/gnu/arm/5.4.1/bin/../lib/gcc/arm-none-eabi/5.4.1/armv6-m/crti.o
                0x10004f8c                _init
 .init          0x10004f90        0x8 c:/program files (x86)/cypress/psoc creator/4.2/psoc creator/import/gnu/arm/5.4.1/bin/../lib/gcc/arm-none-eabi/5.4.1/armv6-m/crtn.o
 *(.fini)
 .fini          0x10004f98        0x4 c:/program files (x86)/cypress/psoc creator/4.2/psoc creator/import/gnu/arm/5.4.1/bin/../lib/gcc/arm-none-eabi/5.4.1/armv6-m/crti.o
                0x10004f98                _fini
 .fini          0x10004f9c        0x8 c:/program files (x86)/cypress/psoc creator/4.2/psoc creator/import/gnu/arm/5.4.1/bin/../lib/gcc/arm-none-eabi/5.4.1/armv6-m/crtn.o
 *fill*         0x10004fa4        0x4 
 .fini.__stub   0x10004fa8       0x30 linker stubs
 *crtbegin.o(.ctors)
 *crtbegin?.o(.ctors)
 *(EXCLUDE_FILE(*crtend.o *crtend?.o) .ctors)
 *(SORT(.ctors.*))
 *(.ctors)
 *crtbegin.o(.dtors)
 *crtbegin?.o(.dtors)
 *(EXCLUDE_FILE(*crtend.o *crtend?.o) .dtors)
 *(SORT(.dtors.*))
 *(.dtors)
 *(.rodata .rodata.* .constdata .constdata.* .conststring .conststring.*)
 .rodata        0x10004fd8       0x34 .\CortexM0p\ARM_GCC_541\Debug\cy_ipc_config.o
 .rodata        0x1000500c        0x8 .\CortexM0p\ARM_GCC_541\Debug\cyfitter_sysint_cfg.o
                0x1000500c                BLE_bless_isr_cfg
 .rodata        0x10005014       0x80 .\CortexM0p\ARM_GCC_541\Debug\cyfitter_cfg.o
 .rodata        0x10005094       0x40 .\CortexM0p\ARM_GCC_541\Debug\cy_sysint.o
 .rodata.str1.4
                0x100050d4       0x41 .\CortexM0p\ARM_GCC_541\Debug\cy_sysint.o
 *fill*         0x10005115        0x3 
 .rodata.str1.4
                0x10005118       0x7f .\CortexM0p\ARM_GCC_541\Debug\cy_ipc_drv.o
 *fill*         0x10005197        0x1 
 .rodata.str1.4
                0x10005198       0x3f .\CortexM0p\ARM_GCC_541\Debug\cy_ipc_sema.o
 *fill*         0x100051d7        0x1 
 .rodata.str1.4
                0x100051d8       0x40 .\CortexM0p\ARM_GCC_541\Debug\cy_ipc_pipe.o
                                 0x7f (size before relaxing)
 .rodata.str1.4
                0x10005218       0x85 .\CortexM0p\ARM_GCC_541\Debug\cy_sysclk.o
 *fill*         0x1000529d        0x3 
 .rodata.str1.4
                0x100052a0       0x7d .\CortexM0p\ARM_GCC_541\Debug\cy_gpio.o
 *fill*         0x1000531d        0x3 
 .rodata.str1.4
                0x10005320       0x3f .\CortexM0p\ARM_GCC_541\Debug\cy_syspm.o
 *fill*         0x1000535f        0x1 
 .rodata.str1.4
                0x10005360       0x3d .\CortexM0p\ARM_GCC_541\Debug\cy_prot.o
 *fill*         0x1000539d        0x3 
 .rodata.str1.4
                0x100053a0       0x3c .\CortexM0p\ARM_GCC_541\Debug\cy_ble_hal_pvt.o
                                 0x3b (size before relaxing)
 .rodata        0x100053dc       0x6c .\CortexM0p\ARM_GCC_541\Debug\cy_ble_clk.o
 .constdata     0x10005448       0x48 Generated_Source\PSoC6\pdl\middleware\ble\lib\cy_ble_stack_gcc_controller_ipc_cm0p.a(config_bin.o)
                0x10005448                bt_cfg_pdata
 .constdata     0x10005490       0x10 Generated_Source\PSoC6\pdl\middleware\ble\lib\cy_ble_stack_gcc_controller_ipc_cm0p.a(ll_connection.o)
                0x10005490                g_slave_clock_accuracy
 .constdata     0x100054a0       0xd0 Generated_Source\PSoC6\pdl\middleware\ble\lib\cy_ble_stack_gcc_controller_ipc_cm0p.a(ll_pdu.o)
                0x100054a0                enc_valid_pdu_list
                0x100054a8                fp_ll_pdu_handlers
                0x1000550c                fp_ll_pdu_ack_handlers
 .constdata     0x10005570       0x88 Generated_Source\PSoC6\pdl\middleware\ble\lib\cy_ble_stack_gcc_controller_ipc_cm0p.a(ll_privacy.o)
 .constdata     0x100055f8       0x40 Generated_Source\PSoC6\pdl\middleware\ble\lib\cy_ble_stack_gcc_controller_ipc_cm0p.a(ll_dle.o)
 .constdata     0x10005638       0x50 Generated_Source\PSoC6\pdl\middleware\ble\lib\cy_ble_stack_gcc_controller_ipc_cm0p.a(ll_phy_update.o)
 .constdata     0x10005688       0x84 Generated_Source\PSoC6\pdl\middleware\ble\lib\cy_ble_stack_gcc_controller_ipc_cm0p.a(lec_hci_le_commands.o)
 .constdata     0x1000570c       0x84 Generated_Source\PSoC6\pdl\middleware\ble\lib\cy_ble_stack_gcc_controller_ipc_cm0p.a(lec_hci_le_commands.o)
 .constdata     0x10005790       0x84 Generated_Source\PSoC6\pdl\middleware\ble\lib\cy_ble_stack_gcc_controller_ipc_cm0p.a(lec_hci_le_commands.o)
 .constdata     0x10005814       0x21 Generated_Source\PSoC6\pdl\middleware\ble\lib\cy_ble_stack_gcc_controller_ipc_cm0p.a(lec_hci_le_commands.o)
 .constdata     0x10005835       0x40 Generated_Source\PSoC6\pdl\middleware\ble\lib\cy_ble_stack_gcc_controller_ipc_cm0p.a(lec_hci_le_common_commands.o)
                0x10005835                Cu8_hci_le_supported_commands_array
 *fill*         0x10005875        0x3 
 .constdata     0x10005878       0xcc Generated_Source\PSoC6\pdl\middleware\ble\lib\cy_ble_stack_gcc_controller_ipc_cm0p.a(lec_hci_le_privacy.o)
 .constdata     0x10005944        0xc Generated_Source\PSoC6\pdl\middleware\ble\lib\cy_ble_stack_gcc_controller_ipc_cm0p.a(lec_hci_le_privacy.o)
 .constdata     0x10005950       0x60 Generated_Source\PSoC6\pdl\middleware\ble\lib\cy_ble_stack_gcc_controller_ipc_cm0p.a(lec_hci_le_dle.o)
 .constdata     0x100059b0       0x78 Generated_Source\PSoC6\pdl\middleware\ble\lib\cy_ble_stack_gcc_controller_ipc_cm0p.a(lec_hci_le_phy_update.o)
 .conststring   0x10005a28       0x87 Generated_Source\PSoC6\pdl\middleware\ble\lib\cy_ble_stack_gcc_controller_ipc_cm0p.a(drbg.o)
 *fill*         0x10005aaf        0x1 
 .constdata     0x10005ab0       0x60 Generated_Source\PSoC6\pdl\middleware\ble\lib\cy_ble_stack_gcc_radio_max_cm0p.a(CyBlessVer3.o)
                0x10005ab0                rssiMap
 .rodata        0x10005b10       0x40 c:/program files (x86)/cypress/psoc creator/4.2/psoc creator/import/gnu/arm/5.4.1/bin/../lib/gcc/arm-none-eabi/5.4.1/armv6-m\libgcc.a(divdf3.o)
 .rodata        0x10005b50       0x40 c:/program files (x86)/cypress/psoc creator/4.2/psoc creator/import/gnu/arm/5.4.1/bin/../lib/gcc/arm-none-eabi/5.4.1/armv6-m\libgcc.a(muldf3.o)
 *(.eh_frame*)
 .eh_frame      0x10005b90        0x0 c:/program files (x86)/cypress/psoc creator/4.2/psoc creator/import/gnu/arm/5.4.1/bin/../lib/gcc/arm-none-eabi/5.4.1/armv6-m/crtbegin.o
 .eh_frame      0x10005b90        0x4 c:/program files (x86)/cypress/psoc creator/4.2/psoc creator/import/gnu/arm/5.4.1/bin/../lib/gcc/arm-none-eabi/5.4.1/armv6-m/crtend.o

.glue_7         0x10005b94        0x0
 .glue_7        0x10005b94        0x0 linker stubs

.glue_7t        0x10005b94        0x0
 .glue_7t       0x10005b94        0x0 linker stubs

.vfp11_veneer   0x10005b94        0x0
 .vfp11_veneer  0x10005b94        0x0 linker stubs

.v4_bx          0x10005b94        0x0
 .v4_bx         0x10005b94        0x0 linker stubs

.iplt           0x10005b94        0x0
 .iplt          0x10005b94        0x0 c:/program files (x86)/cypress/psoc creator/4.2/psoc creator/import/gnu/arm/5.4.1/bin/../lib/gcc/arm-none-eabi/5.4.1/armv6-m/crtbegin.o

i.CyBleStackMgr_Init
                0x10005b94       0xe8
 i.CyBleStackMgr_Init
                0x10005b94       0xe8 Generated_Source\PSoC6\pdl\middleware\ble\lib\cy_ble_stack_gcc_controller_ipc_cm0p.a(CyBleStackMgrIP_Interface.o)
                0x10005b94                CyBleStackMgr_Init

i.CyBleStackMgr_ProcessBleEvents
                0x10005c7c       0x2c
 i.CyBleStackMgr_ProcessBleEvents
                0x10005c7c       0x2c Generated_Source\PSoC6\pdl\middleware\ble\lib\cy_ble_stack_gcc_controller_ipc_cm0p.a(CyBleStackMgrIP_Interface.o)
                0x10005c7c                CyBleStackMgr_ProcessBleEvents

i.CyBleStackMgr_Shutdown
                0x10005ca8       0x28
 i.CyBleStackMgr_Shutdown
                0x10005ca8       0x28 Generated_Source\PSoC6\pdl\middleware\ble\lib\cy_ble_stack_gcc_controller_ipc_cm0p.a(CyBleStackMgrIP_Interface.o)
                0x10005ca8                CyBleStackMgr_Shutdown

i.CyBle_GetHeapConfig
                0x10005cd0        0x8
 i.CyBle_GetHeapConfig
                0x10005cd0        0x8 Generated_Source\PSoC6\pdl\middleware\ble\lib\cy_ble_stack_gcc_controller_ipc_cm0p.a(CyBleStackMgrIP_Interface.o)
                0x10005cd0                CyBle_GetHeapConfig

i.CyBle_GetHeapMemory
                0x10005cd8       0x3c
 i.CyBle_GetHeapMemory
                0x10005cd8       0x3c Generated_Source\PSoC6\pdl\middleware\ble\lib\cy_ble_stack_gcc_controller_ipc_cm0p.a(CyBleStackMgrIP_Interface.o)
                0x10005cd8                CyBle_GetHeapMemory

i.CyBle_StackGetConfigPtr
                0x10005d14        0x8
 i.CyBle_StackGetConfigPtr
                0x10005d14        0x8 Generated_Source\PSoC6\pdl\middleware\ble\lib\cy_ble_stack_gcc_controller_ipc_cm0p.a(CyBleStackMgrIP_Interface.o)
                0x10005d14                CyBle_StackGetConfigPtr

i.Cy_BLE_GetStackLibraryVersion
                0x10005d1c       0x24
 i.Cy_BLE_GetStackLibraryVersion
                0x10005d1c       0x24 Generated_Source\PSoC6\pdl\middleware\ble\lib\cy_ble_stack_gcc_controller_ipc_cm0p.a(CyBleStackMgrIP_Interface.o)
                0x10005d1c                Cy_BLE_GetStackLibraryVersion

i.Cy_BLE_ProcessEvents
                0x10005d40        0x8
 i.Cy_BLE_ProcessEvents
                0x10005d40        0x8 Generated_Source\PSoC6\pdl\middleware\ble\lib\cy_ble_stack_gcc_controller_ipc_cm0p.a(CyBleStackMgrIP_Interface.o)
                0x10005d40                Cy_BLE_ProcessEvents

i.Cy_BLE_StackEnterLPM
                0x10005d48        0x8
 i.Cy_BLE_StackEnterLPM
                0x10005d48        0x8 Generated_Source\PSoC6\pdl\middleware\ble\lib\cy_ble_stack_gcc_controller_ipc_cm0p.a(CyBleStackMgrIP_Interface.o)
                0x10005d48                Cy_BLE_StackEnterLPM

i.Cy_BLE_StackGetBleSsState
                0x10005d50        0x8
 i.Cy_BLE_StackGetBleSsState
                0x10005d50        0x8 Generated_Source\PSoC6\pdl\middleware\ble\lib\cy_ble_stack_gcc_controller_ipc_cm0p.a(CyBleStackMgrIP_Interface.o)
                0x10005d50                Cy_BLE_StackGetBleSsState

i.Cy_BLE_StackInit
                0x10005d58       0x58
 i.Cy_BLE_StackInit
                0x10005d58       0x58 Generated_Source\PSoC6\pdl\middleware\ble\lib\cy_ble_stack_gcc_controller_ipc_cm0p.a(CyBleStackMgrIP_Interface.o)
                0x10005d58                Cy_BLE_StackInit

i.Cy_BLE_StackSetFeatureConfig
                0x10005db0       0x54
 i.Cy_BLE_StackSetFeatureConfig
                0x10005db0       0x54 Generated_Source\PSoC6\pdl\middleware\ble\lib\cy_ble_stack_gcc_controller_ipc_cm0p.a(CyBleStackMgrIP_Interface.o)
                0x10005db0                Cy_BLE_StackSetFeatureConfig

i.ble_stack_idle_task_callback
                0x10005e04        0x2
 i.ble_stack_idle_task_callback
                0x10005e04        0x2 Generated_Source\PSoC6\pdl\middleware\ble\lib\cy_ble_stack_gcc_controller_ipc_cm0p.a(CyBleStackMgrIP_Interface.o)
                0x10005e04                ble_stack_idle_task_callback

i.CyBleStackMgr_GetTime
                0x10005e08       0x28
 i.CyBleStackMgr_GetTime
                0x10005e08       0x28 Generated_Source\PSoC6\pdl\middleware\ble\lib\cy_ble_stack_gcc_controller_ipc_cm0p.a(CyBleStackMgr_PSoCHal.o)
                0x10005e08                CyBleStackMgr_GetTime

i.CyBleStackMgr_HalInit
                0x10005e30       0x1c
 i.CyBleStackMgr_HalInit
                0x10005e30       0x1c Generated_Source\PSoC6\pdl\middleware\ble\lib\cy_ble_stack_gcc_controller_ipc_cm0p.a(CyBleStackMgr_PSoCHal.o)
                0x10005e30                CyBleStackMgr_HalInit

i.CyBleStackMgr_HalIntrEnable
                0x10005e4c        0x8
 i.CyBleStackMgr_HalIntrEnable
                0x10005e4c        0x8 Generated_Source\PSoC6\pdl\middleware\ble\lib\cy_ble_stack_gcc_controller_ipc_cm0p.a(CyBleStackMgr_PSoCHal.o)
                0x10005e4c                CyBleStackMgr_HalIntrEnable

i.CyBleStackMgr_HciPortInit
                0x10005e54       0x18
 i.CyBleStackMgr_HciPortInit
                0x10005e54       0x18 Generated_Source\PSoC6\pdl\middleware\ble\lib\cy_ble_stack_gcc_controller_ipc_cm0p.a(CyBleStackMgr_PSoCHal.o)
                0x10005e54                CyBleStackMgr_HciPortInit

i.CyBleStackMgr_HciPortReset
                0x10005e6c        0x8
 i.CyBleStackMgr_HciPortReset
                0x10005e6c        0x8 Generated_Source\PSoC6\pdl\middleware\ble\lib\cy_ble_stack_gcc_controller_ipc_cm0p.a(CyBleStackMgr_PSoCHal.o)
                0x10005e6c                CyBleStackMgr_HciPortReset

i.CyBleStackMgr_HciPortWrite
                0x10005e74        0x8
 i.CyBleStackMgr_HciPortWrite
                0x10005e74        0x8 Generated_Source\PSoC6\pdl\middleware\ble\lib\cy_ble_stack_gcc_controller_ipc_cm0p.a(CyBleStackMgr_PSoCHal.o)
                0x10005e74                CyBleStackMgr_HciPortWrite

i.CyBleStackMgr_TimerStart
                0x10005e7c       0x20
 i.CyBleStackMgr_TimerStart
                0x10005e7c       0x20 Generated_Source\PSoC6\pdl\middleware\ble\lib\cy_ble_stack_gcc_controller_ipc_cm0p.a(CyBleStackMgr_PSoCHal.o)
                0x10005e7c                CyBleStackMgr_TimerStart

i.CyBleStackMgr_TimerStop
                0x10005e9c       0x18
 i.CyBleStackMgr_TimerStop
                0x10005e9c       0x18 Generated_Source\PSoC6\pdl\middleware\ble\lib\cy_ble_stack_gcc_controller_ipc_cm0p.a(CyBleStackMgr_PSoCHal.o)
                0x10005e9c                CyBleStackMgr_TimerStop

i.CyBleStackMgr_isTimerRunning
                0x10005eb4        0xc
 i.CyBleStackMgr_isTimerRunning
                0x10005eb4        0xc Generated_Source\PSoC6\pdl\middleware\ble\lib\cy_ble_stack_gcc_controller_ipc_cm0p.a(CyBleStackMgr_PSoCHal.o)
                0x10005eb4                CyBleStackMgr_isTimerRunning

i.CyBleStackMgr_BleSSFifoRead
                0x10005ec0       0x3c
 i.CyBleStackMgr_BleSSFifoRead
                0x10005ec0       0x3c Generated_Source\PSoC6\pdl\middleware\ble\lib\cy_ble_stack_gcc_controller_ipc_cm0p.a(CyBleStackMgr_BleSSDriver.o)
                0x10005ec0                CyBleStackMgr_BleSSFifoRead

i.CyBleStackMgr_BleSSFifoWrite
                0x10005efc       0x30
 i.CyBleStackMgr_BleSSFifoWrite
                0x10005efc       0x30 Generated_Source\PSoC6\pdl\middleware\ble\lib\cy_ble_stack_gcc_controller_ipc_cm0p.a(CyBleStackMgr_BleSSDriver.o)
                0x10005efc                CyBleStackMgr_BleSSFifoWrite

i.CyBleStackMgr_BleSSInit
                0x10005f2c       0x70
 i.CyBleStackMgr_BleSSInit
                0x10005f2c       0x70 Generated_Source\PSoC6\pdl\middleware\ble\lib\cy_ble_stack_gcc_controller_ipc_cm0p.a(CyBleStackMgr_BleSSDriver.o)
                0x10005f2c                CyBleStackMgr_BleSSInit

i.CyBleStackMgr_BleSSMemRead
                0x10005f9c       0x30
 i.CyBleStackMgr_BleSSMemRead
                0x10005f9c       0x30 Generated_Source\PSoC6\pdl\middleware\ble\lib\cy_ble_stack_gcc_controller_ipc_cm0p.a(CyBleStackMgr_BleSSDriver.o)
                0x10005f9c                CyBleStackMgr_BleSSMemRead

i.CyBleStackMgr_BleSSMemWrite
                0x10005fcc       0x34
 i.CyBleStackMgr_BleSSMemWrite
                0x10005fcc       0x34 Generated_Source\PSoC6\pdl\middleware\ble\lib\cy_ble_stack_gcc_controller_ipc_cm0p.a(CyBleStackMgr_BleSSDriver.o)
                0x10005fcc                CyBleStackMgr_BleSSMemWrite

i.CyBleStackMgr_BleSSMemWriteFields
                0x10006000       0x70
 i.CyBleStackMgr_BleSSMemWriteFields
                0x10006000       0x70 Generated_Source\PSoC6\pdl\middleware\ble\lib\cy_ble_stack_gcc_controller_ipc_cm0p.a(CyBleStackMgr_BleSSDriver.o)
                0x10006000                CyBleStackMgr_BleSSMemWriteFields

i.CyBleStackMgr_BleSSReset
                0x10006070       0x2c
 i.CyBleStackMgr_BleSSReset
                0x10006070       0x2c Generated_Source\PSoC6\pdl\middleware\ble\lib\cy_ble_stack_gcc_controller_ipc_cm0p.a(CyBleStackMgr_BleSSDriver.o)
                0x10006070                CyBleStackMgr_BleSSReset

i.CyBleStackMgr_BleSSShutdown
                0x1000609c       0x34
 i.CyBleStackMgr_BleSSShutdown
                0x1000609c       0x34 Generated_Source\PSoC6\pdl\middleware\ble\lib\cy_ble_stack_gcc_controller_ipc_cm0p.a(CyBleStackMgr_BleSSDriver.o)
                0x1000609c                CyBleStackMgr_BleSSShutdown

i.CyBleStackMgr_GenericIface
                0x100060d0       0x58
 i.CyBleStackMgr_GenericIface
                0x100060d0       0x58 Generated_Source\PSoC6\pdl\middleware\ble\lib\cy_ble_stack_gcc_controller_ipc_cm0p.a(CyBleStackMgr_BleSSDriver.o)
                0x100060d0                CyBleStackMgr_GenericIface

i.CyBleStackMgr_HandleBleSSIntr
                0x10006128       0x70
 i.CyBleStackMgr_HandleBleSSIntr
                0x10006128       0x70 Generated_Source\PSoC6\pdl\middleware\ble\lib\cy_ble_stack_gcc_controller_ipc_cm0p.a(CyBleStackMgr_BleSSDriver.o)
                0x10006128                CyBleStackMgr_HandleBleSSIntr

i.CyBle_ControllerGetBleClockCfgParam
                0x10006198       0x20
 i.CyBle_ControllerGetBleClockCfgParam
                0x10006198       0x20 Generated_Source\PSoC6\pdl\middleware\ble\lib\cy_ble_stack_gcc_controller_ipc_cm0p.a(CyBleStackMgr_BleSSDriver.o)
                0x10006198                CyBle_ControllerGetBleClockCfgParam

i.CyBle_ControllerGetTxPowerLevel
                0x100061b8       0x3c
 i.CyBle_ControllerGetTxPowerLevel
                0x100061b8       0x3c Generated_Source\PSoC6\pdl\middleware\ble\lib\cy_ble_stack_gcc_controller_ipc_cm0p.a(CyBleStackMgr_BleSSDriver.o)
                0x100061b8                CyBle_ControllerGetTxPowerLevel

i.CyBle_ControllerSetBleClockCfgParam
                0x100061f4       0x30
 i.CyBle_ControllerSetBleClockCfgParam
                0x100061f4       0x30 Generated_Source\PSoC6\pdl\middleware\ble\lib\cy_ble_stack_gcc_controller_ipc_cm0p.a(CyBleStackMgr_BleSSDriver.o)
                0x100061f4                CyBle_ControllerSetBleClockCfgParam

i.CyBle_ControllerSetDcxoLdoTrim
                0x10006224       0x1c
 i.CyBle_ControllerSetDcxoLdoTrim
                0x10006224       0x1c Generated_Source\PSoC6\pdl\middleware\ble\lib\cy_ble_stack_gcc_controller_ipc_cm0p.a(CyBleStackMgr_BleSSDriver.o)
                0x10006224                CyBle_ControllerSetDcxoLdoTrim

i.CyBle_ControllerSetTxPowerLevel
                0x10006240       0x20
 i.CyBle_ControllerSetTxPowerLevel
                0x10006240       0x20 Generated_Source\PSoC6\pdl\middleware\ble\lib\cy_ble_stack_gcc_controller_ipc_cm0p.a(CyBleStackMgr_BleSSDriver.o)
                0x10006240                CyBle_ControllerSetTxPowerLevel

i.CyBle_EnterDsmMode
                0x10006260       0x34
 i.CyBle_EnterDsmMode
                0x10006260       0x34 Generated_Source\PSoC6\pdl\middleware\ble\lib\cy_ble_stack_gcc_controller_ipc_cm0p.a(CyBleStackMgr_BleSSDriver.o)
                0x10006260                CyBle_EnterDsmMode

i.CyBle_ExitDsmMode
                0x10006294       0x34
 i.CyBle_ExitDsmMode
                0x10006294       0x34 Generated_Source\PSoC6\pdl\middleware\ble\lib\cy_ble_stack_gcc_controller_ipc_cm0p.a(CyBleStackMgr_BleSSDriver.o)
                0x10006294                CyBle_ExitDsmMode

i.CyBle_GetBleSsOperationalMode
                0x100062c8        0xc
 i.CyBle_GetBleSsOperationalMode
                0x100062c8        0xc Generated_Source\PSoC6\pdl\middleware\ble\lib\cy_ble_stack_gcc_controller_ipc_cm0p.a(CyBleStackMgr_BleSSDriver.o)
                0x100062c8                CyBle_GetBleSsOperationalMode

i.CyBle_GetEventCloseState
                0x100062d4       0x10
 i.CyBle_GetEventCloseState
                0x100062d4       0x10 Generated_Source\PSoC6\pdl\middleware\ble\lib\cy_ble_stack_gcc_controller_ipc_cm0p.a(CyBleStackMgr_BleSSDriver.o)
                0x100062d4                CyBle_GetEventCloseState

i.CyBle_GetLpMode
                0x100062e4       0x1c
 i.CyBle_GetLpMode
                0x100062e4       0x1c Generated_Source\PSoC6\pdl\middleware\ble\lib\cy_ble_stack_gcc_controller_ipc_cm0p.a(CyBleStackMgr_BleSSDriver.o)
                0x100062e4                CyBle_GetLpMode

i.CyBle_GetTxGainMode
                0x10006300        0xe
 i.CyBle_GetTxGainMode
                0x10006300        0xe Generated_Source\PSoC6\pdl\middleware\ble\lib\cy_ble_stack_gcc_controller_ipc_cm0p.a(CyBleStackMgr_BleSSDriver.o)
                0x10006300                CyBle_GetTxGainMode

i.CyBle_SetAutoWakeUp
                0x10006310        0xc
 i.CyBle_SetAutoWakeUp
                0x10006310        0xc Generated_Source\PSoC6\pdl\middleware\ble\lib\cy_ble_stack_gcc_controller_ipc_cm0p.a(CyBleStackMgr_BleSSDriver.o)
                0x10006310                CyBle_SetAutoWakeUp

i.CyBle_SetBleSsOperationalMode
                0x1000631c       0x20
 i.CyBle_SetBleSsOperationalMode
                0x1000631c       0x20 Generated_Source\PSoC6\pdl\middleware\ble\lib\cy_ble_stack_gcc_controller_ipc_cm0p.a(CyBleStackMgr_BleSSDriver.o)
                0x1000631c                CyBle_SetBleSsOperationalMode

i.CyBle_SetEventCloseState
                0x1000633c        0xc
 i.CyBle_SetEventCloseState
                0x1000633c        0xc Generated_Source\PSoC6\pdl\middleware\ble\lib\cy_ble_stack_gcc_controller_ipc_cm0p.a(CyBleStackMgr_BleSSDriver.o)
                0x1000633c                CyBle_SetEventCloseState

i.CyBle_CheckBleStackTaskStatus
                0x10006348        0x4
 i.CyBle_CheckBleStackTaskStatus
                0x10006348        0x4 Generated_Source\PSoC6\pdl\middleware\ble\lib\cy_ble_stack_gcc_controller_ipc_cm0p.a(CyBleStackMgr_StackTaskHandler.o)
                0x10006348                CyBle_CheckBleStackTaskStatus

i.CyBle_CreateBleStackTask
                0x1000634c       0x30
 i.CyBle_CreateBleStackTask
                0x1000634c       0x30 Generated_Source\PSoC6\pdl\middleware\ble\lib\cy_ble_stack_gcc_controller_ipc_cm0p.a(CyBleStackMgr_StackTaskHandler.o)
                0x1000634c                CyBle_CreateBleStackTask

i.CyBle_SignalBleStackTask
                0x1000637c       0x44
 i.CyBle_SignalBleStackTask
                0x1000637c       0x44 Generated_Source\PSoC6\pdl\middleware\ble\lib\cy_ble_stack_gcc_controller_ipc_cm0p.a(CyBleStackMgr_StackTaskHandler.o)
                0x1000637c                CyBle_SignalBleStackTask

i.CyBle_StackTaskHandler
                0x100063c0       0x26
 i.CyBle_StackTaskHandler
                0x100063c0       0x26 Generated_Source\PSoC6\pdl\middleware\ble\lib\cy_ble_stack_gcc_controller_ipc_cm0p.a(CyBleStackMgr_StackTaskHandler.o)
                0x100063c0                CyBle_StackTaskHandler

i.IsStackTaskFree
                0x100063e8       0x10
 i.IsStackTaskFree
                0x100063e8       0x10 Generated_Source\PSoC6\pdl\middleware\ble\lib\cy_ble_stack_gcc_controller_ipc_cm0p.a(CyBleStackMgr_StackTaskHandler.o)
                0x100063e8                IsStackTaskFree

i.BT_start_timer
                0x100063f8       0xe4
 i.BT_start_timer
                0x100063f8       0xe4 Generated_Source\PSoC6\pdl\middleware\ble\lib\cy_ble_stack_gcc_controller_ipc_cm0p.a(BT_timer.o)
                0x100063f8                BT_start_timer

i.BT_start_timer_controller
                0x100064dc       0x28
 i.BT_start_timer_controller
                0x100064dc       0x28 Generated_Source\PSoC6\pdl\middleware\ble\lib\cy_ble_stack_gcc_controller_ipc_cm0p.a(BT_timer.o)
                0x100064dc                BT_start_timer_controller

i.BT_start_timer_pilo
                0x10006504       0x28
 i.BT_start_timer_pilo
                0x10006504       0x28 Generated_Source\PSoC6\pdl\middleware\ble\lib\cy_ble_stack_gcc_controller_ipc_cm0p.a(BT_timer.o)
                0x10006504                BT_start_timer_pilo

i.BT_stop_timer
                0x1000652c       0xa0
 i.BT_stop_timer
                0x1000652c       0xa0 Generated_Source\PSoC6\pdl\middleware\ble\lib\cy_ble_stack_gcc_controller_ipc_cm0p.a(BT_timer.o)
                0x1000652c                BT_stop_timer

i.BT_stop_timer_controller
                0x100065cc       0x28
 i.BT_stop_timer_controller
                0x100065cc       0x28 Generated_Source\PSoC6\pdl\middleware\ble\lib\cy_ble_stack_gcc_controller_ipc_cm0p.a(BT_timer.o)
                0x100065cc                BT_stop_timer_controller

i.BT_stop_timer_pilo
                0x100065f4       0x28
 i.BT_stop_timer_pilo
                0x100065f4       0x28 Generated_Source\PSoC6\pdl\middleware\ble\lib\cy_ble_stack_gcc_controller_ipc_cm0p.a(BT_timer.o)
                0x100065f4                BT_stop_timer_pilo

i.BT_timer_process_signals
                0x1000661c       0xd4
 i.BT_timer_process_signals
                0x1000661c       0xd4 Generated_Source\PSoC6\pdl\middleware\ble\lib\cy_ble_stack_gcc_controller_ipc_cm0p.a(BT_timer.o)
                0x1000661c                BT_timer_process_signals

i.timer_allocated_entity
                0x100066f0       0x34
 i.timer_allocated_entity
                0x100066f0       0x34 Generated_Source\PSoC6\pdl\middleware\ble\lib\cy_ble_stack_gcc_controller_ipc_cm0p.a(BT_timer.o)
                0x100066f0                timer_allocated_entity

i.timer_init    0x10006724       0x30
 i.timer_init   0x10006724       0x30 Generated_Source\PSoC6\pdl\middleware\ble\lib\cy_ble_stack_gcc_controller_ipc_cm0p.a(BT_timer.o)
                0x10006724                timer_init

i.timer_update_offsets
                0x10006754       0x34
 i.timer_update_offsets
                0x10006754       0x34 Generated_Source\PSoC6\pdl\middleware\ble\lib\cy_ble_stack_gcc_controller_ipc_cm0p.a(BT_timer.o)

i.BT_ISROSQPost
                0x10006788        0xa
 i.BT_ISROSQPost
                0x10006788        0xa Generated_Source\PSoC6\pdl\middleware\ble\lib\cy_ble_stack_gcc_controller_ipc_cm0p.a(bt_os_common.o)
                0x10006788                BT_ISROSQPost

i.BT_OSQPost    0x10006792        0xa
 i.BT_OSQPost   0x10006792        0xa Generated_Source\PSoC6\pdl\middleware\ble\lib\cy_ble_stack_gcc_controller_ipc_cm0p.a(bt_os_common.o)
                0x10006792                BT_OSQPost

i.BT_thread_create
                0x1000679c       0x30
 i.BT_thread_create
                0x1000679c       0x30 Generated_Source\PSoC6\pdl\middleware\ble\lib\cy_ble_stack_gcc_controller_ipc_cm0p.a(bt_os_common.o)
                0x1000679c                BT_thread_create

i.pf_timer_handle_tick
                0x100067cc       0x20
 i.pf_timer_handle_tick
                0x100067cc       0x20 Generated_Source\PSoC6\pdl\middleware\ble\lib\cy_ble_stack_gcc_controller_ipc_cm0p.a(bt_os_common.o)
                0x100067cc                pf_timer_handle_tick

i.CyPilo_ApplyTrim
                0x100067ec       0x88
 i.CyPilo_ApplyTrim
                0x100067ec       0x88 Generated_Source\PSoC6\pdl\middleware\ble\lib\cy_ble_stack_gcc_controller_ipc_cm0p.a(CyBleStackMgrIP_Pilo.o)

i.CyPilo_DSMExitCalibration
                0x10006874       0x14
 i.CyPilo_DSMExitCalibration
                0x10006874       0x14 Generated_Source\PSoC6\pdl\middleware\ble\lib\cy_ble_stack_gcc_controller_ipc_cm0p.a(CyBleStackMgrIP_Pilo.o)
                0x10006874                CyPilo_DSMExitCalibration

i.CyPilo_GetState
                0x10006888        0xc
 i.CyPilo_GetState
                0x10006888        0xc Generated_Source\PSoC6\pdl\middleware\ble\lib\cy_ble_stack_gcc_controller_ipc_cm0p.a(CyBleStackMgrIP_Pilo.o)
                0x10006888                CyPilo_GetState

i.CyPilo_InitCalibration
                0x10006894       0x18
 i.CyPilo_InitCalibration
                0x10006894       0x18 Generated_Source\PSoC6\pdl\middleware\ble\lib\cy_ble_stack_gcc_controller_ipc_cm0p.a(CyBleStackMgrIP_Pilo.o)
                0x10006894                CyPilo_InitCalibration

i.CyPilo_PeriodicCalibTimeout
                0x100068ac       0x24
 i.CyPilo_PeriodicCalibTimeout
                0x100068ac       0x24 Generated_Source\PSoC6\pdl\middleware\ble\lib\cy_ble_stack_gcc_controller_ipc_cm0p.a(CyBleStackMgrIP_Pilo.o)

i.CyPilo_RetryCalibration
                0x100068d0       0x20
 i.CyPilo_RetryCalibration
                0x100068d0       0x20 Generated_Source\PSoC6\pdl\middleware\ble\lib\cy_ble_stack_gcc_controller_ipc_cm0p.a(CyBleStackMgrIP_Pilo.o)

i.CyPilo_SetCalibInterval
                0x100068f0        0xc
 i.CyPilo_SetCalibInterval
                0x100068f0        0xc Generated_Source\PSoC6\pdl\middleware\ble\lib\cy_ble_stack_gcc_controller_ipc_cm0p.a(CyBleStackMgrIP_Pilo.o)
                0x100068f0                CyPilo_SetCalibInterval

i.CyPilo_SetState
                0x100068fc        0xc
 i.CyPilo_SetState
                0x100068fc        0xc Generated_Source\PSoC6\pdl\middleware\ble\lib\cy_ble_stack_gcc_controller_ipc_cm0p.a(CyBleStackMgrIP_Pilo.o)
                0x100068fc                CyPilo_SetState

i.CyPilo_ShutdownCalibration
                0x10006908       0x1c
 i.CyPilo_ShutdownCalibration
                0x10006908       0x1c Generated_Source\PSoC6\pdl\middleware\ble\lib\cy_ble_stack_gcc_controller_ipc_cm0p.a(CyBleStackMgrIP_Pilo.o)
                0x10006908                CyPilo_ShutdownCalibration

i.CyPilo_StopPeriodicTimer
                0x10006924       0x10
 i.CyPilo_StopPeriodicTimer
                0x10006924       0x10 Generated_Source\PSoC6\pdl\middleware\ble\lib\cy_ble_stack_gcc_controller_ipc_cm0p.a(CyBleStackMgrIP_Pilo.o)
                0x10006924                CyPilo_StopPeriodicTimer

i.CyPilo_TriggerCalibration
                0x10006934       0x54
 i.CyPilo_TriggerCalibration
                0x10006934       0x54 Generated_Source\PSoC6\pdl\middleware\ble\lib\cy_ble_stack_gcc_controller_ipc_cm0p.a(CyBleStackMgrIP_Pilo.o)
                0x10006934                CyPilo_TriggerCalibration

i.CyPilo_UpdateCalibInterval
                0x10006988       0x34
 i.CyPilo_UpdateCalibInterval
                0x10006988       0x34 Generated_Source\PSoC6\pdl\middleware\ble\lib\cy_ble_stack_gcc_controller_ipc_cm0p.a(CyBleStackMgrIP_Pilo.o)
                0x10006988                CyPilo_UpdateCalibInterval

i.OS_init       0x100069bc       0x64
 i.OS_init      0x100069bc       0x64 Generated_Source\PSoC6\pdl\middleware\ble\lib\cy_ble_stack_gcc_controller_ipc_cm0p.a(mint_os.o)
                0x100069bc                OS_init

i.OS_shutdown   0x10006a20        0x4
 i.OS_shutdown  0x10006a20        0x4 Generated_Source\PSoC6\pdl\middleware\ble\lib\cy_ble_stack_gcc_controller_ipc_cm0p.a(mint_os.o)
                0x10006a20                OS_shutdown

i.mintos_malloc
                0x10006a24       0x34
 i.mintos_malloc
                0x10006a24       0x34 Generated_Source\PSoC6\pdl\middleware\ble\lib\cy_ble_stack_gcc_controller_ipc_cm0p.a(mint_os.o)
                0x10006a24                mintos_malloc

i.OS_create_queue
                0x10006a58       0x64
 i.OS_create_queue
                0x10006a58       0x64 Generated_Source\PSoC6\pdl\middleware\ble\lib\cy_ble_stack_gcc_controller_ipc_cm0p.a(mint_os_queue.o)
                0x10006a58                OS_create_queue

i.OS_enqueue_item
                0x10006abc       0x8c
 i.OS_enqueue_item
                0x10006abc       0x8c Generated_Source\PSoC6\pdl\middleware\ble\lib\cy_ble_stack_gcc_controller_ipc_cm0p.a(mint_os_queue.o)
                0x10006abc                OS_enqueue_item

i.OS_queue_get_num_of_items
                0x10006b48       0x28
 i.OS_queue_get_num_of_items
                0x10006b48       0x28 Generated_Source\PSoC6\pdl\middleware\ble\lib\cy_ble_stack_gcc_controller_ipc_cm0p.a(mint_os_queue.o)
                0x10006b48                OS_queue_get_num_of_items

i.OS_queue_mgmt_init
                0x10006b70       0x40
 i.OS_queue_mgmt_init
                0x10006b70       0x40 Generated_Source\PSoC6\pdl\middleware\ble\lib\cy_ble_stack_gcc_controller_ipc_cm0p.a(mint_os_queue.o)
                0x10006b70                OS_queue_mgmt_init

i.OS_remove_item
                0x10006bb0       0xa0
 i.OS_remove_item
                0x10006bb0       0xa0 Generated_Source\PSoC6\pdl\middleware\ble\lib\cy_ble_stack_gcc_controller_ipc_cm0p.a(mint_os_queue.o)
                0x10006bb0                OS_remove_item

i.OS_create_task
                0x10006c50       0x88
 i.OS_create_task
                0x10006c50       0x88 Generated_Source\PSoC6\pdl\middleware\ble\lib\cy_ble_stack_gcc_controller_ipc_cm0p.a(mint_os_task.o)
                0x10006c50                OS_create_task

i.OS_is_task_free
                0x10006cd8       0x30
 i.OS_is_task_free
                0x10006cd8       0x30 Generated_Source\PSoC6\pdl\middleware\ble\lib\cy_ble_stack_gcc_controller_ipc_cm0p.a(mint_os_task.o)
                0x10006cd8                OS_is_task_free

i.OS_isr_send_signal_to_task
                0x10006d08        0xc
 i.OS_isr_send_signal_to_task
                0x10006d08        0xc Generated_Source\PSoC6\pdl\middleware\ble\lib\cy_ble_stack_gcc_controller_ipc_cm0p.a(mint_os_task.o)
                0x10006d08                OS_isr_send_signal_to_task

i.OS_scheduler  0x10006d14       0x64
 i.OS_scheduler
                0x10006d14       0x64 Generated_Source\PSoC6\pdl\middleware\ble\lib\cy_ble_stack_gcc_controller_ipc_cm0p.a(mint_os_task.o)
                0x10006d14                OS_scheduler

i.OS_send_signal_to_task
                0x10006d78        0xc
 i.OS_send_signal_to_task
                0x10006d78        0xc Generated_Source\PSoC6\pdl\middleware\ble\lib\cy_ble_stack_gcc_controller_ipc_cm0p.a(mint_os_task.o)
                0x10006d78                OS_send_signal_to_task

i.OS_send_signal_to_task_context
                0x10006d84       0x3c
 i.OS_send_signal_to_task_context
                0x10006d84       0x3c Generated_Source\PSoC6\pdl\middleware\ble\lib\cy_ble_stack_gcc_controller_ipc_cm0p.a(mint_os_task.o)

i.OS_task_mgmt_init
                0x10006dc0       0x50
 i.OS_task_mgmt_init
                0x10006dc0       0x50 Generated_Source\PSoC6\pdl\middleware\ble\lib\cy_ble_stack_gcc_controller_ipc_cm0p.a(mint_os_task.o)
                0x10006dc0                OS_task_mgmt_init

i.mint_buf_mgmt_allocate_buffer
                0x10006e10       0x4c
 i.mint_buf_mgmt_allocate_buffer
                0x10006e10       0x4c Generated_Source\PSoC6\pdl\middleware\ble\lib\cy_ble_stack_gcc_controller_ipc_cm0p.a(mint_buf_mgmt.o)
                0x10006e10                mint_buf_mgmt_allocate_buffer

i.mint_buf_mgmt_create_pool
                0x10006e5c       0xd4
 i.mint_buf_mgmt_create_pool
                0x10006e5c       0xd4 Generated_Source\PSoC6\pdl\middleware\ble\lib\cy_ble_stack_gcc_controller_ipc_cm0p.a(mint_buf_mgmt.o)
                0x10006e5c                mint_buf_mgmt_create_pool

i.mint_buf_mgmt_free_buffer
                0x10006f30       0xa4
 i.mint_buf_mgmt_free_buffer
                0x10006f30       0xa4 Generated_Source\PSoC6\pdl\middleware\ble\lib\cy_ble_stack_gcc_controller_ipc_cm0p.a(mint_buf_mgmt.o)
                0x10006f30                mint_buf_mgmt_free_buffer

i.mint_buf_mgmt_init
                0x10006fd4       0x44
 i.mint_buf_mgmt_init
                0x10006fd4       0x44 Generated_Source\PSoC6\pdl\middleware\ble\lib\cy_ble_stack_gcc_controller_ipc_cm0p.a(mint_buf_mgmt.o)
                0x10006fd4                mint_buf_mgmt_init

i.mint_buf_mgmt_malloc
                0x10007018       0x28
 i.mint_buf_mgmt_malloc
                0x10007018       0x28 Generated_Source\PSoC6\pdl\middleware\ble\lib\cy_ble_stack_gcc_controller_ipc_cm0p.a(mint_buf_mgmt.o)
                0x10007018                mint_buf_mgmt_malloc

i.mint_buf_mgmt_pl_init
                0x10007040       0x4c
 i.mint_buf_mgmt_pl_init
                0x10007040       0x4c Generated_Source\PSoC6\pdl\middleware\ble\lib\cy_ble_stack_gcc_controller_ipc_cm0p.a(mint_buf_mgmt.o)
                0x10007040                mint_buf_mgmt_pl_init

i.mint_buf_mgmt_reset_pool
                0x1000708c       0x70
 i.mint_buf_mgmt_reset_pool
                0x1000708c       0x70 Generated_Source\PSoC6\pdl\middleware\ble\lib\cy_ble_stack_gcc_controller_ipc_cm0p.a(mint_buf_mgmt.o)
                0x1000708c                mint_buf_mgmt_reset_pool

i.mint_buf_mgmt_stack_init
                0x100070fc       0x24
 i.mint_buf_mgmt_stack_init
                0x100070fc       0x24 Generated_Source\PSoC6\pdl\middleware\ble\lib\cy_ble_stack_gcc_controller_ipc_cm0p.a(mint_buf_mgmt.o)
                0x100070fc                mint_buf_mgmt_stack_init

i.mint_buf_mgmt_stack_pop
                0x10007120       0x36
 i.mint_buf_mgmt_stack_pop
                0x10007120       0x36 Generated_Source\PSoC6\pdl\middleware\ble\lib\cy_ble_stack_gcc_controller_ipc_cm0p.a(mint_buf_mgmt.o)
                0x10007120                mint_buf_mgmt_stack_pop

i.mint_buf_mgmt_stack_push
                0x10007156       0x36
 i.mint_buf_mgmt_stack_push
                0x10007156       0x36 Generated_Source\PSoC6\pdl\middleware\ble\lib\cy_ble_stack_gcc_controller_ipc_cm0p.a(mint_buf_mgmt.o)
                0x10007156                mint_buf_mgmt_stack_push

i.mint_buf_mgmt_stack_reset
                0x1000718c       0x1e
 i.mint_buf_mgmt_stack_reset
                0x1000718c       0x1e Generated_Source\PSoC6\pdl\middleware\ble\lib\cy_ble_stack_gcc_controller_ipc_cm0p.a(mint_buf_mgmt.o)
                0x1000718c                mint_buf_mgmt_stack_reset

i.mint_buf_mgmt_stack_search_item
                0x100071aa       0x30
 i.mint_buf_mgmt_stack_search_item
                0x100071aa       0x30 Generated_Source\PSoC6\pdl\middleware\ble\lib\cy_ble_stack_gcc_controller_ipc_cm0p.a(mint_buf_mgmt.o)
                0x100071aa                mint_buf_mgmt_stack_search_item

i.CyBleController_HciIpcExtractPacket
                0x100071dc       0x84
 i.CyBleController_HciIpcExtractPacket
                0x100071dc       0x84 Generated_Source\PSoC6\pdl\middleware\ble\lib\cy_ble_stack_gcc_controller_ipc_cm0p.a(transport_ipc.o)
                0x100071dc                CyBleController_HciIpcExtractPacket

i.CyBleController_HciIpcInit
                0x10007260       0x10
 i.CyBleController_HciIpcInit
                0x10007260       0x10 Generated_Source\PSoC6\pdl\middleware\ble\lib\cy_ble_stack_gcc_controller_ipc_cm0p.a(transport_ipc.o)
                0x10007260                CyBleController_HciIpcInit

i.CyBleController_HciIpcMsgCompleteReceive
                0x10007270       0x20
 i.CyBleController_HciIpcMsgCompleteReceive
                0x10007270       0x20 Generated_Source\PSoC6\pdl\middleware\ble\lib\cy_ble_stack_gcc_controller_ipc_cm0p.a(transport_ipc.o)
                0x10007270                CyBleController_HciIpcMsgCompleteReceive

i.CyBleController_HciIpcMsgReceive
                0x10007290       0xb4
 i.CyBleController_HciIpcMsgReceive
                0x10007290       0xb4 Generated_Source\PSoC6\pdl\middleware\ble\lib\cy_ble_stack_gcc_controller_ipc_cm0p.a(transport_ipc.o)
                0x10007290                CyBleController_HciIpcMsgReceive

i.CyBleController_HciIpcSend
                0x10007344       0x16
 i.CyBleController_HciIpcSend
                0x10007344       0x16 Generated_Source\PSoC6\pdl\middleware\ble\lib\cy_ble_stack_gcc_controller_ipc_cm0p.a(transport_ipc.o)
                0x10007344                CyBleController_HciIpcSend

i.CyBleController_IpcSendStackInitHWError
                0x1000735a        0x8
 i.CyBleController_IpcSendStackInitHWError
                0x1000735a        0x8 Generated_Source\PSoC6\pdl\middleware\ble\lib\cy_ble_stack_gcc_controller_ipc_cm0p.a(transport_ipc.o)
                0x1000735a                CyBleController_IpcSendStackInitHWError

i.CyBleController_IPC_HAL_Init
                0x10007364       0x40
 i.CyBleController_IPC_HAL_Init
                0x10007364       0x40 Generated_Source\PSoC6\pdl\middleware\ble\lib\cy_ble_stack_gcc_controller_ipc_cm0p.a(CyBleStackMgr_PSoCIPCHal.o)
                0x10007364                CyBleController_IPC_HAL_Init

i.CyBleController_IPC_HAL_InitWithStaticMem
                0x100073a4       0x10
 i.CyBleController_IPC_HAL_InitWithStaticMem
                0x100073a4       0x10 Generated_Source\PSoC6\pdl\middleware\ble\lib\cy_ble_stack_gcc_controller_ipc_cm0p.a(CyBleStackMgr_PSoCIPCHal.o)
                0x100073a4                CyBleController_IPC_HAL_InitWithStaticMem

i.CyBleController_IPC_HAL_IsQueueEmpty
                0x100073b4       0x24
 i.CyBleController_IPC_HAL_IsQueueEmpty
                0x100073b4       0x24 Generated_Source\PSoC6\pdl\middleware\ble\lib\cy_ble_stack_gcc_controller_ipc_cm0p.a(CyBleStackMgr_PSoCIPCHal.o)
                0x100073b4                CyBleController_IPC_HAL_IsQueueEmpty

i.CyBleController_IPC_HAL_PipeReleaseCallback
                0x100073d8       0x1c
 i.CyBleController_IPC_HAL_PipeReleaseCallback
                0x100073d8       0x1c Generated_Source\PSoC6\pdl\middleware\ble\lib\cy_ble_stack_gcc_controller_ipc_cm0p.a(CyBleStackMgr_PSoCIPCHal.o)

i.CyBleController_IPC_HAL_ProcessMsgQ
                0x100073f4       0x40
 i.CyBleController_IPC_HAL_ProcessMsgQ
                0x100073f4       0x40 Generated_Source\PSoC6\pdl\middleware\ble\lib\cy_ble_stack_gcc_controller_ipc_cm0p.a(CyBleStackMgr_PSoCIPCHal.o)
                0x100073f4                CyBleController_IPC_HAL_ProcessMsgQ

i.CyBleController_IPC_HAL_PushMessage
                0x10007434       0x4c
 i.CyBleController_IPC_HAL_PushMessage
                0x10007434       0x4c Generated_Source\PSoC6\pdl\middleware\ble\lib\cy_ble_stack_gcc_controller_ipc_cm0p.a(CyBleStackMgr_PSoCIPCHal.o)

i.CyBleController_IPC_HAL_Reset
                0x10007480        0x2
 i.CyBleController_IPC_HAL_Reset
                0x10007480        0x2 Generated_Source\PSoC6\pdl\middleware\ble\lib\cy_ble_stack_gcc_controller_ipc_cm0p.a(CyBleStackMgr_PSoCIPCHal.o)
                0x10007480                CyBleController_IPC_HAL_Reset

i.CyBleController_IPC_HAL_SendEnqueue
                0x10007482       0x10
 i.CyBleController_IPC_HAL_SendEnqueue
                0x10007482       0x10 Generated_Source\PSoC6\pdl\middleware\ble\lib\cy_ble_stack_gcc_controller_ipc_cm0p.a(CyBleStackMgr_PSoCIPCHal.o)
                0x10007482                CyBleController_IPC_HAL_SendEnqueue

i.CyBle_ControllerAesCcmDecrypt
                0x10007494       0x50
 i.CyBle_ControllerAesCcmDecrypt
                0x10007494       0x50 Generated_Source\PSoC6\pdl\middleware\ble\lib\cy_ble_stack_gcc_controller_ipc_cm0p.a(CyBleControllerIP_Interface.o)
                0x10007494                CyBle_ControllerAesCcmDecrypt

i.CyBle_ControllerAesCcmEncrypt
                0x100074e4       0x44
 i.CyBle_ControllerAesCcmEncrypt
                0x100074e4       0x44 Generated_Source\PSoC6\pdl\middleware\ble\lib\cy_ble_stack_gcc_controller_ipc_cm0p.a(CyBleControllerIP_Interface.o)
                0x100074e4                CyBle_ControllerAesCcmEncrypt

i.CyBle_ControllerAesEncrypt
                0x10007528       0x60
 i.CyBle_ControllerAesEncrypt
                0x10007528       0x60 Generated_Source\PSoC6\pdl\middleware\ble\lib\cy_ble_stack_gcc_controller_ipc_cm0p.a(CyBleControllerIP_Interface.o)
                0x10007528                CyBle_ControllerAesEncrypt

i.CyBle_ControllerDisableDleFeature
                0x10007588       0x10
 i.CyBle_ControllerDisableDleFeature
                0x10007588       0x10 Generated_Source\PSoC6\pdl\middleware\ble\lib\cy_ble_stack_gcc_controller_ipc_cm0p.a(CyBleControllerIP_Interface.o)
                0x10007588                CyBle_ControllerDisableDleFeature

i.CyBle_ControllerDisablePhyUpdateFeature
                0x10007598        0xc
 i.CyBle_ControllerDisablePhyUpdateFeature
                0x10007598        0xc Generated_Source\PSoC6\pdl\middleware\ble\lib\cy_ble_stack_gcc_controller_ipc_cm0p.a(CyBleControllerIP_Interface.o)
                0x10007598                CyBle_ControllerDisablePhyUpdateFeature

i.CyBle_ControllerDisablePrivacyFeature
                0x100075a4        0xc
 i.CyBle_ControllerDisablePrivacyFeature
                0x100075a4        0xc Generated_Source\PSoC6\pdl\middleware\ble\lib\cy_ble_stack_gcc_controller_ipc_cm0p.a(CyBleControllerIP_Interface.o)
                0x100075a4                CyBle_ControllerDisablePrivacyFeature

i.CyBle_ControllerEnterLPM
                0x100075b0       0x14
 i.CyBle_ControllerEnterLPM
                0x100075b0       0x14 Generated_Source\PSoC6\pdl\middleware\ble\lib\cy_ble_stack_gcc_controller_ipc_cm0p.a(CyBleControllerIP_Interface.o)
                0x100075b0                CyBle_ControllerEnterLPM

i.CyBle_ControllerExitLPM
                0x100075c4       0x10
 i.CyBle_ControllerExitLPM
                0x100075c4       0x10 Generated_Source\PSoC6\pdl\middleware\ble\lib\cy_ble_stack_gcc_controller_ipc_cm0p.a(CyBleControllerIP_Interface.o)
                0x100075c4                CyBle_ControllerExitLPM

i.CyBle_ControllerGetBleSsState
                0x100075d4       0x10
 i.CyBle_ControllerGetBleSsState
                0x100075d4       0x10 Generated_Source\PSoC6\pdl\middleware\ble\lib\cy_ble_stack_gcc_controller_ipc_cm0p.a(CyBleControllerIP_Interface.o)
                0x100075d4                CyBle_ControllerGetBleSsState

i.CyBle_ControllerGetFeatureHeapReq
                0x100075e4       0x56
 i.CyBle_ControllerGetFeatureHeapReq
                0x100075e4       0x56 Generated_Source\PSoC6\pdl\middleware\ble\lib\cy_ble_stack_gcc_controller_ipc_cm0p.a(CyBleControllerIP_Interface.o)
                0x100075e4                CyBle_ControllerGetFeatureHeapReq

i.CyBle_ControllerGetFirmwareProgrammedDSM
                0x1000763c        0xc
 i.CyBle_ControllerGetFirmwareProgrammedDSM
                0x1000763c        0xc Generated_Source\PSoC6\pdl\middleware\ble\lib\cy_ble_stack_gcc_controller_ipc_cm0p.a(CyBleControllerIP_Interface.o)
                0x1000763c                CyBle_ControllerGetFirmwareProgrammedDSM

i.CyBle_ControllerGetHeapMemory
                0x10007648       0x18
 i.CyBle_ControllerGetHeapMemory
                0x10007648       0x18 Generated_Source\PSoC6\pdl\middleware\ble\lib\cy_ble_stack_gcc_controller_ipc_cm0p.a(CyBleControllerIP_Interface.o)
                0x10007648                CyBle_ControllerGetHeapMemory

i.CyBle_ControllerGetInternalHeapReq
                0x10007660       0x3c
 i.CyBle_ControllerGetInternalHeapReq
                0x10007660       0x3c Generated_Source\PSoC6\pdl\middleware\ble\lib\cy_ble_stack_gcc_controller_ipc_cm0p.a(CyBleControllerIP_Interface.o)
                0x10007660                CyBle_ControllerGetInternalHeapReq

i.CyBle_ControllerHCIReInit
                0x1000769c       0x60
 i.CyBle_ControllerHCIReInit
                0x1000769c       0x60 Generated_Source\PSoC6\pdl\middleware\ble\lib\cy_ble_stack_gcc_controller_ipc_cm0p.a(CyBleControllerIP_Interface.o)
                0x1000769c                CyBle_ControllerHCIReInit

i.CyBle_ControllerInit
                0x100076fc       0x68
 i.CyBle_ControllerInit
                0x100076fc       0x68 Generated_Source\PSoC6\pdl\middleware\ble\lib\cy_ble_stack_gcc_controller_ipc_cm0p.a(CyBleControllerIP_Interface.o)
                0x100076fc                CyBle_ControllerInit

i.CyBle_ControllerReset
                0x10007764       0x20
 i.CyBle_ControllerReset
                0x10007764       0x20 Generated_Source\PSoC6\pdl\middleware\ble\lib\cy_ble_stack_gcc_controller_ipc_cm0p.a(CyBleControllerIP_Interface.o)
                0x10007764                CyBle_ControllerReset

i.CyBle_ControllerSetFeatureConfig
                0x10007784       0x5c
 i.CyBle_ControllerSetFeatureConfig
                0x10007784       0x5c Generated_Source\PSoC6\pdl\middleware\ble\lib\cy_ble_stack_gcc_controller_ipc_cm0p.a(CyBleControllerIP_Interface.o)
                0x10007784                CyBle_ControllerSetFeatureConfig

i.CyBle_ControllerSetFirmwareProgrammedDSM
                0x100077e0        0xc
 i.CyBle_ControllerSetFirmwareProgrammedDSM
                0x100077e0        0xc Generated_Source\PSoC6\pdl\middleware\ble\lib\cy_ble_stack_gcc_controller_ipc_cm0p.a(CyBleControllerIP_Interface.o)
                0x100077e0                CyBle_ControllerSetFirmwareProgrammedDSM

i.CyBle_ControllerValidateInputParams
                0x100077ec       0x24
 i.CyBle_ControllerValidateInputParams
                0x100077ec       0x24 Generated_Source\PSoC6\pdl\middleware\ble\lib\cy_ble_stack_gcc_controller_ipc_cm0p.a(CyBleControllerIP_Interface.o)
                0x100077ec                CyBle_ControllerValidateInputParams

i.Cy_BLE_IsControllerActive
                0x10007810       0x30
 i.Cy_BLE_IsControllerActive
                0x10007810       0x30 Generated_Source\PSoC6\pdl\middleware\ble\lib\cy_ble_stack_gcc_controller_ipc_cm0p.a(ll.o)
                0x10007810                Cy_BLE_IsControllerActive

i.ll_check_and_mark_packet_ready_for_transmission
                0x10007840       0x5c
 i.ll_check_and_mark_packet_ready_for_transmission
                0x10007840       0x5c Generated_Source\PSoC6\pdl\middleware\ble\lib\cy_ble_stack_gcc_controller_ipc_cm0p.a(ll.o)
                0x10007840                ll_check_and_mark_packet_ready_for_transmission

i.ll_cleanup_pending_data_pdu
                0x1000789c       0x3c
 i.ll_cleanup_pending_data_pdu
                0x1000789c       0x3c Generated_Source\PSoC6\pdl\middleware\ble\lib\cy_ble_stack_gcc_controller_ipc_cm0p.a(ll.o)
                0x1000789c                ll_cleanup_pending_data_pdu

i.ll_dequeue_data_in_pdu_q_mgr
                0x100078d8      0x144
 i.ll_dequeue_data_in_pdu_q_mgr
                0x100078d8      0x144 Generated_Source\PSoC6\pdl\middleware\ble\lib\cy_ble_stack_gcc_controller_ipc_cm0p.a(ll.o)
                0x100078d8                ll_dequeue_data_in_pdu_q_mgr

i.ll_derive_window_offset
                0x10007a1c       0x20
 i.ll_derive_window_offset
                0x10007a1c       0x20 Generated_Source\PSoC6\pdl\middleware\ble\lib\cy_ble_stack_gcc_controller_ipc_cm0p.a(ll.o)
                0x10007a1c                ll_derive_window_offset

i.ll_derive_window_size
                0x10007a3c        0xc
 i.ll_derive_window_size
                0x10007a3c        0xc Generated_Source\PSoC6\pdl\middleware\ble\lib\cy_ble_stack_gcc_controller_ipc_cm0p.a(ll.o)
                0x10007a3c                ll_derive_window_size

i.ll_enqueue_data_in_pdu_q_mgr
                0x10007a48       0x84
 i.ll_enqueue_data_in_pdu_q_mgr
                0x10007a48       0x84 Generated_Source\PSoC6\pdl\middleware\ble\lib\cy_ble_stack_gcc_controller_ipc_cm0p.a(ll.o)
                0x10007a48                ll_enqueue_data_in_pdu_q_mgr

i.ll_enter_dsm_mode
                0x10007acc      0x200
 i.ll_enter_dsm_mode
                0x10007acc      0x200 Generated_Source\PSoC6\pdl\middleware\ble\lib\cy_ble_stack_gcc_controller_ipc_cm0p.a(ll.o)
                0x10007acc                ll_enter_dsm_mode

i.ll_exit_low_power_mode
                0x10007ccc       0x6c
 i.ll_exit_low_power_mode
                0x10007ccc       0x6c Generated_Source\PSoC6\pdl\middleware\ble\lib\cy_ble_stack_gcc_controller_ipc_cm0p.a(ll.o)
                0x10007ccc                ll_exit_low_power_mode

i.ll_get_ack_status
                0x10007d38       0x44
 i.ll_get_ack_status
                0x10007d38       0x44 Generated_Source\PSoC6\pdl\middleware\ble\lib\cy_ble_stack_gcc_controller_ipc_cm0p.a(ll.o)
                0x10007d38                ll_get_ack_status

i.ll_get_ack_status_for_all_connections
                0x10007d7c       0x38
 i.ll_get_ack_status_for_all_connections
                0x10007d7c       0x38 Generated_Source\PSoC6\pdl\middleware\ble\lib\cy_ble_stack_gcc_controller_ipc_cm0p.a(ll.o)
                0x10007d7c                ll_get_ack_status_for_all_connections

i.ll_get_adv_ch_tx_power
                0x10007db4       0x16
 i.ll_get_adv_ch_tx_power
                0x10007db4       0x16 Generated_Source\PSoC6\pdl\middleware\ble\lib\cy_ble_stack_gcc_controller_ipc_cm0p.a(ll.o)
                0x10007db4                ll_get_adv_ch_tx_power

i.ll_get_data_channel_map
                0x10007dca       0x28
 i.ll_get_data_channel_map
                0x10007dca       0x28 Generated_Source\PSoC6\pdl\middleware\ble\lib\cy_ble_stack_gcc_controller_ipc_cm0p.a(ll.o)
                0x10007dca                ll_get_data_channel_map

i.ll_get_max_white_list_size
                0x10007df4        0xc
 i.ll_get_max_white_list_size
                0x10007df4        0xc Generated_Source\PSoC6\pdl\middleware\ble\lib\cy_ble_stack_gcc_controller_ipc_cm0p.a(ll.o)
                0x10007df4                ll_get_max_white_list_size

i.ll_get_my_role
                0x10007e00        0xc
 i.ll_get_my_role
                0x10007e00        0xc Generated_Source\PSoC6\pdl\middleware\ble\lib\cy_ble_stack_gcc_controller_ipc_cm0p.a(ll.o)
                0x10007e00                ll_get_my_role

i.ll_get_next_available_fifo_for_data_pdu
                0x10007e0c        0x8
 i.ll_get_next_available_fifo_for_data_pdu
                0x10007e0c        0x8 Generated_Source\PSoC6\pdl\middleware\ble\lib\cy_ble_stack_gcc_controller_ipc_cm0p.a(ll.o)
                0x10007e0c                ll_get_next_available_fifo_for_data_pdu

i.ll_get_next_available_fifo_for_ll_pdu
                0x10007e14       0x30
 i.ll_get_next_available_fifo_for_ll_pdu
                0x10007e14       0x30 Generated_Source\PSoC6\pdl\middleware\ble\lib\cy_ble_stack_gcc_controller_ipc_cm0p.a(ll.o)
                0x10007e14                ll_get_next_available_fifo_for_ll_pdu

i.ll_get_rssi_value
                0x10007e44       0x28
 i.ll_get_rssi_value
                0x10007e44       0x28 Generated_Source\PSoC6\pdl\middleware\ble\lib\cy_ble_stack_gcc_controller_ipc_cm0p.a(ll.o)
                0x10007e44                ll_get_rssi_value

i.ll_get_transmit_power_level
                0x10007e6c       0x20
 i.ll_get_transmit_power_level
                0x10007e6c       0x20 Generated_Source\PSoC6\pdl\middleware\ble\lib\cy_ble_stack_gcc_controller_ipc_cm0p.a(ll.o)
                0x10007e6c                ll_get_transmit_power_level

i.ll_handle_ack_received
                0x10007e8c       0x6c
 i.ll_handle_ack_received
                0x10007e8c       0x6c Generated_Source\PSoC6\pdl\middleware\ble\lib\cy_ble_stack_gcc_controller_ipc_cm0p.a(ll.o)
                0x10007e8c                ll_handle_ack_received

i.ll_handle_add_device_in_whitelist
                0x10007ef8       0xbc
 i.ll_handle_add_device_in_whitelist
                0x10007ef8       0xbc Generated_Source\PSoC6\pdl\middleware\ble\lib\cy_ble_stack_gcc_controller_ipc_cm0p.a(ll.o)
                0x10007ef8                ll_handle_add_device_in_whitelist

i.ll_handle_clear_whitelist
                0x10007fb4       0x2c
 i.ll_handle_clear_whitelist
                0x10007fb4       0x2c Generated_Source\PSoC6\pdl\middleware\ble\lib\cy_ble_stack_gcc_controller_ipc_cm0p.a(ll.o)
                0x10007fb4                ll_handle_clear_whitelist

i.ll_handle_encrypt_host_data
                0x10007fe0       0x36
 i.ll_handle_encrypt_host_data
                0x10007fe0       0x36 Generated_Source\PSoC6\pdl\middleware\ble\lib\cy_ble_stack_gcc_controller_ipc_cm0p.a(ll.o)
                0x10007fe0                ll_handle_encrypt_host_data

i.ll_handle_host_data_packet
                0x10008018       0xa0
 i.ll_handle_host_data_packet
                0x10008018       0xa0 Generated_Source\PSoC6\pdl\middleware\ble\lib\cy_ble_stack_gcc_controller_ipc_cm0p.a(ll.o)
                0x10008018                ll_handle_host_data_packet

i.ll_handle_read_host_channel_map
                0x100080b8        0x4
 i.ll_handle_read_host_channel_map
                0x100080b8        0x4 Generated_Source\PSoC6\pdl\middleware\ble\lib\cy_ble_stack_gcc_controller_ipc_cm0p.a(ll.o)
                0x100080b8                ll_handle_read_host_channel_map

i.ll_handle_remove_device_in_whitelist
                0x100080bc      0x118
 i.ll_handle_remove_device_in_whitelist
                0x100080bc      0x118 Generated_Source\PSoC6\pdl\middleware\ble\lib\cy_ble_stack_gcc_controller_ipc_cm0p.a(ll.o)
                0x100080bc                ll_handle_remove_device_in_whitelist

i.ll_handle_reset
                0x100081d4        0xe
 i.ll_handle_reset
                0x100081d4        0xe Generated_Source\PSoC6\pdl\middleware\ble\lib\cy_ble_stack_gcc_controller_ipc_cm0p.a(ll.o)
                0x100081d4                ll_handle_reset

i.ll_handle_set_host_channel_map
                0x100081e4       0x34
 i.ll_handle_set_host_channel_map
                0x100081e4       0x34 Generated_Source\PSoC6\pdl\middleware\ble\lib\cy_ble_stack_gcc_controller_ipc_cm0p.a(ll.o)
                0x100081e4                ll_handle_set_host_channel_map

i.ll_handle_set_random_address
                0x10008218       0x36
 i.ll_handle_set_random_address
                0x10008218       0x36 Generated_Source\PSoC6\pdl\middleware\ble\lib\cy_ble_stack_gcc_controller_ipc_cm0p.a(ll.o)