ARM GAS  C:\Users\Admin\AppData\Local\Temp\ccPoPyky.s 			page 1


   1              		.syntax unified
   2              		.cpu cortex-m0plus
   3              		.fpu softvfp
   4              		.eabi_attribute 20, 1
   5              		.eabi_attribute 21, 1
   6              		.eabi_attribute 23, 3
   7              		.eabi_attribute 24, 1
   8              		.eabi_attribute 25, 1
   9              		.eabi_attribute 26, 1
  10              		.eabi_attribute 30, 1
  11              		.eabi_attribute 34, 0
  12              		.eabi_attribute 18, 4
  13              		.thumb
  14              		.syntax unified
  15              		.file	"main_cm0p.c"
  16              		.text
  17              	.Ltext0:
  18              		.cfi_sections	.debug_frame
  19              		.section	.text.main,"ax",%progbits
  20              		.align	2
  21              		.global	main
  22              		.code	16
  23              		.thumb_func
  24              		.type	main, %function
  25              	main:
  26              	.LFB226:
  27              		.file 1 "main_cm0p.c"
   1:main_cm0p.c   **** /*******************************************************************************
   2:main_cm0p.c   **** * File Name: main_cm0p.c
   3:main_cm0p.c   **** *
   4:main_cm0p.c   **** * Version: 1.0
   5:main_cm0p.c   **** *
   6:main_cm0p.c   **** * Description:
   7:main_cm0p.c   **** *  This is the source code CM0p core for the BLE project (for dual cores MPN).
   8:main_cm0p.c   **** *
   9:main_cm0p.c   **** * Hardware Dependency:
  10:main_cm0p.c   **** *  CY8CKIT-062 PSoC6 BLE Pioneer Kit
  11:main_cm0p.c   **** *
  12:main_cm0p.c   **** ******************************************************************************
  13:main_cm0p.c   **** * Copyright (2018), Cypress Semiconductor Corporation.
  14:main_cm0p.c   **** ******************************************************************************
  15:main_cm0p.c   **** * This software is owned by Cypress Semiconductor Corporation (Cypress) and is
  16:main_cm0p.c   **** * protected by and subject to worldwide patent protection (United States and
  17:main_cm0p.c   **** * foreign), United States copyright laws and international treaty provisions.
  18:main_cm0p.c   **** * Cypress hereby grants to licensee a personal, non-exclusive, non-transferable
  19:main_cm0p.c   **** * license to copy, use, modify, create derivative works of, and compile the
  20:main_cm0p.c   **** * Cypress Source Code and derivative works for the sole purpose of creating
  21:main_cm0p.c   **** * custom software in support of licensee product to be used only in conjunction
  22:main_cm0p.c   **** * with a Cypress integrated circuit as specified in the applicable agreement.
  23:main_cm0p.c   **** * Any reproduction, modification, translation, compilation, or representation of
  24:main_cm0p.c   **** * this software except as specified above is prohibited without the express
  25:main_cm0p.c   **** * written permission of Cypress.
  26:main_cm0p.c   **** *
  27:main_cm0p.c   **** * Disclaimer: CYPRESS MAKES NO WARRANTY OF ANY KIND, EXPRESS OR IMPLIED, WITH
  28:main_cm0p.c   **** * REGARD TO THIS MATERIAL, INCLUDING, BUT NOT LIMITED TO, THE IMPLIED
  29:main_cm0p.c   **** * WARRANTIES OF MERCHANTABILITY AND FITNESS FOR A PARTICULAR PURPOSE.
  30:main_cm0p.c   **** * Cypress reserves the right to make changes without further notice to the
ARM GAS  C:\Users\Admin\AppData\Local\Temp\ccPoPyky.s 			page 2


  31:main_cm0p.c   **** * materials described herein. Cypress does not assume any liability arising out
  32:main_cm0p.c   **** * of the application or use of any product or circuit described herein. Cypress
  33:main_cm0p.c   **** * does not authorize its products for use as critical components in life-support
  34:main_cm0p.c   **** * systems where a malfunction or failure may reasonably be expected to result in
  35:main_cm0p.c   **** * significant injury to the user. The inclusion of Cypress' product in a life-
  36:main_cm0p.c   **** * support systems application implies that the manufacturer assumes all risk of
  37:main_cm0p.c   **** * such use and in doing so indemnifies Cypress against all charges. Use may be
  38:main_cm0p.c   **** * limited by and subject to the applicable Cypress software license agreement.
  39:main_cm0p.c   **** *****************************************************************************/
  40:main_cm0p.c   **** 
  41:main_cm0p.c   **** #include "project.h"
  42:main_cm0p.c   **** #include "common.h"
  43:main_cm0p.c   **** 
  44:main_cm0p.c   **** 
  45:main_cm0p.c   **** /*******************************************************************************
  46:main_cm0p.c   **** * Function Name: main()
  47:main_cm0p.c   **** ********************************************************************************
  48:main_cm0p.c   **** *
  49:main_cm0p.c   **** * Summary:
  50:main_cm0p.c   **** *  Main function for the project.
  51:main_cm0p.c   **** *
  52:main_cm0p.c   **** *******************************************************************************/
  53:main_cm0p.c   **** int main(void)
  54:main_cm0p.c   **** {    
  28              		.loc 1 54 0
  29              		.cfi_startproc
  30              		@ Volatile: function does not return.
  31              		@ args = 0, pretend = 0, frame = 0
  32              		@ frame_needed = 0, uses_anonymous_args = 0
  33 0000 10B5     		push	{r4, lr}
  34              		.cfi_def_cfa_offset 8
  35              		.cfi_offset 4, -8
  36              		.cfi_offset 14, -4
  37              	.LBB4:
  38              	.LBB5:
  39              		.file 2 "Generated_Source\\PSoC6\\pdl\\cmsis/include/cmsis_gcc.h"
   1:Generated_Source\PSoC6\pdl\cmsis/include/cmsis_gcc.h **** /**************************************************************************//**
   2:Generated_Source\PSoC6\pdl\cmsis/include/cmsis_gcc.h ****  * @file     cmsis_gcc.h
   3:Generated_Source\PSoC6\pdl\cmsis/include/cmsis_gcc.h ****  * @brief    CMSIS compiler GCC header file
   4:Generated_Source\PSoC6\pdl\cmsis/include/cmsis_gcc.h ****  * @version  V5.0.1
   5:Generated_Source\PSoC6\pdl\cmsis/include/cmsis_gcc.h ****  * @date     02. February 2017
   6:Generated_Source\PSoC6\pdl\cmsis/include/cmsis_gcc.h ****  ******************************************************************************/
   7:Generated_Source\PSoC6\pdl\cmsis/include/cmsis_gcc.h **** /*
   8:Generated_Source\PSoC6\pdl\cmsis/include/cmsis_gcc.h ****  * Copyright (c) 2009-2017 ARM Limited. All rights reserved.
   9:Generated_Source\PSoC6\pdl\cmsis/include/cmsis_gcc.h ****  *
  10:Generated_Source\PSoC6\pdl\cmsis/include/cmsis_gcc.h ****  * SPDX-License-Identifier: Apache-2.0
  11:Generated_Source\PSoC6\pdl\cmsis/include/cmsis_gcc.h ****  *
  12:Generated_Source\PSoC6\pdl\cmsis/include/cmsis_gcc.h ****  * Licensed under the Apache License, Version 2.0 (the License); you may
  13:Generated_Source\PSoC6\pdl\cmsis/include/cmsis_gcc.h ****  * not use this file except in compliance with the License.
  14:Generated_Source\PSoC6\pdl\cmsis/include/cmsis_gcc.h ****  * You may obtain a copy of the License at
  15:Generated_Source\PSoC6\pdl\cmsis/include/cmsis_gcc.h ****  *
  16:Generated_Source\PSoC6\pdl\cmsis/include/cmsis_gcc.h ****  * www.apache.org/licenses/LICENSE-2.0
  17:Generated_Source\PSoC6\pdl\cmsis/include/cmsis_gcc.h ****  *
  18:Generated_Source\PSoC6\pdl\cmsis/include/cmsis_gcc.h ****  * Unless required by applicable law or agreed to in writing, software
  19:Generated_Source\PSoC6\pdl\cmsis/include/cmsis_gcc.h ****  * distributed under the License is distributed on an AS IS BASIS, WITHOUT
  20:Generated_Source\PSoC6\pdl\cmsis/include/cmsis_gcc.h ****  * WARRANTIES OR CONDITIONS OF ANY KIND, either express or implied.
  21:Generated_Source\PSoC6\pdl\cmsis/include/cmsis_gcc.h ****  * See the License for the specific language governing permissions and
ARM GAS  C:\Users\Admin\AppData\Local\Temp\ccPoPyky.s 			page 3


  22:Generated_Source\PSoC6\pdl\cmsis/include/cmsis_gcc.h ****  * limitations under the License.
  23:Generated_Source\PSoC6\pdl\cmsis/include/cmsis_gcc.h ****  */
  24:Generated_Source\PSoC6\pdl\cmsis/include/cmsis_gcc.h **** 
  25:Generated_Source\PSoC6\pdl\cmsis/include/cmsis_gcc.h **** #ifndef __CMSIS_GCC_H
  26:Generated_Source\PSoC6\pdl\cmsis/include/cmsis_gcc.h **** #define __CMSIS_GCC_H
  27:Generated_Source\PSoC6\pdl\cmsis/include/cmsis_gcc.h **** 
  28:Generated_Source\PSoC6\pdl\cmsis/include/cmsis_gcc.h **** /* ignore some GCC warnings */
  29:Generated_Source\PSoC6\pdl\cmsis/include/cmsis_gcc.h **** #pragma GCC diagnostic push
  30:Generated_Source\PSoC6\pdl\cmsis/include/cmsis_gcc.h **** #pragma GCC diagnostic ignored "-Wsign-conversion"
  31:Generated_Source\PSoC6\pdl\cmsis/include/cmsis_gcc.h **** #pragma GCC diagnostic ignored "-Wconversion"
  32:Generated_Source\PSoC6\pdl\cmsis/include/cmsis_gcc.h **** #pragma GCC diagnostic ignored "-Wunused-parameter"
  33:Generated_Source\PSoC6\pdl\cmsis/include/cmsis_gcc.h **** 
  34:Generated_Source\PSoC6\pdl\cmsis/include/cmsis_gcc.h **** /* CMSIS compiler specific defines */
  35:Generated_Source\PSoC6\pdl\cmsis/include/cmsis_gcc.h **** #ifndef   __ASM
  36:Generated_Source\PSoC6\pdl\cmsis/include/cmsis_gcc.h ****   #define __ASM                     __asm
  37:Generated_Source\PSoC6\pdl\cmsis/include/cmsis_gcc.h **** #endif
  38:Generated_Source\PSoC6\pdl\cmsis/include/cmsis_gcc.h **** #ifndef   __INLINE
  39:Generated_Source\PSoC6\pdl\cmsis/include/cmsis_gcc.h ****   #define __INLINE                  inline
  40:Generated_Source\PSoC6\pdl\cmsis/include/cmsis_gcc.h **** #endif
  41:Generated_Source\PSoC6\pdl\cmsis/include/cmsis_gcc.h **** #ifndef   __STATIC_INLINE
  42:Generated_Source\PSoC6\pdl\cmsis/include/cmsis_gcc.h ****   #define __STATIC_INLINE           static inline
  43:Generated_Source\PSoC6\pdl\cmsis/include/cmsis_gcc.h **** #endif
  44:Generated_Source\PSoC6\pdl\cmsis/include/cmsis_gcc.h **** #ifndef   __NO_RETURN
  45:Generated_Source\PSoC6\pdl\cmsis/include/cmsis_gcc.h ****   #define __NO_RETURN               __attribute__((noreturn))
  46:Generated_Source\PSoC6\pdl\cmsis/include/cmsis_gcc.h **** #endif
  47:Generated_Source\PSoC6\pdl\cmsis/include/cmsis_gcc.h **** #ifndef   __USED
  48:Generated_Source\PSoC6\pdl\cmsis/include/cmsis_gcc.h ****   #define __USED                    __attribute__((used))
  49:Generated_Source\PSoC6\pdl\cmsis/include/cmsis_gcc.h **** #endif
  50:Generated_Source\PSoC6\pdl\cmsis/include/cmsis_gcc.h **** #ifndef   __WEAK
  51:Generated_Source\PSoC6\pdl\cmsis/include/cmsis_gcc.h ****   #define __WEAK                    __attribute__((weak))
  52:Generated_Source\PSoC6\pdl\cmsis/include/cmsis_gcc.h **** #endif
  53:Generated_Source\PSoC6\pdl\cmsis/include/cmsis_gcc.h **** #ifndef   __UNALIGNED_UINT32
  54:Generated_Source\PSoC6\pdl\cmsis/include/cmsis_gcc.h **** #pragma GCC diagnostic push
  55:Generated_Source\PSoC6\pdl\cmsis/include/cmsis_gcc.h **** #pragma GCC diagnostic ignored "-Wpacked"
  56:Generated_Source\PSoC6\pdl\cmsis/include/cmsis_gcc.h **** #pragma GCC diagnostic ignored "-Wattributes"
  57:Generated_Source\PSoC6\pdl\cmsis/include/cmsis_gcc.h ****   struct __attribute__((packed)) T_UINT32 { uint32_t v; };
  58:Generated_Source\PSoC6\pdl\cmsis/include/cmsis_gcc.h **** #pragma GCC diagnostic pop
  59:Generated_Source\PSoC6\pdl\cmsis/include/cmsis_gcc.h ****   #define __UNALIGNED_UINT32(x)     (((struct T_UINT32 *)(x))->v)
  60:Generated_Source\PSoC6\pdl\cmsis/include/cmsis_gcc.h **** #endif
  61:Generated_Source\PSoC6\pdl\cmsis/include/cmsis_gcc.h **** #ifndef   __ALIGNED
  62:Generated_Source\PSoC6\pdl\cmsis/include/cmsis_gcc.h ****   #define __ALIGNED(x)              __attribute__((aligned(x)))
  63:Generated_Source\PSoC6\pdl\cmsis/include/cmsis_gcc.h **** #endif
  64:Generated_Source\PSoC6\pdl\cmsis/include/cmsis_gcc.h **** #ifndef   __PACKED
  65:Generated_Source\PSoC6\pdl\cmsis/include/cmsis_gcc.h ****   #define __PACKED                  __attribute__((packed, aligned(1)))
  66:Generated_Source\PSoC6\pdl\cmsis/include/cmsis_gcc.h **** #endif
  67:Generated_Source\PSoC6\pdl\cmsis/include/cmsis_gcc.h **** #ifndef   __PACKED_STRUCT
  68:Generated_Source\PSoC6\pdl\cmsis/include/cmsis_gcc.h ****   #define __PACKED_STRUCT           struct __attribute__((packed, aligned(1)))
  69:Generated_Source\PSoC6\pdl\cmsis/include/cmsis_gcc.h **** #endif
  70:Generated_Source\PSoC6\pdl\cmsis/include/cmsis_gcc.h **** 
  71:Generated_Source\PSoC6\pdl\cmsis/include/cmsis_gcc.h **** 
  72:Generated_Source\PSoC6\pdl\cmsis/include/cmsis_gcc.h **** /* ###########################  Core Function Access  ########################### */
  73:Generated_Source\PSoC6\pdl\cmsis/include/cmsis_gcc.h **** /** \ingroup  CMSIS_Core_FunctionInterface
  74:Generated_Source\PSoC6\pdl\cmsis/include/cmsis_gcc.h ****     \defgroup CMSIS_Core_RegAccFunctions CMSIS Core Register Access Functions
  75:Generated_Source\PSoC6\pdl\cmsis/include/cmsis_gcc.h ****   @{
  76:Generated_Source\PSoC6\pdl\cmsis/include/cmsis_gcc.h ****  */
  77:Generated_Source\PSoC6\pdl\cmsis/include/cmsis_gcc.h **** 
  78:Generated_Source\PSoC6\pdl\cmsis/include/cmsis_gcc.h **** /**
ARM GAS  C:\Users\Admin\AppData\Local\Temp\ccPoPyky.s 			page 4


  79:Generated_Source\PSoC6\pdl\cmsis/include/cmsis_gcc.h ****   \brief   Enable IRQ Interrupts
  80:Generated_Source\PSoC6\pdl\cmsis/include/cmsis_gcc.h ****   \details Enables IRQ interrupts by clearing the I-bit in the CPSR.
  81:Generated_Source\PSoC6\pdl\cmsis/include/cmsis_gcc.h ****            Can only be executed in Privileged modes.
  82:Generated_Source\PSoC6\pdl\cmsis/include/cmsis_gcc.h ****  */
  83:Generated_Source\PSoC6\pdl\cmsis/include/cmsis_gcc.h **** __attribute__((always_inline)) __STATIC_INLINE void __enable_irq(void)
  84:Generated_Source\PSoC6\pdl\cmsis/include/cmsis_gcc.h **** {
  85:Generated_Source\PSoC6\pdl\cmsis/include/cmsis_gcc.h ****   __ASM volatile ("cpsie i" : : : "memory");
  40              		.loc 2 85 0
  41              		.syntax divided
  42              	@ 85 "Generated_Source\PSoC6\pdl\cmsis/include/cmsis_gcc.h" 1
  43 0002 62B6     		cpsie i
  44              	@ 0 "" 2
  45              		.thumb
  46              		.syntax unified
  47              	.LBE5:
  48              	.LBE4:
  55:main_cm0p.c   **** 
  56:main_cm0p.c   ****     /* Enable global interrupts */
  57:main_cm0p.c   ****     __enable_irq(); 
  58:main_cm0p.c   **** 
  59:main_cm0p.c   **** #if(CY_BLE_CONFIG_HOST_CORE == CY_BLE_CORE_CORTEX_M0P)   
  60:main_cm0p.c   ****     
  61:main_cm0p.c   ****     /* Enable CM4.  CY_CORTEX_M4_APPL_ADDR must be updated if CM4 memory layout is changed. */
  62:main_cm0p.c   ****     Cy_SysEnableCM4(CY_CORTEX_M4_APPL_ADDR); 
  63:main_cm0p.c   ****     
  64:main_cm0p.c   ****     /* Run Host main */
  65:main_cm0p.c   ****     HostMain();
  66:main_cm0p.c   **** 
  67:main_cm0p.c   **** #else
  68:main_cm0p.c   ****     
  69:main_cm0p.c   ****     #if(CY_BLE_STACK_MODE_IPC)
  70:main_cm0p.c   ****         /* Start BLE Controller for dual core mode */
  71:main_cm0p.c   ****         Cy_BLE_Start(NULL);
  49              		.loc 1 71 0
  50 0004 0020     		movs	r0, #0
  51 0006 FFF7FEFF 		bl	Cy_BLE_Start
  52              	.LVL0:
  72:main_cm0p.c   ****     #endif /* (CY_BLE_STACK_MODE_IPC)*/
  73:main_cm0p.c   ****     
  74:main_cm0p.c   ****     /* Enable CM4.  CY_CORTEX_M4_APPL_ADDR must be updated if CM4 memory layout is changed. */
  75:main_cm0p.c   ****     Cy_SysEnableCM4(CY_CORTEX_M4_APPL_ADDR); 
  53              		.loc 1 75 0
  54 000a 0448     		ldr	r0, .L3
  55 000c FFF7FEFF 		bl	Cy_SysEnableCM4
  56              	.LVL1:
  57              	.L2:
  76:main_cm0p.c   ****     
  77:main_cm0p.c   ****     for(;;)
  78:main_cm0p.c   ****     {
  79:main_cm0p.c   ****        
  80:main_cm0p.c   ****     #if(CY_BLE_STACK_MODE_IPC)
  81:main_cm0p.c   ****         /* Process BLE events continuously for controller in dual core mode */
  82:main_cm0p.c   ****         Cy_BLE_ProcessEvents();
  58              		.loc 1 82 0 discriminator 1
  59 0010 FFF7FEFF 		bl	Cy_BLE_ProcessEvents
  60              	.LVL2:
  83:main_cm0p.c   ****         
ARM GAS  C:\Users\Admin\AppData\Local\Temp\ccPoPyky.s 			page 5


  84:main_cm0p.c   ****         /* To achieve low power */
  85:main_cm0p.c   ****         Cy_SysPm_DeepSleep(CY_SYSPM_WAIT_FOR_INTERRUPT); 
  61              		.loc 1 85 0 discriminator 1
  62 0014 0020     		movs	r0, #0
  63 0016 FFF7FEFF 		bl	Cy_SysPm_DeepSleep
  64              	.LVL3:
  65 001a F9E7     		b	.L2
  66              	.L4:
  67              		.align	2
  68              	.L3:
  69 001c 00000810 		.word	268959744
  70              		.cfi_endproc
  71              	.LFE226:
  72              		.size	main, .-main
  73              		.text
  74              	.Letext0:
  75              		.file 3 "Generated_Source\\PSoC6/BLE.h"
  76              		.file 4 "./system_psoc63.h"
  77              		.file 5 "Generated_Source\\PSoC6\\pdl\\middleware/ble/cy_ble_stack.h"
  78              		.file 6 "Generated_Source\\PSoC6\\pdl\\drivers/peripheral/syspm/cy_syspm.h"
  79              		.section	.debug_info,"",%progbits
  80              	.Ldebug_info0:
  81 0000 4E010000 		.4byte	0x14e
  82 0004 0400     		.2byte	0x4
  83 0006 00000000 		.4byte	.Ldebug_abbrev0
  84 000a 04       		.byte	0x4
  85 000b 01       		.uleb128 0x1
  86 000c C1010000 		.4byte	.LASF21
  87 0010 0C       		.byte	0xc
  88 0011 A9000000 		.4byte	.LASF22
  89 0015 ED000000 		.4byte	.LASF23
  90 0019 00000000 		.4byte	.Ldebug_ranges0+0
  91 001d 00000000 		.4byte	0
  92 0021 00000000 		.4byte	.Ldebug_line0
  93 0025 02       		.uleb128 0x2
  94 0026 02       		.byte	0x2
  95 0027 05       		.byte	0x5
  96 0028 B7010000 		.4byte	.LASF0
  97 002c 02       		.uleb128 0x2
  98 002d 01       		.byte	0x1
  99 002e 08       		.byte	0x8
 100 002f 1B000000 		.4byte	.LASF1
 101 0033 02       		.uleb128 0x2
 102 0034 01       		.byte	0x1
 103 0035 06       		.byte	0x6
 104 0036 3E000000 		.4byte	.LASF2
 105 003a 02       		.uleb128 0x2
 106 003b 02       		.byte	0x2
 107 003c 07       		.byte	0x7
 108 003d CA000000 		.4byte	.LASF3
 109 0041 02       		.uleb128 0x2
 110 0042 04       		.byte	0x4
 111 0043 05       		.byte	0x5
 112 0044 BA000000 		.4byte	.LASF4
 113 0048 02       		.uleb128 0x2
 114 0049 04       		.byte	0x4
 115 004a 07       		.byte	0x7
ARM GAS  C:\Users\Admin\AppData\Local\Temp\ccPoPyky.s 			page 6


 116 004b 57000000 		.4byte	.LASF5
 117 004f 02       		.uleb128 0x2
 118 0050 08       		.byte	0x8
 119 0051 05       		.byte	0x5
 120 0052 00000000 		.4byte	.LASF6
 121 0056 02       		.uleb128 0x2
 122 0057 08       		.byte	0x8
 123 0058 07       		.byte	0x7
 124 0059 69000000 		.4byte	.LASF7
 125 005d 03       		.uleb128 0x3
 126 005e 04       		.byte	0x4
 127 005f 05       		.byte	0x5
 128 0060 696E7400 		.ascii	"int\000"
 129 0064 02       		.uleb128 0x2
 130 0065 04       		.byte	0x4
 131 0066 07       		.byte	0x7
 132 0067 53020000 		.4byte	.LASF8
 133 006b 02       		.uleb128 0x2
 134 006c 04       		.byte	0x4
 135 006d 07       		.byte	0x7
 136 006e 60020000 		.4byte	.LASF9
 137 0072 02       		.uleb128 0x2
 138 0073 08       		.byte	0x8
 139 0074 04       		.byte	0x4
 140 0075 98010000 		.4byte	.LASF10
 141 0079 02       		.uleb128 0x2
 142 007a 01       		.byte	0x1
 143 007b 08       		.byte	0x8
 144 007c 9E000000 		.4byte	.LASF11
 145 0080 02       		.uleb128 0x2
 146 0081 04       		.byte	0x4
 147 0082 04       		.byte	0x4
 148 0083 80000000 		.4byte	.LASF12
 149 0087 02       		.uleb128 0x2
 150 0088 08       		.byte	0x8
 151 0089 04       		.byte	0x4
 152 008a C3000000 		.4byte	.LASF13
 153 008e 04       		.uleb128 0x4
 154 008f 01       		.byte	0x1
 155 0090 2C000000 		.4byte	0x2c
 156 0094 06       		.byte	0x6
 157 0095 CE03     		.2byte	0x3ce
 158 0097 A8000000 		.4byte	0xa8
 159 009b 05       		.uleb128 0x5
 160 009c 7C010000 		.4byte	.LASF14
 161 00a0 00       		.byte	0
 162 00a1 05       		.uleb128 0x5
 163 00a2 86000000 		.4byte	.LASF15
 164 00a6 01       		.byte	0x1
 165 00a7 00       		.byte	0
 166 00a8 02       		.uleb128 0x2
 167 00a9 01       		.byte	0x1
 168 00aa 02       		.byte	0x2
 169 00ab A3000000 		.4byte	.LASF16
 170 00af 06       		.uleb128 0x6
 171 00b0 0E000000 		.4byte	.LASF24
 172 00b4 02       		.byte	0x2
ARM GAS  C:\Users\Admin\AppData\Local\Temp\ccPoPyky.s 			page 7


 173 00b5 53       		.byte	0x53
 174 00b6 03       		.byte	0x3
 175 00b7 07       		.uleb128 0x7
 176 00b8 B5000000 		.4byte	.LASF25
 177 00bc 01       		.byte	0x1
 178 00bd 35       		.byte	0x35
 179 00be 5D000000 		.4byte	0x5d
 180 00c2 00000000 		.4byte	.LFB226
 181 00c6 20000000 		.4byte	.LFE226-.LFB226
 182 00ca 01       		.uleb128 0x1
 183 00cb 9C       		.byte	0x9c
 184 00cc 22010000 		.4byte	0x122
 185 00d0 08       		.uleb128 0x8
 186 00d1 AF000000 		.4byte	0xaf
 187 00d5 02000000 		.4byte	.LBB4
 188 00d9 02000000 		.4byte	.LBE4-.LBB4
 189 00dd 01       		.byte	0x1
 190 00de 39       		.byte	0x39
 191 00df 09       		.uleb128 0x9
 192 00e0 0A000000 		.4byte	.LVL0
 193 00e4 22010000 		.4byte	0x122
 194 00e8 F2000000 		.4byte	0xf2
 195 00ec 0A       		.uleb128 0xa
 196 00ed 01       		.uleb128 0x1
 197 00ee 50       		.byte	0x50
 198 00ef 01       		.uleb128 0x1
 199 00f0 30       		.byte	0x30
 200 00f1 00       		.byte	0
 201 00f2 09       		.uleb128 0x9
 202 00f3 10000000 		.4byte	.LVL1
 203 00f7 2D010000 		.4byte	0x12d
 204 00fb 09010000 		.4byte	0x109
 205 00ff 0A       		.uleb128 0xa
 206 0100 01       		.uleb128 0x1
 207 0101 50       		.byte	0x50
 208 0102 05       		.uleb128 0x5
 209 0103 0C       		.byte	0xc
 210 0104 00000810 		.4byte	0x10080000
 211 0108 00       		.byte	0
 212 0109 0B       		.uleb128 0xb
 213 010a 14000000 		.4byte	.LVL2
 214 010e 39010000 		.4byte	0x139
 215 0112 0C       		.uleb128 0xc
 216 0113 1A000000 		.4byte	.LVL3
 217 0117 45010000 		.4byte	0x145
 218 011b 0A       		.uleb128 0xa
 219 011c 01       		.uleb128 0x1
 220 011d 50       		.byte	0x50
 221 011e 01       		.uleb128 0x1
 222 011f 30       		.byte	0x30
 223 0120 00       		.byte	0
 224 0121 00       		.byte	0
 225 0122 0D       		.uleb128 0xd
 226 0123 4A000000 		.4byte	.LASF17
 227 0127 4A000000 		.4byte	.LASF17
 228 012b 03       		.byte	0x3
 229 012c 24       		.byte	0x24
ARM GAS  C:\Users\Admin\AppData\Local\Temp\ccPoPyky.s 			page 8


 230 012d 0E       		.uleb128 0xe
 231 012e DD000000 		.4byte	.LASF18
 232 0132 DD000000 		.4byte	.LASF18
 233 0136 04       		.byte	0x4
 234 0137 FE01     		.2byte	0x1fe
 235 0139 0E       		.uleb128 0xe
 236 013a 29000000 		.4byte	.LASF19
 237 013e 29000000 		.4byte	.LASF19
 238 0142 05       		.byte	0x5
 239 0143 B107     		.2byte	0x7b1
 240 0145 0E       		.uleb128 0xe
 241 0146 A4010000 		.4byte	.LASF20
 242 014a A4010000 		.4byte	.LASF20
 243 014e 06       		.byte	0x6
 244 014f F004     		.2byte	0x4f0
 245 0151 00       		.byte	0
 246              		.section	.debug_abbrev,"",%progbits
 247              	.Ldebug_abbrev0:
 248 0000 01       		.uleb128 0x1
 249 0001 11       		.uleb128 0x11
 250 0002 01       		.byte	0x1
 251 0003 25       		.uleb128 0x25
 252 0004 0E       		.uleb128 0xe
 253 0005 13       		.uleb128 0x13
 254 0006 0B       		.uleb128 0xb
 255 0007 03       		.uleb128 0x3
 256 0008 0E       		.uleb128 0xe
 257 0009 1B       		.uleb128 0x1b
 258 000a 0E       		.uleb128 0xe
 259 000b 55       		.uleb128 0x55
 260 000c 17       		.uleb128 0x17
 261 000d 11       		.uleb128 0x11
 262 000e 01       		.uleb128 0x1
 263 000f 10       		.uleb128 0x10
 264 0010 17       		.uleb128 0x17
 265 0011 00       		.byte	0
 266 0012 00       		.byte	0
 267 0013 02       		.uleb128 0x2
 268 0014 24       		.uleb128 0x24
 269 0015 00       		.byte	0
 270 0016 0B       		.uleb128 0xb
 271 0017 0B       		.uleb128 0xb
 272 0018 3E       		.uleb128 0x3e
 273 0019 0B       		.uleb128 0xb
 274 001a 03       		.uleb128 0x3
 275 001b 0E       		.uleb128 0xe
 276 001c 00       		.byte	0
 277 001d 00       		.byte	0
 278 001e 03       		.uleb128 0x3
 279 001f 24       		.uleb128 0x24
 280 0020 00       		.byte	0
 281 0021 0B       		.uleb128 0xb
 282 0022 0B       		.uleb128 0xb
 283 0023 3E       		.uleb128 0x3e
 284 0024 0B       		.uleb128 0xb
 285 0025 03       		.uleb128 0x3
 286 0026 08       		.uleb128 0x8
ARM GAS  C:\Users\Admin\AppData\Local\Temp\ccPoPyky.s 			page 9


 287 0027 00       		.byte	0
 288 0028 00       		.byte	0
 289 0029 04       		.uleb128 0x4
 290 002a 04       		.uleb128 0x4
 291 002b 01       		.byte	0x1
 292 002c 0B       		.uleb128 0xb
 293 002d 0B       		.uleb128 0xb
 294 002e 49       		.uleb128 0x49
 295 002f 13       		.uleb128 0x13
 296 0030 3A       		.uleb128 0x3a
 297 0031 0B       		.uleb128 0xb
 298 0032 3B       		.uleb128 0x3b
 299 0033 05       		.uleb128 0x5
 300 0034 01       		.uleb128 0x1
 301 0035 13       		.uleb128 0x13
 302 0036 00       		.byte	0
 303 0037 00       		.byte	0
 304 0038 05       		.uleb128 0x5
 305 0039 28       		.uleb128 0x28
 306 003a 00       		.byte	0
 307 003b 03       		.uleb128 0x3
 308 003c 0E       		.uleb128 0xe
 309 003d 1C       		.uleb128 0x1c
 310 003e 0B       		.uleb128 0xb
 311 003f 00       		.byte	0
 312 0040 00       		.byte	0
 313 0041 06       		.uleb128 0x6
 314 0042 2E       		.uleb128 0x2e
 315 0043 00       		.byte	0
 316 0044 03       		.uleb128 0x3
 317 0045 0E       		.uleb128 0xe
 318 0046 3A       		.uleb128 0x3a
 319 0047 0B       		.uleb128 0xb
 320 0048 3B       		.uleb128 0x3b
 321 0049 0B       		.uleb128 0xb
 322 004a 27       		.uleb128 0x27
 323 004b 19       		.uleb128 0x19
 324 004c 20       		.uleb128 0x20
 325 004d 0B       		.uleb128 0xb
 326 004e 00       		.byte	0
 327 004f 00       		.byte	0
 328 0050 07       		.uleb128 0x7
 329 0051 2E       		.uleb128 0x2e
 330 0052 01       		.byte	0x1
 331 0053 3F       		.uleb128 0x3f
 332 0054 19       		.uleb128 0x19
 333 0055 03       		.uleb128 0x3
 334 0056 0E       		.uleb128 0xe
 335 0057 3A       		.uleb128 0x3a
 336 0058 0B       		.uleb128 0xb
 337 0059 3B       		.uleb128 0x3b
 338 005a 0B       		.uleb128 0xb
 339 005b 27       		.uleb128 0x27
 340 005c 19       		.uleb128 0x19
 341 005d 49       		.uleb128 0x49
 342 005e 13       		.uleb128 0x13
 343 005f 8701     		.uleb128 0x87
ARM GAS  C:\Users\Admin\AppData\Local\Temp\ccPoPyky.s 			page 10


 344 0061 19       		.uleb128 0x19
 345 0062 11       		.uleb128 0x11
 346 0063 01       		.uleb128 0x1
 347 0064 12       		.uleb128 0x12
 348 0065 06       		.uleb128 0x6
 349 0066 40       		.uleb128 0x40
 350 0067 18       		.uleb128 0x18
 351 0068 9742     		.uleb128 0x2117
 352 006a 19       		.uleb128 0x19
 353 006b 01       		.uleb128 0x1
 354 006c 13       		.uleb128 0x13
 355 006d 00       		.byte	0
 356 006e 00       		.byte	0
 357 006f 08       		.uleb128 0x8
 358 0070 1D       		.uleb128 0x1d
 359 0071 00       		.byte	0
 360 0072 31       		.uleb128 0x31
 361 0073 13       		.uleb128 0x13
 362 0074 11       		.uleb128 0x11
 363 0075 01       		.uleb128 0x1
 364 0076 12       		.uleb128 0x12
 365 0077 06       		.uleb128 0x6
 366 0078 58       		.uleb128 0x58
 367 0079 0B       		.uleb128 0xb
 368 007a 59       		.uleb128 0x59
 369 007b 0B       		.uleb128 0xb
 370 007c 00       		.byte	0
 371 007d 00       		.byte	0
 372 007e 09       		.uleb128 0x9
 373 007f 898201   		.uleb128 0x4109
 374 0082 01       		.byte	0x1
 375 0083 11       		.uleb128 0x11
 376 0084 01       		.uleb128 0x1
 377 0085 31       		.uleb128 0x31
 378 0086 13       		.uleb128 0x13
 379 0087 01       		.uleb128 0x1
 380 0088 13       		.uleb128 0x13
 381 0089 00       		.byte	0
 382 008a 00       		.byte	0
 383 008b 0A       		.uleb128 0xa
 384 008c 8A8201   		.uleb128 0x410a
 385 008f 00       		.byte	0
 386 0090 02       		.uleb128 0x2
 387 0091 18       		.uleb128 0x18
 388 0092 9142     		.uleb128 0x2111
 389 0094 18       		.uleb128 0x18
 390 0095 00       		.byte	0
 391 0096 00       		.byte	0
 392 0097 0B       		.uleb128 0xb
 393 0098 898201   		.uleb128 0x4109
 394 009b 00       		.byte	0
 395 009c 11       		.uleb128 0x11
 396 009d 01       		.uleb128 0x1
 397 009e 31       		.uleb128 0x31
 398 009f 13       		.uleb128 0x13
 399 00a0 00       		.byte	0
 400 00a1 00       		.byte	0
ARM GAS  C:\Users\Admin\AppData\Local\Temp\ccPoPyky.s 			page 11


 401 00a2 0C       		.uleb128 0xc
 402 00a3 898201   		.uleb128 0x4109
 403 00a6 01       		.byte	0x1
 404 00a7 11       		.uleb128 0x11
 405 00a8 01       		.uleb128 0x1
 406 00a9 31       		.uleb128 0x31
 407 00aa 13       		.uleb128 0x13
 408 00ab 00       		.byte	0
 409 00ac 00       		.byte	0
 410 00ad 0D       		.uleb128 0xd
 411 00ae 2E       		.uleb128 0x2e
 412 00af 00       		.byte	0
 413 00b0 3F       		.uleb128 0x3f
 414 00b1 19       		.uleb128 0x19
 415 00b2 3C       		.uleb128 0x3c
 416 00b3 19       		.uleb128 0x19
 417 00b4 6E       		.uleb128 0x6e
 418 00b5 0E       		.uleb128 0xe
 419 00b6 03       		.uleb128 0x3
 420 00b7 0E       		.uleb128 0xe
 421 00b8 3A       		.uleb128 0x3a
 422 00b9 0B       		.uleb128 0xb
 423 00ba 3B       		.uleb128 0x3b
 424 00bb 0B       		.uleb128 0xb
 425 00bc 00       		.byte	0
 426 00bd 00       		.byte	0
 427 00be 0E       		.uleb128 0xe
 428 00bf 2E       		.uleb128 0x2e
 429 00c0 00       		.byte	0
 430 00c1 3F       		.uleb128 0x3f
 431 00c2 19       		.uleb128 0x19
 432 00c3 3C       		.uleb128 0x3c
 433 00c4 19       		.uleb128 0x19
 434 00c5 6E       		.uleb128 0x6e
 435 00c6 0E       		.uleb128 0xe
 436 00c7 03       		.uleb128 0x3
 437 00c8 0E       		.uleb128 0xe
 438 00c9 3A       		.uleb128 0x3a
 439 00ca 0B       		.uleb128 0xb
 440 00cb 3B       		.uleb128 0x3b
 441 00cc 05       		.uleb128 0x5
 442 00cd 00       		.byte	0
 443 00ce 00       		.byte	0
 444 00cf 00       		.byte	0
 445              		.section	.debug_aranges,"",%progbits
 446 0000 1C000000 		.4byte	0x1c
 447 0004 0200     		.2byte	0x2
 448 0006 00000000 		.4byte	.Ldebug_info0
 449 000a 04       		.byte	0x4
 450 000b 00       		.byte	0
 451 000c 0000     		.2byte	0
 452 000e 0000     		.2byte	0
 453 0010 00000000 		.4byte	.LFB226
 454 0014 20000000 		.4byte	.LFE226-.LFB226
 455 0018 00000000 		.4byte	0
 456 001c 00000000 		.4byte	0
 457              		.section	.debug_ranges,"",%progbits
ARM GAS  C:\Users\Admin\AppData\Local\Temp\ccPoPyky.s 			page 12


 458              	.Ldebug_ranges0:
 459 0000 00000000 		.4byte	.LFB226
 460 0004 20000000 		.4byte	.LFE226
 461 0008 00000000 		.4byte	0
 462 000c 00000000 		.4byte	0
 463              		.section	.debug_line,"",%progbits
 464              	.Ldebug_line0:
 465 0000 37010000 		.section	.debug_str,"MS",%progbits,1
 465      02000D01 
 465      00000201 
 465      FB0E0D00 
 465      01010101 
 466              	.LASF6:
 467 0000 6C6F6E67 		.ascii	"long long int\000"
 467      206C6F6E 
 467      6720696E 
 467      7400
 468              	.LASF24:
 469 000e 5F5F656E 		.ascii	"__enable_irq\000"
 469      61626C65 
 469      5F697271 
 469      00
 470              	.LASF1:
 471 001b 756E7369 		.ascii	"unsigned char\000"
 471      676E6564 
 471      20636861 
 471      7200
 472              	.LASF19:
 473 0029 43795F42 		.ascii	"Cy_BLE_ProcessEvents\000"
 473      4C455F50 
 473      726F6365 
 473      73734576 
 473      656E7473 
 474              	.LASF2:
 475 003e 7369676E 		.ascii	"signed char\000"
 475      65642063 
 475      68617200 
 476              	.LASF17:
 477 004a 43795F42 		.ascii	"Cy_BLE_Start\000"
 477      4C455F53 
 477      74617274 
 477      00
 478              	.LASF5:
 479 0057 6C6F6E67 		.ascii	"long unsigned int\000"
 479      20756E73 
 479      69676E65 
 479      6420696E 
 479      7400
 480              	.LASF7:
 481 0069 6C6F6E67 		.ascii	"long long unsigned int\000"
 481      206C6F6E 
 481      6720756E 
 481      7369676E 
 481      65642069 
 482              	.LASF12:
 483 0080 666C6F61 		.ascii	"float\000"
 483      7400
ARM GAS  C:\Users\Admin\AppData\Local\Temp\ccPoPyky.s 			page 13


 484              	.LASF15:
 485 0086 43595F53 		.ascii	"CY_SYSPM_WAIT_FOR_EVENT\000"
 485      5953504D 
 485      5F574149 
 485      545F464F 
 485      525F4556 
 486              	.LASF11:
 487 009e 63686172 		.ascii	"char\000"
 487      00
 488              	.LASF16:
 489 00a3 5F426F6F 		.ascii	"_Bool\000"
 489      6C00
 490              	.LASF22:
 491 00a9 6D61696E 		.ascii	"main_cm0p.c\000"
 491      5F636D30 
 491      702E6300 
 492              	.LASF25:
 493 00b5 6D61696E 		.ascii	"main\000"
 493      00
 494              	.LASF4:
 495 00ba 6C6F6E67 		.ascii	"long int\000"
 495      20696E74 
 495      00
 496              	.LASF13:
 497 00c3 646F7562 		.ascii	"double\000"
 497      6C6500
 498              	.LASF3:
 499 00ca 73686F72 		.ascii	"short unsigned int\000"
 499      7420756E 
 499      7369676E 
 499      65642069 
 499      6E7400
 500              	.LASF18:
 501 00dd 43795F53 		.ascii	"Cy_SysEnableCM4\000"
 501      7973456E 
 501      61626C65 
 501      434D3400 
 502              	.LASF23:
 503 00ed 433A5C55 		.ascii	"C:\\Users\\Admin\\Desktop\\SeatPM\\SeatPM\\Microcon"
 503      73657273 
 503      5C41646D 
 503      696E5C44 
 503      65736B74 
 504 011a 74726F6C 		.ascii	"troller\\CE215120_BLE_Device_Information_Service01\\"
 504      6C65725C 
 504      43453231 
 504      35313230 
 504      5F424C45 
 505 014c 43453231 		.ascii	"CE215120_BLE_Device_Information_Service01.cydsn\000"
 505      35313230 
 505      5F424C45 
 505      5F446576 
 505      6963655F 
 506              	.LASF14:
 507 017c 43595F53 		.ascii	"CY_SYSPM_WAIT_FOR_INTERRUPT\000"
 507      5953504D 
 507      5F574149 
ARM GAS  C:\Users\Admin\AppData\Local\Temp\ccPoPyky.s 			page 14


 507      545F464F 
 507      525F494E 
 508              	.LASF10:
 509 0198 6C6F6E67 		.ascii	"long double\000"
 509      20646F75 
 509      626C6500 
 510              	.LASF20:
 511 01a4 43795F53 		.ascii	"Cy_SysPm_DeepSleep\000"
 511      7973506D 
 511      5F446565 
 511      70536C65 
 511      657000
 512              	.LASF0:
 513 01b7 73686F72 		.ascii	"short int\000"
 513      7420696E 
 513      7400
 514              	.LASF21:
 515 01c1 474E5520 		.ascii	"GNU C11 5.4.1 20160609 (release) [ARM/embedded-5-br"
 515      43313120 
 515      352E342E 
 515      31203230 
 515      31363036 
 516 01f4 616E6368 		.ascii	"anch revision 237715] -mcpu=cortex-m0plus -mthumb -"
 516      20726576 
 516      6973696F 
 516      6E203233 
 516      37373135 
 517 0227 67202D4F 		.ascii	"g -Og -ffunction-sections -ffat-lto-objects\000"
 517      67202D66 
 517      66756E63 
 517      74696F6E 
 517      2D736563 
 518              	.LASF8:
 519 0253 756E7369 		.ascii	"unsigned int\000"
 519      676E6564 
 519      20696E74 
 519      00
 520              	.LASF9:
 521 0260 73697A65 		.ascii	"sizetype\000"
 521      74797065 
 521      00
 522              		.ident	"GCC: (GNU Tools for ARM Embedded Processors) 5.4.1 20160609 (release) [ARM/embedded-5-bran
